<html>
<body>
<pre>
<h1>µVision Build Log</h1>
<h2>Tool Versions:</h2>
IDE-Version: µVision V5.39.0.0
Copyright (C) 2023 ARM Ltd and ARM Germany GmbH. All rights reserved.
License Information: zs yeo, nus, LIC=----
 
Tool Versions:
Toolchain:       MDK-Lite  Version: 5.39.0.0
Toolchain Path:  C:\Keil_v5\ARM\ARMCLANG\Bin
C Compiler:      ArmClang.exe V6.21
Assembler:       Armasm.exe V6.21
Linker/Locator:  ArmLink.exe V6.21
Library Manager: ArmAr.exe V6.21
Hex Converter:   FromElf.exe V6.21
CPU DLL:         SARMCM3.DLL V5.39.0.0
Dialog DLL:      DARMCM1.DLL V1.19.6.0
Target DLL:      CMSIS_AGDI.dll V1.33.16.0
Dialog DLL:      TARMCM1.DLL V1.14.6.0
 
<h2>Project:</h2>
Z:\semester_4\cg2271\labs\lab3\lab3.uvprojx
Project File Date:  02/04/2024

<h2>Output:</h2>
*** Using Compiler 'V6.21', folder: 'C:\Keil_v5\ARM\ARMCLANG\Bin'
Build target 'Target 1'
lab3.c(8): warning: no previous extern declaration for non-static variable 'current_color' [-Wmissing-variable-declarations]
    8 | volatile int current_color = 0;
      |              ^
lab3.c(8): note: declare 'static' if the variable is not intended to be used outside of this translation unit
    8 | volatile int current_color = 0;
      |          ^
lab3.c(9): warning: no previous extern declaration for non-static variable 'flicker_led' [-Wmissing-variable-declarations]
    9 | volatile int flicker_led = 0;
      |              ^
lab3.c(9): note: declare 'static' if the variable is not intended to be used outside of this translation unit
    9 | volatile int flicker_led = 0;
      |          ^
lab3.c(23): warning: no previous prototype for function 'InitLED' [-Wmissing-prototypes]
   23 | void InitLED(void){
      |      ^
lab3.c(23): note: declare 'static' if the function is not intended to be used outside of this translation unit
   23 | void InitLED(void){
      | ^
      | static 
lab3.c(47): warning: binary integer literals are a GNU extension [-Wgnu-binary-literal]
   47 |         PORTD->PCR[SWITCH_PIN] |= PORT_PCR_IRQC(INTERRUPT_ON_FALLING_EDGE);
      |                                                 ^
lab3.c(6): note: expanded from macro 'INTERRUPT_ON_FALLING_EDGE'
    6 | #define INTERRUPT_ON_FALLING_EDGE 0b1010
      |                                   ^
lab3.c(49): warning: implicit conversion changes signedness: 'int' to 'uint32_t' (aka 'unsigned int') [-Wsign-conversion]
   49 |         PTD->PDDR &= ~MASK(SWITCH_PIN);
      |                   ~~ ^~~~~~~~~~~~~~~~~
lab3.c(39): warning: no previous prototype for function 'initSwitch' [-Wmissing-prototypes]
   39 | void initSwitch(void) {
      |      ^
lab3.c(39): note: declare 'static' if the function is not intended to be used outside of this translation unit
   39 | void initSwitch(void) {
      | ^
      | static 
lab3.c(56): warning: a function declaration without a prototype is deprecated in all versions of C [-Wstrict-prototypes]
   56 | void PORTD_IRQHandler() {
      |                      ^
      |                       void
lab3.c(56): warning: no previous prototype for function 'PORTD_IRQHandler' [-Wmissing-prototypes]
   56 | void PORTD_IRQHandler() {
      |      ^
lab3.c(56): note: declare 'static' if the function is not intended to be used outside of this translation unit
   56 | void PORTD_IRQHandler() {
      | ^
      | static 
lab3.c(86): warning: a function declaration without a prototype is deprecated in all versions of C [-Wstrict-prototypes]
   86 | static void flicker_in_sequence() {
      |                                ^
      |                                 void
lab3.c(94): warning: a function declaration without a prototype is deprecated in all versions of C [-Wstrict-prototypes]
   94 | static void turn_off_leds() {
      |                          ^
      |                           void
lab3.c(100): warning: a function declaration without a prototype is deprecated in all versions of C [-Wstrict-prototypes]
  100 | int main(){
      |         ^
      |          void
lab3.c(137): warning: no newline at end of file [-Wnewline-eof]
  137 | }
      |  ^
lab3.c(86): warning: unused function 'flicker_in_sequence' [-Wunused-function]
   86 | static void flicker_in_sequence() {
      |             ^~~~~~~~~~~~~~~~~~~
lab3.c(27): warning: unsafe buffer access [-Wunsafe-buffer-usage]
   27 |         PORTB->PCR[RED_LED] &= ~PORT_PCR_MUX_MASK;
      |         ^~~~~~~~~~
C:/Users/yeozh/AppData/Local/Arm/Packs/Keil/Kinetis_KLxx_DFP/1.15.0/Device/Include\MKL25Z4.h(4446): note: expanded from macro 'PORTB'
 4446 | #define PORTB                                    ((PORT_Type *)PORTB_BASE)
      |                                                  ^
lab3.c(28): warning: unsafe buffer access [-Wunsafe-buffer-usage]
   28 |         PORTB->PCR[RED_LED] |= PORT_PCR_MUX(1);
      |         ^~~~~~~~~~
C:/Users/yeozh/AppData/Local/Arm/Packs/Keil/Kinetis_KLxx_DFP/1.15.0/Device/Include\MKL25Z4.h(4446): note: expanded from macro 'PORTB'
 4446 | #define PORTB                                    ((PORT_Type *)PORTB_BASE)
      |                                                  ^
lab3.c(29): warning: unsafe buffer access [-Wunsafe-buffer-usage]
   29 |         PORTB->PCR[GREEN_LED] &= ~PORT_PCR_MUX_MASK;
      |         ^~~~~~~~~~
C:/Users/yeozh/AppData/Local/Arm/Packs/Keil/Kinetis_KLxx_DFP/1.15.0/Device/Include\MKL25Z4.h(4446): note: expanded from macro 'PORTB'
 4446 | #define PORTB                                    ((PORT_Type *)PORTB_BASE)
      |                                                  ^
lab3.c(30): warning: unsafe buffer access [-Wunsafe-buffer-usage]
   30 |         PORTB->PCR[GREEN_LED] |= PORT_PCR_MUX(1);
      |         ^~~~~~~~~~
C:/Users/yeozh/AppData/Local/Arm/Packs/Keil/Kinetis_KLxx_DFP/1.15.0/Device/Include\MKL25Z4.h(4446): note: expanded from macro 'PORTB'
 4446 | #define PORTB                                    ((PORT_Type *)PORTB_BASE)
      |                                                  ^
lab3.c(31): warning: unsafe buffer access [-Wunsafe-buffer-usage]
   31 |         PORTD->PCR[BLUE_LED] &= ~PORT_PCR_MUX_MASK;
      |         ^~~~~~~~~~
C:/Users/yeozh/AppData/Local/Arm/Packs/Keil/Kinetis_KLxx_DFP/1.15.0/Device/Include\MKL25Z4.h(4456): note: expanded from macro 'PORTD'
 4456 | #define PORTD                                    ((PORT_Type *)PORTD_BASE)
      |                                                  ^
lab3.c(32): warning: unsafe buffer access [-Wunsafe-buffer-usage]
   32 |         PORTD->PCR[BLUE_LED] |= PORT_PCR_MUX(1);
      |         ^~~~~~~~~~
C:/Users/yeozh/AppData/Local/Arm/Packs/Keil/Kinetis_KLxx_DFP/1.15.0/Device/Include\MKL25Z4.h(4456): note: expanded from macro 'PORTD'
 4456 | #define PORTD                                    ((PORT_Type *)PORTD_BASE)
      |                                                  ^
lab3.c(43): warning: unsafe buffer access [-Wunsafe-buffer-usage]
   43 |         PORTD->PCR[SWITCH_PIN] |= PORT_PCR_MUX(1);
      |         ^~~~~~~~~~
C:/Users/yeozh/AppData/Local/Arm/Packs/Keil/Kinetis_KLxx_DFP/1.15.0/Device/Include\MKL25Z4.h(4456): note: expanded from macro 'PORTD'
 4456 | #define PORTD                                    ((PORT_Type *)PORTD_BASE)
      |                                                  ^
lab3.c(45): warning: unsafe buffer access [-Wunsafe-buffer-usage]
   45 |         PORTD->PCR[SWITCH_PIN] |= PORT_PCR_PE_MASK | PORT_PCR_PS_MASK;
      |         ^~~~~~~~~~
C:/Users/yeozh/AppData/Local/Arm/Packs/Keil/Kinetis_KLxx_DFP/1.15.0/Device/Include\MKL25Z4.h(4456): note: expanded from macro 'PORTD'
 4456 | #define PORTD                                    ((PORT_Type *)PORTD_BASE)
      |                                                  ^
lab3.c(47): warning: unsafe buffer access [-Wunsafe-buffer-usage]
   47 |         PORTD->PCR[SWITCH_PIN] |= PORT_PCR_IRQC(INTERRUPT_ON_FALLING_EDGE);
      |         ^~~~~~~~~~
C:/Users/yeozh/AppData/Local/Arm/Packs/Keil/Kinetis_KLxx_DFP/1.15.0/Device/Include\MKL25Z4.h(4456): note: expanded from macro 'PORTD'
 4456 | #define PORTD                                    ((PORT_Type *)PORTD_BASE)
      |                                                  ^
22 warnings generated.
compiling lab3.c...
linking...
Program Size: Code=1176 RO-data=240 RW-data=0 ZI-data=360  
".\Objects\lab3.axf" - 0 Error(s), 22 Warning(s).

<h2>Software Packages used:</h2>

Package Vendor: ARM
                http://www.keil.com/pack/ARM.CMSIS.5.9.0.pack
                ARM::CMSIS@5.9.0
                CMSIS (Common Microcontroller Software Interface Standard)
   * Component: CORE Version: 5.6.0

Package Vendor: Keil
                http://www.keil.com/pack/Keil.Kinetis_KLxx_DFP.1.15.0.pack
                Keil::Kinetis_KLxx_DFP@1.15.0
                NXP Kinetis KLxx Series Device Support and Examples
   * Component: Startup Version: 2.5.0

<h2>Collection of Component include folders:</h2>
  ./RTE/Device/MKL25Z128xxx4
  ./RTE/_Target_1
  C:/Users/yeozh/AppData/Local/Arm/Packs/ARM/CMSIS/5.9.0/CMSIS/Core/Include
  C:/Users/yeozh/AppData/Local/Arm/Packs/Keil/Kinetis_KLxx_DFP/1.15.0/Device/Include

<h2>Collection of Component Files used:</h2>

   * Component: ARM::CMSIS:CORE@5.6.0

   * Component: Keil::Device:Startup@2.5.0
      Source file:   Device/Source/ARM/startup_MKL25Z4.s
      Include file:  Device/Source/system_MKL25Z4.h
      Source file:   Device/Source/system_MKL25Z4.c
Build Time Elapsed:  00:00:04
</pre>
</body>
</html>
