<html>
<body>
<pre>
<h1>µVision Build Log</h1>
<h2>Tool Versions:</h2>
IDE-Version: µVision V5.29.0.0
Copyright (C) 2019 ARM Ltd and ARM Germany GmbH. All rights reserved.
License Information: Daryl Tay, National University of Singapore, LIC=----
 
Tool Versions:
Toolchain:       MDK-Lite  Version: 5.29.0.0
Toolchain Path:  C:\Keil_v5\ARM\ARMCLANG\Bin
C Compiler:      ArmClang.exe V6.13.1
Assembler:       Armasm.exe V6.13.1
Linker/Locator:  ArmLink.exe V6.13.1
Library Manager: ArmAr.exe V6.13.1
Hex Converter:   FromElf.exe V6.13.1
CPU DLL:         SARMCM3.DLL V5.29.0.0
Dialog DLL:      DARMCM1.DLL V1.19.2.0
Target DLL:      CMSIS_AGDI.dll V1.32.0.0
Dialog DLL:      TARMCM1.DLL V1.14.1.0
 
<h2>Project:</h2>
C:\Users\daryl\OneDrive\Documents\CG2271\project\freedom_board\project.uvprojx
Project File Date:  03/19/2024

<h2>Output:</h2>
*** Using Compiler 'V6.13.1', folder: 'C:\Keil_v5\ARM\ARMCLANG\Bin'
Rebuild target 'Target 1'
assembling startup_MKL25Z4.s...
compiling rtx_lib.c...
main.c(1): warning: In file included from...
./macros.h(25): warning: no previous extern declaration for non-static variable 'direction' [-Wmissing-variable-declarations]
volatile uint8_t direction = 0;
                 ^
./macros.h(25): note: declare 'static' if the variable is not intended to be used outside of this translation unit
volatile uint8_t direction = 0;
         ^
./macros.h(30): warning: no previous extern declaration for non-static variable 'GREEN_LED_PINS' [-Wmissing-variable-declarations]
uint8_t GREEN_LED_PINS [8] = {5,0,2,3,12,13,16,17};
        ^
./macros.h(30): note: declare 'static' if the variable is not intended to be used outside of this translation unit
uint8_t GREEN_LED_PINS [8] = {5,0,2,3,12,13,16,17};
^
./macros.h(31): warning: no previous extern declaration for non-static variable 'GREEN_LED_GPIO' [-Wmissing-variable-declarations]
GPIO_Type* GREEN_LED_GPIO [8] = {PTD, PTD, PTD, PTD, PTC, PTC, PTC, PTC};
           ^
./macros.h(31): note: declare 'static' if the variable is not intended to be used outside of this translation unit
GPIO_Type* GREEN_LED_GPIO [8] = {PTD, PTD, PTD, PTD, PTC, PTC, PTC, PTC};
^
./macros.h(32): warning: no previous extern declaration for non-static variable 'GREEN_LED_PORTS' [-Wmissing-variable-declarations]
PORT_Type* GREEN_LED_PORTS [8] = {PORTD, PORTD, PORTD, PORTD, PORTC, PORTC, PORTC, PORTC};
           ^
./macros.h(32): note: declare 'static' if the variable is not intended to be used outside of this translation unit
PORT_Type* GREEN_LED_PORTS [8] = {PORTD, PORTD, PORTD, PORTD, PORTC, PORTC, PORTC, PORTC};
^
./macros.h(108): warning: no previous extern declaration for non-static variable 'NOTE_VALUES_2' [-Wmissing-variable-declarations]
const uint16_t NOTE_VALUES_2[] = {NOTE_D4, NOTE_E4, NOTE_G4, NOTE_E4, NOTE_B4, NOTE_B4, NOTE_A4, NOTE_D4, NOTE_E4, NOTE_G4, NOTE_E4, NOTE_A4, NOTE_A4, NOTE_G4, NOTE_FS4, NOTE_E4, NOTE_D4, NOTE_E4, NOTE_G4, NOTE_E4, NOTE_G4, NOTE_A4, NOTE_FS4, NOTE_E4, NOTE_D4, NOTE_D4, NOTE_D4, NOTE_A4, NOTE_G4, NOTE_D4, NOTE_E4, NOTE_G4, NOTE_E4, NOTE_B4, NOTE_B4, NOTE_A4, NOTE_D4, NOTE_E4, NOTE_G4, NOTE_E4, NOTE_D5, NOTE_FS4, NOTE_G4, NOTE_FS4, NOTE_E4, NOTE_D4, NOTE_E4, NOTE_G4, NOTE_E4, NOTE_G4, NOTE_A4, NOTE_FS4, NOTE_E4, NOTE_D4, NOTE_D4, NOTE_A4, NOTE_G4, NOTE_REST};
               ^
./macros.h(108): note: declare 'static' if the variable is not intended to be used outside of this translation unit
const uint16_t NOTE_VALUES_2[] = {NOTE_D4, NOTE_E4, NOTE_G4, NOTE_E4, NOTE_B4, NOTE_B4, NOTE_A4, NOTE_D4, NOTE_E4, NOTE_G4, NOTE_E4, NOTE_A4, NOTE_A4, NOTE_G4, NOTE_FS4, NOTE_E4, NOTE_D4, NOTE_E4, NOTE_G4, NOTE_E4, NOTE_G4, NOTE_A4, NOTE_FS4, NOTE_E4, NOTE_D4, NOTE_D4, NOTE_D4, NOTE_A4, NOTE_G4, NOTE_D4, NOTE_E4, NOTE_G4, NOTE_E4, NOTE_B4, NOTE_B4, NOTE_A4, NOTE_D4, NOTE_E4, NOTE_G4, NOTE_E4, NOTE_D5, NOTE_FS4, NOTE_G4, NOTE_FS4, NOTE_E4, NOTE_D4, NOTE_E4, NOTE_G4, NOTE_E4, NOTE_G4, NOTE_A4, NOTE_FS4, NOTE_E4, NOTE_D4, NOTE_D4, NOTE_A4, NOTE_G4, NOTE_REST};
      ^
./macros.h(109): warning: no previous extern declaration for non-static variable 'NOTE_DELAYS_2' [-Wmissing-variable-declarations]
const uint16_t NOTE_DELAYS_2[] = {semi_quav,semi_quav,semi_quav,semi_quav,dot_quav,dot_quav,dot_croct,semi_quav,semi_quav,semi_quav,semi_quav,dot_quav,dot_quav,dot_quav,semi_quav,quaver,semi_quav,semi_quav,semi_quav,semi_quav,crotchet,quaver,dot_quav,semi_quav,quaver,quaver,quaver,crotchet,breve,semi_quav,semi_quav,semi_quav,semi_quav,dot_quav,dot_quav,dot_croct,semi_quav,semi_quav,semi_quav,semi_quav,crotchet,quaver,dot_quav, semi_quav, quaver, semi_quav,semi_quav,semi_quav,semi_quav,crotchet,quaver,dot_quav, semi_quav, crotchet,quaver,crotchet,breve,semi_quav};
               ^
./macros.h(109): note: declare 'static' if the variable is not intended to be used outside of this translation unit
const uint16_t NOTE_DELAYS_2[] = {semi_quav,semi_quav,semi_quav,semi_quav,dot_quav,dot_quav,dot_croct,semi_quav,semi_quav,semi_quav,semi_quav,dot_quav,dot_quav,dot_quav,semi_quav,quaver,semi_quav,semi_quav,semi_quav,semi_quav,crotchet,quaver,dot_quav,semi_quav,quaver,quaver,quaver,crotchet,breve,semi_quav,semi_quav,semi_quav,semi_quav,dot_quav,dot_quav,dot_croct,semi_quav,semi_quav,semi_quav,semi_quav,crotchet,quaver,dot_quav, semi_quav, quaver, semi_quav,semi_quav,semi_quav,semi_quav,crotchet,quaver,dot_quav, semi_quav, crotchet,quaver,crotchet,breve,semi_quav};
      ^
./macros.h(119): warning: no previous extern declaration for non-static variable 'NOTE_VALUES_1' [-Wmissing-variable-declarations]
const uint16_t NOTE_VALUES_1[] = {NOTE_D4, NOTE_D4, NOTE_D5, NOTE_A4, NOTE_GS4, NOTE_G4, NOTE_F4, NOTE_D4, NOTE_F4, NOTE_G4, NOTE_C4, NOTE_C4, NOTE_D5, NOTE_A4, NOTE_GS4, NOTE_G4, NOTE_F4, NOTE_D4, NOTE_F4, NOTE_G4, NOTE_B3, NOTE_B3, NOTE_D5, NOTE_A4, NOTE_GS4, NOTE_G4,  NOTE_F4,  NOTE_D4, NOTE_F4, NOTE_G4, NOTE_AS3, NOTE_AS3, NOTE_D5, NOTE_A4, NOTE_GS4,  NOTE_G4,  NOTE_F4,  NOTE_D4, NOTE_F4, NOTE_G4};
               ^
./macros.h(119): note: declare 'static' if the variable is not intended to be used outside of this translation unit
const uint16_t NOTE_VALUES_1[] = {NOTE_D4, NOTE_D4, NOTE_D5, NOTE_A4, NOTE_GS4, NOTE_G4, NOTE_F4, NOTE_D4, NOTE_F4, NOTE_G4, NOTE_C4, NOTE_C4, NOTE_D5, NOTE_A4, NOTE_GS4, NOTE_G4, NOTE_F4, NOTE_D4, NOTE_F4, NOTE_G4, NOTE_B3, NOTE_B3, NOTE_D5, NOTE_A4, NOTE_GS4, NOTE_G4,  NOTE_F4,  NOTE_D4, NOTE_F4, NOTE_G4, NOTE_AS3, NOTE_AS3, NOTE_D5, NOTE_A4, NOTE_GS4,  NOTE_G4,  NOTE_F4,  NOTE_D4, NOTE_F4, NOTE_G4};
      ^
./macros.h(120): warning: no previous extern declaration for non-static variable 'NOTE_DELAYS_1' [-Wmissing-variable-declarations]
const uint16_t NOTE_DELAYS_1[] = {SEMI_QUAV, SEMI_QUAV, QUAVER, DOT_QUAV, QUAVER, QUAVER, QUAVER, SEMI_QUAV, SEMI_QUAV, SEMI_QUAV, SEMI_QUAV, SEMI_QUAV, QUAVER, DOT_QUAV, QUAVER, QUAVER, QUAVER, SEMI_QUAV, SEMI_QUAV, SEMI_QUAV, SEMI_QUAV, SEMI_QUAV, QUAVER, DOT_QUAV, QUAVER, QUAVER, QUAVER, SEMI_QUAV, SEMI_QUAV, SEMI_QUAV, SEMI_QUAV, SEMI_QUAV, QUAVER, DOT_QUAV, QUAVER, QUAVER, QUAVER, SEMI_QUAV, SEMI_QUAV, SEMI_QUAV};
               ^
./macros.h(120): note: declare 'static' if the variable is not intended to be used outside of this translation unit
const uint16_t NOTE_DELAYS_1[] = {SEMI_QUAV, SEMI_QUAV, QUAVER, DOT_QUAV, QUAVER, QUAVER, QUAVER, SEMI_QUAV, SEMI_QUAV, SEMI_QUAV, SEMI_QUAV, SEMI_QUAV, QUAVER, DOT_QUAV, QUAVER, QUAVER, QUAVER, SEMI_QUAV, SEMI_QUAV, SEMI_QUAV, SEMI_QUAV, SEMI_QUAV, QUAVER, DOT_QUAV, QUAVER, QUAVER, QUAVER, SEMI_QUAV, SEMI_QUAV, SEMI_QUAV, SEMI_QUAV, SEMI_QUAV, QUAVER, DOT_QUAV, QUAVER, QUAVER, QUAVER, SEMI_QUAV, SEMI_QUAV, SEMI_QUAV};
      ^
./macros.h(122): warning: no previous extern declaration for non-static variable 'ADSR_VALUES' [-Wmissing-variable-declarations]
const uint8_t ADSR_VALUES[] = {0, 50, 75, 100, 90, 80, 70, 60, 50, 40, 30, 20, 10, 0, 0, 0};
              ^
./macros.h(122): note: declare 'static' if the variable is not intended to be used outside of this translation unit
const uint8_t ADSR_VALUES[] = {0, 50, 75, 100, 90, 80, 70, 60, 50, 40, 30, 20, 10, 0, 0, 0};
      ^
./macros.h(123): warning: no previous extern declaration for non-static variable 'NOTE_VALUES' [-Wmissing-variable-declarations]
const uint16_t* NOTE_VALUES[] = {NOTE_VALUES_1, NOTE_VALUES_2};
                ^
./macros.h(123): note: declare 'static' if the variable is not intended to be used outside of this translation unit
const uint16_t* NOTE_VALUES[] = {NOTE_VALUES_1, NOTE_VALUES_2};
      ^
./macros.h(124): warning: no previous extern declaration for non-static variable 'NOTE_DELAYS' [-Wmissing-variable-declarations]
const uint16_t* NOTE_DELAYS[] = {NOTE_DELAYS_1, NOTE_DELAYS_2};
                ^
./macros.h(124): note: declare 'static' if the variable is not intended to be used outside of this translation unit
const uint16_t* NOTE_DELAYS[] = {NOTE_DELAYS_1, NOTE_DELAYS_2};
      ^
./macros.h(125): warning: no previous extern declaration for non-static variable 'NOTE_SIZES' [-Wmissing-variable-declarations]
const uint32_t NOTE_SIZES[] = {sizeof(NOTE_VALUES_1) / sizeof(NOTE_VALUES_1[0]), sizeof(NOTE_VALUES_2) / sizeof(NOTE_VALUES_2[0])};
               ^
./macros.h(125): note: declare 'static' if the variable is not intended to be used outside of this translation unit
const uint32_t NOTE_SIZES[] = {sizeof(NOTE_VALUES_1) / sizeof(NOTE_VALUES_1[0]), sizeof(NOTE_VALUES_2) / sizeof(NOTE_VALUES_2[0])};
      ^
./macros.h(127): warning: no previous extern declaration for non-static variable 'trackPtr' [-Wmissing-variable-declarations]
volatile uint16_t trackPtr = 0, notePtr = 0, should_pause_music = 0;
                  ^
./macros.h(127): note: declare 'static' if the variable is not intended to be used outside of this translation unit
volatile uint16_t trackPtr = 0, notePtr = 0, should_pause_music = 0;
         ^
./macros.h(127): warning: no previous extern declaration for non-static variable 'notePtr' [-Wmissing-variable-declarations]
volatile uint16_t trackPtr = 0, notePtr = 0, should_pause_music = 0;
                                ^
./macros.h(127): note: declare 'static' if the variable is not intended to be used outside of this translation unit
volatile uint16_t trackPtr = 0, notePtr = 0, should_pause_music = 0;
         ^
./macros.h(127): warning: no previous extern declaration for non-static variable 'should_pause_music' [-Wmissing-variable-declarations]
volatile uint16_t trackPtr = 0, notePtr = 0, should_pause_music = 0;
                                             ^
./macros.h(127): note: declare 'static' if the variable is not intended to be used outside of this translation unit
volatile uint16_t trackPtr = 0, notePtr = 0, should_pause_music = 0;
         ^
main.c(2): warning: In file included from...
./led.h(31): warning: unused parameter 'argument' [-Wunused-parameter]
void red_led_thread (void *argument){
                           ^
./led.h(31): warning: no previous prototype for function 'red_led_thread' [-Wmissing-prototypes]
void red_led_thread (void *argument){
     ^
./led.h(31): note: declare 'static' if the function is not intended to be used outside of this translation unit
void red_led_thread (void *argument){
^
static 
./led.h(31): warning: function 'red_led_thread' could be declared with attribute 'noreturn' [-Wmissing-noreturn]
void red_led_thread (void *argument){
                                    ^
./led.h(67): warning: empty expression statement has no effect; remove unnecessary ';' to silence this warning [-Wextra-semi-stmt]
                                if(!direction){break;};
                                                      ^
./led.h(54): warning: unused parameter 'argument' [-Wunused-parameter]
void green_led_thread (void *argument){
                             ^
./led.h(54): warning: no previous prototype for function 'green_led_thread' [-Wmissing-prototypes]
void green_led_thread (void *argument){
     ^
./led.h(54): note: declare 'static' if the function is not intended to be used outside of this translation unit
void green_led_thread (void *argument){
^
static 
./led.h(54): warning: function 'green_led_thread' could be declared with attribute 'noreturn' [-Wmissing-noreturn]
void green_led_thread (void *argument){
                                      ^
./led.h(78): warning: no previous prototype for function 'init_LED' [-Wmissing-prototypes]
void init_LED(void){
     ^
./led.h(78): note: declare 'static' if the function is not intended to be used outside of this translation unit
void init_LED(void){
^
static 
main.c(3): warning: In file included from...
./uart.h(3): warning: no previous prototype for function 'UART2_IRQHandler' [-Wmissing-prototypes]
void UART2_IRQHandler(void) {
     ^
./uart.h(3): note: declare 'static' if the function is not intended to be used outside of this translation unit
void UART2_IRQHandler(void) {
^
static 
./uart.h(59): warning: no newline at end of file [-Wnewline-eof]
}
 ^
./uart.h(30): warning: no previous prototype for function 'init_UART' [-Wmissing-prototypes]
void init_UART(void) {
     ^
./uart.h(30): note: declare 'static' if the function is not intended to be used outside of this translation unit
void init_UART(void) {
^
static 
main.c(4): warning: In file included from...
./motors.h(4): warning: no previous prototype for function 'initPWM' [-Wmissing-prototypes]
void initPWM(void) {
     ^
./motors.h(4): note: declare 'static' if the function is not intended to be used outside of this translation unit
void initPWM(void) {
^
static 
./motors.h(116): warning: no newline at end of file [-Wnewline-eof]
 
 ^
./motors.h(53): warning: unused parameter 'argument' [-Wunused-parameter]
void motor_thread (void *argument) {
                         ^
./motors.h(53): warning: no previous prototype for function 'motor_thread' [-Wmissing-prototypes]
void motor_thread (void *argument) {
     ^
./motors.h(53): note: declare 'static' if the function is not intended to be used outside of this translation unit
void motor_thread (void *argument) {
^
static 
./motors.h(53): warning: function 'motor_thread' could be declared with attribute 'noreturn' [-Wmissing-noreturn]
void motor_thread (void *argument) {
                                   ^
main.c(5): warning: In file included from...
./audio.h(7): warning: no previous prototype for function 'initAudioPWM' [-Wmissing-prototypes]
void initAudioPWM(void) {
     ^
./audio.h(7): note: declare 'static' if the function is not intended to be used outside of this translation unit
void initAudioPWM(void) {
^
static 
./audio.h(30): warning: unused parameter 'argument' [-Wunused-parameter]
void audioThread(void* argument) {
                       ^
./audio.h(30): warning: no previous prototype for function 'audioThread' [-Wmissing-prototypes]
void audioThread(void* argument) {
     ^
./audio.h(30): note: declare 'static' if the function is not intended to be used outside of this translation unit
void audioThread(void* argument) {
^
static 
./audio.h(30): warning: function 'audioThread' could be declared with attribute 'noreturn' [-Wmissing-noreturn]
void audioThread(void* argument) {
                                 ^
main.c(2): warning: In file included from...
./led.h(12): warning: unused function 'led_toggle' [-Wunused-function]
static void led_toggle(color_t color) {
            ^
36 warnings generated.
compiling main.c...
compiling RTX_Config.c...
compiling system_MKL25Z4.c...
linking...
Program Size: Code=8256 RO-data=912 RW-data=256 ZI-data=5216  
".\Objects\project.axf" - 0 Error(s), 36 Warning(s).

<h2>Software Packages used:</h2>

Package Vendor: ARM
                http://www.keil.com/pack/ARM.CMSIS.5.6.0.pack
                ARM.CMSIS.5.6.0
                CMSIS (Cortex Microcontroller Software Interface Standard)
   * Component: RTOS2 Version: 2.1.3
   * Component: CORE Version: 5.3.0
   * Component: Keil RTX5 Variant: Library Version: 5.5.1

Package Vendor: Keil
                http://www.keil.com/pack/Keil.Kinetis_KLxx_DFP.1.15.0.pack
                Keil.Kinetis_KLxx_DFP.1.15.0
                NXP Kinetis KLxx Series Device Support and Examples
   * Component: Startup Version: 2.5.0

<h2>Collection of Component include folders:</h2>
  .\RTE\CMSIS
  .\RTE\Device\MKL25Z128xxx4
  .\RTE\_Target_1
  C:\Users\daryl\AppData\Local\Arm\Packs\ARM\CMSIS\5.6.0\CMSIS\Core\Include
  C:\Users\daryl\AppData\Local\Arm\Packs\ARM\CMSIS\5.6.0\CMSIS\RTOS2\Include
  C:\Users\daryl\AppData\Local\Arm\Packs\ARM\CMSIS\5.6.0\CMSIS\RTOS2\RTX\Include
  C:\Users\daryl\AppData\Local\Arm\Packs\Keil\Kinetis_KLxx_DFP\1.15.0\Device\Include

<h2>Collection of Component Files used:</h2>

   * Component: ::CMSIS:RTOS2:2.1.3 (API)
      Include file:  CMSIS\RTOS2\Include\cmsis_os2.h

   * Component: ARM::CMSIS:CORE:5.3.0

   * Component: ARM::CMSIS:RTOS2:Keil RTX5:Library:5.5.1
      Include file:  CMSIS\RTOS2\RTX\Include\rtx_os.h
      Include file:  CMSIS\RTOS2\RTX\Config\RTX_Config.h
      Source file:   CMSIS\RTOS2\RTX\Config\RTX_Config.c
      Source file:   CMSIS\RTOS2\RTX\Template\main.c
      Source file:   CMSIS\RTOS2\RTX\Template\Events.c
      Source file:   CMSIS\RTOS2\RTX\Template\MemPool.c
      Source file:   CMSIS\RTOS2\RTX\Template\MsgQueue.c
      Source file:   CMSIS\RTOS2\RTX\Template\Mutex.c
      Source file:   CMSIS\RTOS2\RTX\Template\Timer.c
      Source file:   CMSIS\RTOS2\RTX\Source\rtx_lib.c
      Source file:   CMSIS\RTOS2\RTX\Template\svc_user.c
      Library file:  CMSIS\RTOS2\RTX\Library\ARM\RTX_CM0.lib
      Source file:   CMSIS\RTOS2\RTX\Template\Semaphore.c
      Source file:   CMSIS\RTOS2\RTX\Template\Thread.c

   * Component: Keil::Device:Startup:2.5.0
      Source file:   Device\Source\system_MKL25Z4.c
      Source file:   Device\Source\ARM\startup_MKL25Z4.s
      Include file:  Device\Source\system_MKL25Z4.h
Build Time Elapsed:  00:00:08
</pre>
</body>
</html>
