<html>
<body>
<pre>
<h1>µVision Build Log</h1>
<h2>Tool Versions:</h2>
IDE-Version: µVision V5.39.0.0
Copyright (C) 2023 ARM Ltd and ARM Germany GmbH. All rights reserved.
License Information: zs yeo, nus, LIC=----
 
Tool Versions:
Toolchain:       MDK-Lite  Version: 5.39.0.0
Toolchain Path:  C:\Keil_v5\ARM\ARMCLANG\Bin
C Compiler:      ArmClang.exe V6.21
Assembler:       Armasm.exe V6.21
Linker/Locator:  ArmLink.exe V6.21
Library Manager: ArmAr.exe V6.21
Hex Converter:   FromElf.exe V6.21
CPU DLL:         SARMCM3.DLL V5.39.0.0
Dialog DLL:      DARMCM1.DLL V1.19.6.0
Target DLL:      CMSIS_AGDI.dll V1.33.16.0
Dialog DLL:      TARMCM1.DLL V1.14.6.0
 
<h2>Project:</h2>
Z:\semester_4\cg2271\labs\lab6\lab6.uvprojx
Project File Date:  02/29/2024

<h2>Output:</h2>
*** Using Compiler 'V6.21', folder: 'C:\Keil_v5\ARM\ARMCLANG\Bin'
Rebuild target 'Target 1'
assembling startup_MKL25Z4.s...
compiling RTX_Config.c...
compiling system_MKL25Z4.c...
main.c(8): warning: In file included from...
./macros.h(20): warning: no previous extern declaration for non-static variable 'direction' [-Wmissing-variable-declarations]
   20 | volatile uint8_t direction = 0;
      |                  ^
./macros.h(20): note: declare 'static' if the variable is not intended to be used outside of this translation unit
   20 | volatile uint8_t direction = 0;
      |          ^
main.c(9): warning: In file included from...
./led.h(22): warning: a function declaration without a prototype is deprecated in all versions of C [-Wstrict-prototypes]
   22 | static void turn_off_leds() {
      |                          ^
      |                           void
./led.h(42): warning: no newline at end of file [-Wnewline-eof]
   42 | }
      |  ^
./led.h(28): warning: no previous prototype for function 'init_LED' [-Wmissing-prototypes]
   28 | void init_LED(void){
      |      ^
./led.h(28): note: declare 'static' if the function is not intended to be used outside of this translation unit
   28 | void init_LED(void){
      | ^
      | static 
./led.h(22): warning: unused function 'turn_off_leds' [-Wunused-function]
   22 | static void turn_off_leds() {
      |             ^~~~~~~~~~~~~
./led.h(32): warning: unsafe buffer access [-Wunsafe-buffer-usage]
   32 |         PORTB->PCR[RED_LED] &= ~PORT_PCR_MUX_MASK;
      |         ^~~~~~~~~~
C:/Users/yeozh/AppData/Local/Arm/Packs/Keil/Kinetis_KLxx_DFP/1.15.0/Device/Include\MKL25Z4.h(4446): note: expanded from macro 'PORTB'
 4446 | #define PORTB                                    ((PORT_Type *)PORTB_BASE)
      |                                                  ^
main.c(9): warning: In file included from...
./led.h(33): warning: unsafe buffer access [-Wunsafe-buffer-usage]
   33 |         PORTB->PCR[RED_LED] |= PORT_PCR_MUX(1);
      |         ^~~~~~~~~~
C:/Users/yeozh/AppData/Local/Arm/Packs/Keil/Kinetis_KLxx_DFP/1.15.0/Device/Include\MKL25Z4.h(4446): note: expanded from macro 'PORTB'
 4446 | #define PORTB                                    ((PORT_Type *)PORTB_BASE)
      |                                                  ^
main.c(9): warning: In file included from...
./led.h(34): warning: unsafe buffer access [-Wunsafe-buffer-usage]
   34 |         PORTB->PCR[GREEN_LED] &= ~PORT_PCR_MUX_MASK;
      |         ^~~~~~~~~~
C:/Users/yeozh/AppData/Local/Arm/Packs/Keil/Kinetis_KLxx_DFP/1.15.0/Device/Include\MKL25Z4.h(4446): note: expanded from macro 'PORTB'
 4446 | #define PORTB                                    ((PORT_Type *)PORTB_BASE)
      |                                                  ^
main.c(9): warning: In file included from...
./led.h(35): warning: unsafe buffer access [-Wunsafe-buffer-usage]
   35 |         PORTB->PCR[GREEN_LED] |= PORT_PCR_MUX(1);
      |         ^~~~~~~~~~
C:/Users/yeozh/AppData/Local/Arm/Packs/Keil/Kinetis_KLxx_DFP/1.15.0/Device/Include\MKL25Z4.h(4446): note: expanded from macro 'PORTB'
 4446 | #define PORTB                                    ((PORT_Type *)PORTB_BASE)
      |                                                  ^
main.c(9): warning: In file included from...
./led.h(36): warning: unsafe buffer access [-Wunsafe-buffer-usage]
   36 |         PORTD->PCR[BLUE_LED] &= ~PORT_PCR_MUX_MASK;
      |         ^~~~~~~~~~
C:/Users/yeozh/AppData/Local/Arm/Packs/Keil/Kinetis_KLxx_DFP/1.15.0/Device/Include\MKL25Z4.h(4456): note: expanded from macro 'PORTD'
 4456 | #define PORTD                                    ((PORT_Type *)PORTD_BASE)
      |                                                  ^
main.c(9): warning: In file included from...
./led.h(37): warning: unsafe buffer access [-Wunsafe-buffer-usage]
   37 |         PORTD->PCR[BLUE_LED] |= PORT_PCR_MUX(1);
      |         ^~~~~~~~~~
C:/Users/yeozh/AppData/Local/Arm/Packs/Keil/Kinetis_KLxx_DFP/1.15.0/Device/Include\MKL25Z4.h(4456): note: expanded from macro 'PORTD'
 4456 | #define PORTD                                    ((PORT_Type *)PORTD_BASE)
      |                                                  ^
11 warnings generated.
compiling main.c...
C:/Users/yeozh/AppData/Local/Arm/Packs/ARM/CMSIS/5.9.0/CMSIS/RTOS2/RTX/Source/rtx_lib.c(731): warning: unsafe buffer access [-Wunsafe-buffer-usage]
  731 |       if (os_libspace_id[n] == NULL) {
      |           ^~~~~~~~~~~~~~
C:/Users/yeozh/AppData/Local/Arm/Packs/ARM/CMSIS/5.9.0/CMSIS/RTOS2/RTX/Source/rtx_lib.c(732): warning: unsafe buffer access [-Wunsafe-buffer-usage]
  732 |         os_libspace_id[n] = id;
      |         ^~~~~~~~~~~~~~
C:/Users/yeozh/AppData/Local/Arm/Packs/ARM/CMSIS/5.9.0/CMSIS/RTOS2/RTX/Source/rtx_lib.c(734): warning: unsafe buffer access [-Wunsafe-buffer-usage]
  734 |       if (os_libspace_id[n] == id) {
      |           ^~~~~~~~~~~~~~
C:/Users/yeozh/AppData/Local/Arm/Packs/ARM/CMSIS/5.9.0/CMSIS/RTOS2/RTX/Source/rtx_lib.c(746): warning: unsafe buffer access [-Wunsafe-buffer-usage]
  746 |   return (void *)&os_libspace[n][0];
      |                   ^~~~~~~~~~~
4 warnings generated.
compiling rtx_lib.c...
linking...
Program Size: Code=8124 RO-data=504 RW-data=168 ZI-data=34488  
".\Objects\lab6.axf" - 0 Error(s), 15 Warning(s).

<h2>Software Packages used:</h2>

Package Vendor: ARM
                http://www.keil.com/pack/ARM.CMSIS.5.9.0.pack
                ARM::CMSIS@5.9.0
                CMSIS (Common Microcontroller Software Interface Standard)
   * Component: RTOS2 Version: 2.1.3
   * Component: CORE Version: 5.6.0
   * Component: Keil RTX5 Variant: Library Version: 5.5.4

Package Vendor: Keil
                http://www.keil.com/pack/Keil.Kinetis_KLxx_DFP.1.15.0.pack
                Keil::Kinetis_KLxx_DFP@1.15.0
                NXP Kinetis KLxx Series Device Support and Examples
   * Component: Startup Version: 2.5.0

<h2>Collection of Component include folders:</h2>
  ./RTE/CMSIS
  ./RTE/Device/MKL25Z128xxx4
  ./RTE/_Target_1
  C:/Users/yeozh/AppData/Local/Arm/Packs/ARM/CMSIS/5.9.0/CMSIS/Core/Include
  C:/Users/yeozh/AppData/Local/Arm/Packs/ARM/CMSIS/5.9.0/CMSIS/RTOS2/Include
  C:/Users/yeozh/AppData/Local/Arm/Packs/ARM/CMSIS/5.9.0/CMSIS/RTOS2/RTX/Include
  C:/Users/yeozh/AppData/Local/Arm/Packs/Keil/Kinetis_KLxx_DFP/1.15.0/Device/Include

<h2>Collection of Component Files used:</h2>

   * Component: ::CMSIS:RTOS2(API)@2.1.3
      Include file:  CMSIS/RTOS2/Include/cmsis_os2.h

   * Component: ARM::CMSIS:CORE@5.6.0

   * Component: ARM::CMSIS:RTOS2:Keil RTX5&Library@5.5.4
      Source file:   CMSIS/RTOS2/RTX/Template/MsgQueue.c
      Source file:   CMSIS/RTOS2/RTX/Template/Mutex.c
      Include file:  CMSIS/RTOS2/RTX/Include/rtx_os.h
      Include file:  CMSIS/RTOS2/RTX/Config/RTX_Config.h
      Source file:   CMSIS/RTOS2/RTX/Config/RTX_Config.c
      Source file:   CMSIS/RTOS2/RTX/Template/main.c
      Source file:   CMSIS/RTOS2/RTX/Template/Events.c
      Source file:   CMSIS/RTOS2/RTX/Template/MemPool.c
      Source file:   CMSIS/RTOS2/RTX/Template/Thread.c
      Source file:   CMSIS/RTOS2/RTX/Template/Timer.c
      Source file:   CMSIS/RTOS2/RTX/Source/rtx_lib.c
      Source file:   CMSIS/RTOS2/RTX/Template/Semaphore.c
      Source file:   CMSIS/RTOS2/RTX/Template/svc_user.c
      Library file:  CMSIS/RTOS2/RTX/Library/ARM/RTX_CM0.lib

   * Component: Keil::Device:Startup@2.5.0
      Include file:  Device/Source/system_MKL25Z4.h
      Source file:   Device/Source/system_MKL25Z4.c
      Source file:   Device/Source/ARM/startup_MKL25Z4.s
Build Time Elapsed:  00:00:03
</pre>
</body>
</html>
