<html>
<body>
<pre>
<h1>µVision Build Log</h1>
<h2>Tool Versions:</h2>
IDE-Version: µVision V5.39.0.0
Copyright (C) 2023 ARM Ltd and ARM Germany GmbH. All rights reserved.
License Information: zs yeo, nus, LIC=----
 
Tool Versions:
Toolchain:       MDK-Lite  Version: 5.39.0.0
Toolchain Path:  C:\Keil_v5\ARM\ARMCLANG\Bin
C Compiler:      ArmClang.exe V6.21
Assembler:       Armasm.exe V6.21
Linker/Locator:  ArmLink.exe V6.21
Library Manager: ArmAr.exe V6.21
Hex Converter:   FromElf.exe V6.21
CPU DLL:         SARMCM3.DLL V5.39.0.0
Dialog DLL:      DARMCM1.DLL V1.19.6.0
Target DLL:      CMSIS_AGDI.dll V1.33.16.0
Dialog DLL:      TARMCM1.DLL V1.14.6.0
 
<h2>Project:</h2>
Z:\semester_4\cg2271\labs\lab4\lab4.uvprojx
Project File Date:  02/11/2024

<h2>Output:</h2>
*** Using Compiler 'V6.21', folder: 'C:\Keil_v5\ARM\ARMCLANG\Bin'
Build target 'Target 1'
pwm.c(10): warning: no previous extern declaration for non-static variable 'notes_freq' [-Wmissing-variable-declarations]
   10 | int notes_freq[] = {262, 294, 330, 349, 392, 440, 494}; // Note C, D, E, F, G, A, B respectively
      |     ^
pwm.c(10): note: declare 'static' if the variable is not intended to be used outside of this translation unit
   10 | int notes_freq[] = {262, 294, 330, 349, 392, 440, 494}; // Note C, D, E, F, G, A, B respectively
      | ^
pwm.c(16): warning: implicit conversion turns floating-point number into integer: 'double' to 'int' [-Wfloat-conversion]
   16 |         return period/time_for_timer_tick;
      |         ~~~~~~ ~~~~~~^~~~~~~~~~~~~~~~~~~~
pwm.c(12): warning: no previous prototype for function 'get_mod_from_freq' [-Wmissing-prototypes]
   12 | int get_mod_from_freq(int freq){
      |     ^
pwm.c(12): note: declare 'static' if the function is not intended to be used outside of this translation unit
   12 | int get_mod_from_freq(int freq){
      | ^
      | static 
pwm.c(20): warning: no previous prototype for function 'initPWM' [-Wmissing-prototypes]
   20 | void initPWM(void) {
      |      ^
pwm.c(20): note: declare 'static' if the function is not intended to be used outside of this translation unit
   20 | void initPWM(void) {
      | ^
      | static 
pwm.c(79): warning: implicit conversion changes signedness: 'int' to 'uint32_t' (aka 'unsigned int') [-Wsign-conversion]
   79 |       TPM1->MOD = get_mod_from_freq(notes_freq[i]);
      |                 ~ ^~~~~~~~~~~~~~~~~~~~~~~~~~~~~~~~
pwm.c(60): warning: unused function 'delay100' [-Wunused-function]
   60 | static void delay100 (volatile uint32_t nof) {
      |             ^~~~~~~~
pwm.c(29): warning: unsafe buffer access [-Wunsafe-buffer-usage]
   29 |   PORTB->PCR[PTB1_Pin] &= ~PORT_PCR_MUX_MASK; //Clear bit 10 to 8
      |   ^~~~~~~~~~
C:/Users/yeozh/AppData/Local/Arm/Packs/Keil/Kinetis_KLxx_DFP/1.15.0/Device/Include\MKL25Z4.h(4446): note: expanded from macro 'PORTB'
 4446 | #define PORTB                                    ((PORT_Type *)PORTB_BASE)
      |                                                  ^
pwm.c(30): warning: unsafe buffer access [-Wunsafe-buffer-usage]
   30 |   PORTB->PCR[PTB1_Pin] |= PORT_PCR_MUX(3); //We want to enable the Timer/PWM module so we use 3 to select Alternative 3 to enable GPIO, datasheet pg 163
      |   ^~~~~~~~~~
C:/Users/yeozh/AppData/Local/Arm/Packs/Keil/Kinetis_KLxx_DFP/1.15.0/Device/Include\MKL25Z4.h(4446): note: expanded from macro 'PORTB'
 4446 | #define PORTB                                    ((PORT_Type *)PORTB_BASE)
      |                                                  ^
pwm.c(75): warning: unsafe buffer access [-Wunsafe-buffer-usage]
   75 |   TPM1_C1V = 0x753; //half of 3750, 1/4 of 7500 -> 25% duty cycle
      |   ^~~~~~~~
C:/Users/yeozh/AppData/Local/Arm/Packs/Keil/Kinetis_KLxx_DFP/1.15.0/Device/Include\MKL25Z4.h(6308): note: expanded from macro 'TPM1_C1V'
 6308 | #define TPM1_C1V                                 TPM_CnV_REG(TPM1,1)
      |                                                  ^~~~~~~~~~~~~~~~~~~
C:/Users/yeozh/AppData/Local/Arm/Packs/Keil/Kinetis_KLxx_DFP/1.15.0/Device/Include\MKL25Z4.h(6097): note: expanded from macro 'TPM_CnV_REG'
 6097 | #define TPM_CnV_REG(base,index)                  ((base)->CONTROLS[index].CnV)
      |                                                   ^~~~~~~~~~~~~~~~
pwm.c(79): warning: unsafe buffer access [-Wunsafe-buffer-usage]
   79 |       TPM1->MOD = get_mod_from_freq(notes_freq[i]);
      |                                     ^~~~~~~~~~
10 warnings generated.
compiling pwm.c...
linking...
Program Size: Code=3284 RO-data=352 RW-data=32 ZI-data=352  
".\Objects\lab4.axf" - 0 Error(s), 10 Warning(s).

<h2>Software Packages used:</h2>

Package Vendor: ARM
                http://www.keil.com/pack/ARM.CMSIS.5.9.0.pack
                ARM::CMSIS@5.9.0
                CMSIS (Common Microcontroller Software Interface Standard)
   * Component: CORE Version: 5.6.0

Package Vendor: Keil
                http://www.keil.com/pack/Keil.Kinetis_KLxx_DFP.1.15.0.pack
                Keil::Kinetis_KLxx_DFP@1.15.0
                NXP Kinetis KLxx Series Device Support and Examples
   * Component: Startup Version: 2.5.0

<h2>Collection of Component include folders:</h2>
  ./RTE/Device/MKL25Z128xxx4
  ./RTE/_Target_1
  C:/Users/yeozh/AppData/Local/Arm/Packs/ARM/CMSIS/5.9.0/CMSIS/Core/Include
  C:/Users/yeozh/AppData/Local/Arm/Packs/Keil/Kinetis_KLxx_DFP/1.15.0/Device/Include

<h2>Collection of Component Files used:</h2>

   * Component: ARM::CMSIS:CORE@5.6.0

   * Component: Keil::Device:Startup@2.5.0
      Source file:   Device/Source/ARM/startup_MKL25Z4.s
      Source file:   Device/Source/system_MKL25Z4.c
      Include file:  Device/Source/system_MKL25Z4.h
Build Time Elapsed:  00:00:04
</pre>
</body>
</html>
