Component: Arm Compiler for Embedded 6.21 Tool: armlink [5ec1fa00]

==============================================================================

Section Cross References

    main.o(.ARM.exidx.text.init_LED) refers to main.o(.text.init_LED) for [Anonymous Symbol]
    main.o(.text.main) refers to system_mkl25z4.o(.text.SystemCoreClockUpdate) for SystemCoreClockUpdate
    main.o(.text.main) refers to main.o(.text.init_LED) for init_LED
    main.o(.text.main) refers to rtx_kernel.o(.text.osKernelInitialize) for osKernelInitialize
    main.o(.text.main) refers to rtx_thread.o(.text.osThreadNew) for osThreadNew
    main.o(.text.main) refers to rtx_kernel.o(.text.osKernelStart) for osKernelStart
    main.o(.text.main) refers to main.o(.text.app_main) for app_main
    main.o(.ARM.exidx.text.main) refers to main.o(.text.main) for [Anonymous Symbol]
    main.o(.text.app_main) refers to main.o(.text.led_toggle) for led_toggle
    main.o(.text.app_main) refers to rtx_delay.o(.text.osDelay) for osDelay
    main.o(.ARM.exidx.text.app_main) refers to main.o(.text.app_main) for [Anonymous Symbol]
    main.o(.ARM.exidx.text.led_toggle) refers to main.o(.text.led_toggle) for [Anonymous Symbol]
    rtx_lib.o(.text._platform_post_stackheap_init) refers to rtx_kernel.o(.text.osKernelInitialize) for osKernelInitialize
    rtx_lib.o(.ARM.exidx.text._platform_post_stackheap_init) refers to rtx_lib.o(.text._platform_post_stackheap_init) for [Anonymous Symbol]
    rtx_lib.o(.text.__user_perthread_libspace) refers to rtx_lib.o(.text.os_kernel_is_active) for os_kernel_is_active
    rtx_lib.o(.text.__user_perthread_libspace) refers to rtx_thread.o(.text.osThreadGetId) for osThreadGetId
    rtx_lib.o(.text.__user_perthread_libspace) refers to rtx_kernel.o(.text.osRtxKernelErrorNotify) for osRtxKernelErrorNotify
    rtx_lib.o(.text.__user_perthread_libspace) refers to rtx_lib.o(.bss.os.libspace) for [Anonymous Symbol]
    rtx_lib.o(.ARM.exidx.text.__user_perthread_libspace) refers to rtx_lib.o(.text.__user_perthread_libspace) for [Anonymous Symbol]
    rtx_lib.o(.text.os_kernel_is_active) refers to rtx_kernel.o(.text.osKernelGetState) for osKernelGetState
    rtx_lib.o(.text.os_kernel_is_active) refers to rtx_lib.o(.bss.os_kernel_is_active.os_kernel_active) for [Anonymous Symbol]
    rtx_lib.o(.ARM.exidx.text.os_kernel_is_active) refers to rtx_lib.o(.text.os_kernel_is_active) for [Anonymous Symbol]
    rtx_lib.o(.text._mutex_initialize) refers to rtx_mutex.o(.text.osMutexNew) for osMutexNew
    rtx_lib.o(.text._mutex_initialize) refers to rtx_kernel.o(.text.osRtxKernelErrorNotify) for osRtxKernelErrorNotify
    rtx_lib.o(.ARM.exidx.text._mutex_initialize) refers to rtx_lib.o(.text._mutex_initialize) for [Anonymous Symbol]
    rtx_lib.o(.text._mutex_acquire) refers to rtx_lib.o(.text.os_kernel_is_active) for os_kernel_is_active
    rtx_lib.o(.text._mutex_acquire) refers to rtx_mutex.o(.text.osMutexAcquire) for osMutexAcquire
    rtx_lib.o(.ARM.exidx.text._mutex_acquire) refers to rtx_lib.o(.text._mutex_acquire) for [Anonymous Symbol]
    rtx_lib.o(.text._mutex_release) refers to rtx_lib.o(.text.os_kernel_is_active) for os_kernel_is_active
    rtx_lib.o(.text._mutex_release) refers to rtx_mutex.o(.text.osMutexRelease) for osMutexRelease
    rtx_lib.o(.ARM.exidx.text._mutex_release) refers to rtx_lib.o(.text._mutex_release) for [Anonymous Symbol]
    rtx_lib.o(.text._mutex_free) refers to rtx_mutex.o(.text.osMutexDelete) for osMutexDelete
    rtx_lib.o(.ARM.exidx.text._mutex_free) refers to rtx_lib.o(.text._mutex_free) for [Anonymous Symbol]
    rtx_lib.o(.rodata.os_idle_thread_attr) refers to rtx_lib.o(.bss.os.thread.cb) for [Anonymous Symbol]
    rtx_lib.o(.rodata.os_idle_thread_attr) refers to rtx_lib.o(.bss.os.thread.idle.stack) for [Anonymous Symbol]
    rtx_lib.o(.rodata.os_timer_thread_attr) refers to rtx_lib.o(.bss.os.thread.cb) for [Anonymous Symbol]
    rtx_lib.o(.rodata.os_timer_thread_attr) refers to rtx_lib.o(.bss.os.thread.timer.stack) for [Anonymous Symbol]
    rtx_lib.o(.rodata.os_timer_mq_attr) refers to rtx_lib.o(.bss.os.msgqueue.cb) for [Anonymous Symbol]
    rtx_lib.o(.rodata.os_timer_mq_attr) refers to rtx_lib.o(.bss.os.msgqueue.mem) for [Anonymous Symbol]
    rtx_lib.o(.rodata) refers to rtx_lib.o(.bss.os) for [Anonymous Symbol]
    rtx_lib.o(.rodata) refers to rtx_lib.o(.rodata.os_idle_thread_attr) for [Anonymous Symbol]
    rtx_lib.o(.rodata) refers to rtx_lib.o(.rodata.os_timer_thread_attr) for [Anonymous Symbol]
    rtx_lib.o(.rodata) refers to rtx_timer.o(.text.osRtxTimerThread) for osRtxTimerThread
    rtx_lib.o(.rodata) refers to rtx_timer.o(.text.osRtxTimerSetup) for osRtxTimerSetup
    rtx_lib.o(.rodata) refers to rtx_lib.o(.rodata.os_timer_mq_attr) for [Anonymous Symbol]
    rtx_lib.o(.rodata.irqRtxLibRef) refers to irq_armv6m.o(.rodata) for irqRtxLib
    rtx_config.o(.ARM.exidx.text.osRtxIdleThread) refers to rtx_config.o(.text.osRtxIdleThread) for [Anonymous Symbol]
[...]
    Removing rtx_msgqueue.o(.ARM.exidx.text.osMessageQueueGetCapacity), (8 bytes).
    Removing rtx_msgqueue.o(.text.svcRtxMessageQueueGetCapacity), (18 bytes).
    Removing rtx_msgqueue.o(.ARM.exidx.text.svcRtxMessageQueueGetCapacity), (8 bytes).
    Removing rtx_msgqueue.o(.text.osMessageQueueGetMsgSize), (48 bytes).
    Removing rtx_msgqueue.o(.ARM.exidx.text.osMessageQueueGetMsgSize), (8 bytes).
    Removing rtx_msgqueue.o(.text.svcRtxMessageQueueGetMsgSize), (18 bytes).
    Removing rtx_msgqueue.o(.ARM.exidx.text.svcRtxMessageQueueGetMsgSize), (8 bytes).
    Removing rtx_msgqueue.o(.text.osMessageQueueGetCount), (48 bytes).
    Removing rtx_msgqueue.o(.ARM.exidx.text.osMessageQueueGetCount), (8 bytes).
    Removing rtx_msgqueue.o(.text.svcRtxMessageQueueGetCount), (18 bytes).
    Removing rtx_msgqueue.o(.ARM.exidx.text.svcRtxMessageQueueGetCount), (8 bytes).
    Removing rtx_msgqueue.o(.text.osMessageQueueGetSpace), (36 bytes).
    Removing rtx_msgqueue.o(.ARM.exidx.text.osMessageQueueGetSpace), (8 bytes).
    Removing rtx_msgqueue.o(.text.svcRtxMessageQueueGetSpace), (22 bytes).
    Removing rtx_msgqueue.o(.ARM.exidx.text.svcRtxMessageQueueGetSpace), (8 bytes).
    Removing rtx_msgqueue.o(.text.osMessageQueueReset), (40 bytes).
    Removing rtx_msgqueue.o(.ARM.exidx.text.osMessageQueueReset), (8 bytes).
    Removing rtx_msgqueue.o(.text.osMessageQueueDelete), (40 bytes).
    Removing rtx_msgqueue.o(.ARM.exidx.text.osMessageQueueDelete), (8 bytes).
    Removing rtx_msgqueue.o(.ARM.exidx.text.osRtxMessageQueuePostProcess), (8 bytes).
    Removing rtx_msgqueue.o(.ARM.exidx.text.MessageQueueRemove), (8 bytes).
    Removing rtx_msgqueue.o(.ARM.exidx.text.MessageQueuePut), (8 bytes).
    Removing rtx_msgqueue.o(.text.svcRtxMessageQueueGetName), (18 bytes).
    Removing rtx_msgqueue.o(.ARM.exidx.text.svcRtxMessageQueueGetName), (8 bytes).
    Removing rtx_msgqueue.o(.ARM.exidx.text.svcRtxMessageQueuePut), (8 bytes).
    Removing rtx_msgqueue.o(.ARM.exidx.text.MessageQueueGet), (8 bytes).
    Removing rtx_msgqueue.o(.ARM.exidx.text.svcRtxMessageQueueGet), (8 bytes).
    Removing rtx_msgqueue.o(.text.svcRtxMessageQueueReset), (160 bytes).
    Removing rtx_msgqueue.o(.ARM.exidx.text.svcRtxMessageQueueReset), (8 bytes).
    Removing rtx_msgqueue.o(.text.svcRtxMessageQueueDelete), (112 bytes).
    Removing rtx_msgqueue.o(.ARM.exidx.text.svcRtxMessageQueueDelete), (8 bytes).
    Removing rtx_system.o(.text), (0 bytes).
    Removing rtx_system.o(.ARM.exidx.text.osRtxTick_Handler), (8 bytes).
    Removing rtx_system.o(.ARM.exidx.text.osRtxPendSV_Handler), (8 bytes).
    Removing rtx_system.o(.ARM.exidx.text.osRtxPostProcess), (8 bytes).
    Removing os_systick.o(.text), (0 bytes).
    Removing os_systick.o(.ARM.exidx.text.OS_Tick_Setup), (8 bytes).
    Removing os_systick.o(.ARM.exidx.text.OS_Tick_Enable), (8 bytes).
    Removing os_systick.o(.text.OS_Tick_Disable), (40 bytes).
    Removing os_systick.o(.ARM.exidx.text.OS_Tick_Disable), (8 bytes).
    Removing os_systick.o(.ARM.exidx.text.OS_Tick_AcknowledgeIRQ), (8 bytes).
    Removing os_systick.o(.ARM.exidx.text.OS_Tick_GetIRQn), (8 bytes).
    Removing os_systick.o(.text.OS_Tick_GetClock), (12 bytes).
    Removing os_systick.o(.ARM.exidx.text.OS_Tick_GetClock), (8 bytes).
    Removing os_systick.o(.text.OS_Tick_GetInterval), (12 bytes).
    Removing os_systick.o(.ARM.exidx.text.OS_Tick_GetInterval), (8 bytes).
    Removing os_systick.o(.text.OS_Tick_GetCount), (16 bytes).
    Removing os_systick.o(.ARM.exidx.text.OS_Tick_GetCount), (8 bytes).
    Removing os_systick.o(.text.OS_Tick_GetOverflow), (16 bytes).
    Removing os_systick.o(.ARM.exidx.text.OS_Tick_GetOverflow), (8 bytes).

343 unused section(s) (total 7994 bytes) removed from the image.

==============================================================================

Image Symbol Table

    Local Symbols

    Symbol Name                              Value     Ov Type        Size  Object(Section)

    ../clib/angel/boardlib.s                 0x00000000   Number         0  boardinit1.o ABSOLUTE
    ../clib/angel/boardlib.s                 0x00000000   Number         0  boardinit3.o ABSOLUTE
    ../clib/angel/boardlib.s                 0x00000000   Number         0  boardshut.o ABSOLUTE
    ../clib/angel/handlers.s                 0x00000000   Number         0  __scatter_copy.o ABSOLUTE
    ../clib/angel/handlers.s                 0x00000000   Number         0  __scatter_zi.o ABSOLUTE
    ../clib/angel/kernel.s                   0x00000000   Number         0  __rtentry.o ABSOLUTE
    ../clib/angel/kernel.s                   0x00000000   Number         0  __rtentry2.o ABSOLUTE
    ../clib/angel/kernel.s                   0x00000000   Number         0  __rtentry4.o ABSOLUTE
    ../clib/angel/kernel.s                   0x00000000   Number         0  rtexit.o ABSOLUTE
    ../clib/angel/kernel.s                   0x00000000   Number         0  rtexit2.o ABSOLUTE
    ../clib/angel/rt.s                       0x00000000   Number         0  aeabi_idiv0.o ABSOLUTE
    ../clib/angel/rt.s                       0x00000000   Number         0  aeabi_idiv0_sigfpe.o ABSOLUTE
    ../clib/angel/rt.s                       0x00000000   Number         0  rt_div0.o ABSOLUTE
    ../clib/angel/rt.s                       0x00000000   Number         0  rt_raise.o ABSOLUTE
    ../clib/angel/scatterp.s                 0x00000000   Number         0  __scatter.o ABSOLUTE
    ../clib/angel/startup.s                  0x00000000   Number         0  __main.o ABSOLUTE
    ../clib/angel/sys.s                      0x00000000   Number         0  sys_stackheap_outer.o ABSOLUTE
    ../clib/angel/sys.s                      0x00000000   Number         0  libspace.o ABSOLUTE
    ../clib/angel/sys.s                      0x00000000   Number         0  tempstk.o ABSOLUTE
    ../clib/angel/sys.s                      0x00000000   Number         0  use_no_semi.o ABSOLUTE
    ../clib/angel/sys.s                      0x00000000   Number         0  indicate_semi.o ABSOLUTE
    ../clib/angel/sysapp.c                   0x00000000   Number         0  sys_exit.o ABSOLUTE
    ../clib/angel/sysapp.c                   0x00000000   Number         0  sys_exit_hlt.o ABSOLUTE
    ../clib/angel/sysapp.c                   0x00000000   Number         0  sys_wrch.o ABSOLUTE
    ../clib/angel/sysapp.c                   0x00000000   Number         0  sys_wrch_hlt.o ABSOLUTE
    ../clib/angel/sysapp.c                   0x00000000   Number         0  sys_command.o ABSOLUTE
    ../clib/angel/sysapp.c                   0x00000000   Number         0  sys_command_hlt.o ABSOLUTE
    ../clib/armsys.c                         0x00000000   Number         0  argv_veneer.o ABSOLUTE
    ../clib/armsys.c                         0x00000000   Number         0  _get_argv_nomalloc.o ABSOLUTE
    ../clib/armsys.c                         0x00000000   Number         0  no_argv.o ABSOLUTE
    ../clib/division.s                       0x00000000   Number         0  aeabi_sdiv.o ABSOLUTE
    ../clib/division.s                       0x00000000   Number         0  aeabi_sdiv_div0.o ABSOLUTE
    ../clib/heapalloc.c                      0x00000000   Number         0  hrguard.o ABSOLUTE
    ../clib/heapaux.c                        0x00000000   Number         0  heapauxi.o ABSOLUTE
    ../clib/libinit.s                        0x00000000   Number         0  libinit.o ABSOLUTE
    ../clib/libinit.s                        0x00000000   Number         0  libinit2.o ABSOLUTE
    ../clib/libinit.s                        0x00000000   Number         0  libshutdown.o ABSOLUTE
    ../clib/libinit.s                        0x00000000   Number         0  libshutdown2.o ABSOLUTE
    ../clib/memcpset.c                       0x00000000   Number         0  rt_memcpy.o ABSOLUTE
    ../clib/memcpset.c                       0x00000000   Number         0  rt_memcpy.o ABSOLUTE
    ../clib/memcpset.c                       0x00000000   Number         0  rt_memclr.o ABSOLUTE
    ../clib/signal.c                         0x00000000   Number         0  defsig_fpe_outer.o ABSOLUTE
    ../clib/signal.c                         0x00000000   Number         0  defsig_fpe_formal.o ABSOLUTE
    ../clib/signal.c                         0x00000000   Number         0  defsig_exit.o ABSOLUTE
    ../clib/signal.c                         0x00000000   Number         0  defsig_fpe_inner.o ABSOLUTE
    ../clib/signal.c                         0x00000000   Number         0  __raise.o ABSOLUTE
    ../clib/signal.c                         0x00000000   Number         0  defsig_general.o ABSOLUTE
    ../clib/signal.c                         0x00000000   Number         0  defsig_abrt_inner.o ABSOLUTE
    ../clib/signal.c                         0x00000000   Number         0  defsig_rtred_inner.o ABSOLUTE
    ../clib/signal.c                         0x00000000   Number         0  defsig_rtmem_inner.o ABSOLUTE
    ../clib/signal.c                         0x00000000   Number         0  defsig_rtmem_outer.o ABSOLUTE
    ../clib/signal.c                         0x00000000   Number         0  defsig_rtmem_formal.o ABSOLUTE
    ../clib/signal.c                         0x00000000   Number         0  defsig_stak_inner.o ABSOLUTE
    ../clib/signal.c                         0x00000000   Number         0  defsig_pvfn_inner.o ABSOLUTE
    ../clib/signal.c                         0x00000000   Number         0  defsig_cppl_inner.o ABSOLUTE
    ../clib/signal.c                         0x00000000   Number         0  defsig_segv_inner.o ABSOLUTE
    ../clib/signal.c                         0x00000000   Number         0  defsig_other.o ABSOLUTE
    ../clib/signal.s                         0x00000000   Number         0  defsig.o ABSOLUTE
    ../clib/stdlib.c                         0x00000000   Number         0  exit.o ABSOLUTE
    ../fplib/cfplib/fpinit.c                 0x00000000   Number         0  fpinit.o ABSOLUTE
    RTE/Device/MKL25Z128xxx4/startup_MKL25Z4.s 0x00000000   Number         0  startup_mkl25z4.o ABSOLUTE
    RTX_Config.c                             0x00000000   Number         0  rtx_config.o ABSOLUTE
    dc.s                                     0x00000000   Number         0  dc.o ABSOLUTE
    main.c                                   0x00000000   Number         0  main.o ABSOLUTE
    os_systick.c                             0x00000000   Number         0  os_systick.o ABSOLUTE
    rtx_delay.c                              0x00000000   Number         0  rtx_delay.o ABSOLUTE
    rtx_kernel.c                             0x00000000   Number         0  rtx_kernel.o ABSOLUTE
    rtx_lib.c                                0x00000000   Number         0  rtx_lib.o ABSOLUTE
    rtx_memory.c                             0x00000000   Number         0  rtx_memory.o ABSOLUTE
    rtx_mempool.c                            0x00000000   Number         0  rtx_mempool.o ABSOLUTE
    rtx_msgqueue.c                           0x00000000   Number         0  rtx_msgqueue.o ABSOLUTE
    rtx_mutex.c                              0x00000000   Number         0  rtx_mutex.o ABSOLUTE
    rtx_system.c                             0x00000000   Number         0  rtx_system.o ABSOLUTE
    rtx_thread.c                             0x00000000   Number         0  rtx_thread.o ABSOLUTE
    rtx_timer.c                              0x00000000   Number         0  rtx_timer.o ABSOLUTE
    system_MKL25Z4.c                         0x00000000   Number         0  system_mkl25z4.o ABSOLUTE
    RESET                                    0x00000000   Section      192  startup_mkl25z4.o(RESET)
    osRtxErrorStackOverflow                  0x00000001   Number         0  irq_armv6m.o ABSOLUTE
    I_T_RUN_OFS                              0x00000014   Number         0  irq_armv6m.o ABSOLUTE
    TCB_SP_OFS                               0x00000038   Number         0  irq_armv6m.o ABSOLUTE
    !!!main                                  0x000000c0   Section        8  __main.o(!!!main)
    !!!scatter                               0x000000c8   Section       84  __scatter.o(!!!scatter)
    !!handler_copy                           0x0000011c   Section       26  __scatter_copy.o(!!handler_copy)
    !!handler_null                           0x00000138   Section        2  __scatter.o(!!handler_null)
    !!handler_zi                             0x0000013c   Section       28  __scatter_zi.o(!!handler_zi)
    .ARM.Collect$$libinit$$00000000          0x00000158   Section        2  libinit.o(.ARM.Collect$$libinit$$00000000)
    .ARM.Collect$$libinit$$00000002          0x0000015a   Section        0  libinit2.o(.ARM.Collect$$libinit$$00000002)
    .ARM.Collect$$libinit$$00000004          0x0000015a   Section        0  libinit2.o(.ARM.Collect$$libinit$$00000004)
    .ARM.Collect$$libinit$$00000006          0x0000015a   Section        0  libinit2.o(.ARM.Collect$$libinit$$00000006)
    .ARM.Collect$$libinit$$0000000C          0x0000015a   Section        0  libinit2.o(.ARM.Collect$$libinit$$0000000C)
    .ARM.Collect$$libinit$$0000000E          0x0000015a   Section        0  libinit2.o(.ARM.Collect$$libinit$$0000000E)
    .ARM.Collect$$libinit$$00000010          0x0000015a   Section        0  libinit2.o(.ARM.Collect$$libinit$$00000010)
    .ARM.Collect$$libinit$$00000013          0x0000015a   Section        0  libinit2.o(.ARM.Collect$$libinit$$00000013)
    .ARM.Collect$$libinit$$00000015          0x0000015a   Section        0  libinit2.o(.ARM.Collect$$libinit$$00000015)
    .ARM.Collect$$libinit$$00000017          0x0000015a   Section        0  libinit2.o(.ARM.Collect$$libinit$$00000017)
    .ARM.Collect$$libinit$$00000019          0x0000015a   Section        0  libinit2.o(.ARM.Collect$$libinit$$00000019)
    .ARM.Collect$$libinit$$0000001B          0x0000015a   Section        0  libinit2.o(.ARM.Collect$$libinit$$0000001B)
    .ARM.Collect$$libinit$$0000001D          0x0000015a   Section        0  libinit2.o(.ARM.Collect$$libinit$$0000001D)
    .ARM.Collect$$libinit$$0000001F          0x0000015a   Section        0  libinit2.o(.ARM.Collect$$libinit$$0000001F)
    .ARM.Collect$$libinit$$00000021          0x0000015a   Section        0  libinit2.o(.ARM.Collect$$libinit$$00000021)
    .ARM.Collect$$libinit$$00000023          0x0000015a   Section        0  libinit2.o(.ARM.Collect$$libinit$$00000023)
    .ARM.Collect$$libinit$$00000025          0x0000015a   Section        0  libinit2.o(.ARM.Collect$$libinit$$00000025)
    .ARM.Collect$$libinit$$00000027          0x0000015a   Section        0  libinit2.o(.ARM.Collect$$libinit$$00000027)
    .ARM.Collect$$libinit$$0000002E          0x0000015a   Section        0  libinit2.o(.ARM.Collect$$libinit$$0000002E)
    .ARM.Collect$$libinit$$00000030          0x0000015a   Section        0  libinit2.o(.ARM.Collect$$libinit$$00000030)
    .ARM.Collect$$libinit$$00000032          0x0000015a   Section        0  libinit2.o(.ARM.Collect$$libinit$$00000032)
    .ARM.Collect$$libinit$$00000034          0x0000015a   Section        0  libinit2.o(.ARM.Collect$$libinit$$00000034)
    .ARM.Collect$$libinit$$00000035          0x0000015a   Section        2  libinit2.o(.ARM.Collect$$libinit$$00000035)
    .ARM.Collect$$libshutdown$$00000000      0x0000015c   Section        2  libshutdown.o(.ARM.Collect$$libshutdown$$00000000)
    .ARM.Collect$$libshutdown$$00000002      0x0000015e   Section        0  libshutdown2.o(.ARM.Collect$$libshutdown$$00000002)
    .ARM.Collect$$libshutdown$$00000004      0x0000015e   Section        0  libshutdown2.o(.ARM.Collect$$libshutdown$$00000004)
    .ARM.Collect$$libshutdown$$00000007      0x0000015e   Section        0  libshutdown2.o(.ARM.Collect$$libshutdown$$00000007)
    .ARM.Collect$$libshutdown$$0000000A      0x0000015e   Section        0  libshutdown2.o(.ARM.Collect$$libshutdown$$0000000A)
    .ARM.Collect$$libshutdown$$0000000C      0x0000015e   Section        0  libshutdown2.o(.ARM.Collect$$libshutdown$$0000000C)
    .ARM.Collect$$libshutdown$$0000000F      0x0000015e   Section        0  libshutdown2.o(.ARM.Collect$$libshutdown$$0000000F)
    .ARM.Collect$$libshutdown$$00000010      0x0000015e   Section        2  libshutdown2.o(.ARM.Collect$$libshutdown$$00000010)
    .ARM.Collect$$rtentry$$00000000          0x00000160   Section        0  __rtentry.o(.ARM.Collect$$rtentry$$00000000)
    .ARM.Collect$$rtentry$$00000002          0x00000160   Section        0  __rtentry2.o(.ARM.Collect$$rtentry$$00000002)
    .ARM.Collect$$rtentry$$00000004          0x00000160   Section        6  __rtentry4.o(.ARM.Collect$$rtentry$$00000004)
    .ARM.Collect$$rtentry$$00000008          0x00000166   Section        8  __rtentry2.o(.ARM.Collect$$rtentry$$00000008)
    .ARM.Collect$$rtentry$$0000000A          0x0000016e   Section        4  __rtentry2.o(.ARM.Collect$$rtentry$$0000000A)
    .ARM.Collect$$rtentry$$0000000C          0x00000172   Section        0  __rtentry2.o(.ARM.Collect$$rtentry$$0000000C)
    .ARM.Collect$$rtentry$$0000000D          0x00000172   Section        8  __rtentry2.o(.ARM.Collect$$rtentry$$0000000D)
    .ARM.Collect$$rtexit$$00000000           0x0000017a   Section        2  rtexit.o(.ARM.Collect$$rtexit$$00000000)
    .ARM.Collect$$rtexit$$00000002           0x0000017c   Section        0  rtexit2.o(.ARM.Collect$$rtexit$$00000002)
    .ARM.Collect$$rtexit$$00000003           0x0000017c   Section        4  rtexit2.o(.ARM.Collect$$rtexit$$00000003)
    .ARM.Collect$$rtexit$$00000004           0x00000180   Section        6  rtexit2.o(.ARM.Collect$$rtexit$$00000004)
    .emb_text                                0x00000188   Section       56  rt_memcpy.o(.emb_text)
    .text                                    0x000001c0   Section       64  startup_mkl25z4.o(.text)
    [Anonymous Symbol]                       0x00000200   Section        0  irq_armv6m.o(.text)
    SVC_Number                               0x0000020a   Number         0  irq_armv6m.o(.text)
    SVC_Context                              0x00000220   Number         0  irq_armv6m.o(.text)
    SVC_ContextSave                          0x00000230   Number         0  irq_armv6m.o(.text)
    SVC_ContextRestore                       0x00000244   Number         0  irq_armv6m.o(.text)
    SVC_MSP                                  0x00000260   Number         0  irq_armv6m.o(.text)
    SVC_Exit                                 0x00000266   Number         0  irq_armv6m.o(.text)
    SVC_User                                 0x00000268   Number         0  irq_armv6m.o(.text)
    .text                                    0x000002a4   Section        0  rt_memcpy.o(.text)
    .text                                    0x00000326   Section        0  rt_memclr.o(.text)
    .text                                    0x00000366   Section        0  heapauxi.o(.text)
    .text                                    0x0000036c   Section       62  sys_stackheap_outer.o(.text)
    .text                                    0x000003aa   Section        0  exit.o(.text)
    .text                                    0x000003bc   Section        8  libspace.o(.text)
    .text                                    0x000003c4   Section        0  sys_exit.o(.text)
    .text                                    0x000003d0   Section        2  use_no_semi.o(.text)
    MessageQueueRemove                       0x000003d3   Thumb Code    30  rtx_msgqueue.o(.text.MessageQueueRemove)
    [Anonymous Symbol]                       0x000003d2   Section        0  rtx_msgqueue.o(.text.MessageQueueRemove)
    .text                                    0x000003d2   Section        0  indicate_semi.o(.text)
    [Anonymous Symbol]                       0x000003f0   Section        0  os_systick.o(.text.OS_Tick_AcknowledgeIRQ)
    [Anonymous Symbol]                       0x000003f8   Section        0  rtx_kernel.o(.text.osRtxKernelPreInit)
    [Anonymous Symbol]                       0x000003fa   Section        0  os_systick.o(.text.OS_Tick_GetIRQn)
    .ARM.__at_0x400                          0x00000400   Section       16  startup_mkl25z4.o(.ARM.__at_0x400)
    .text                                    0x00000410   Section      364  aeabi_sdiv.o(.text)
    MessageQueueGet                          0x0000057d   Thumb Code    66  rtx_msgqueue.o(.text.MessageQueueGet)
    [Anonymous Symbol]                       0x0000057c   Section        0  rtx_msgqueue.o(.text.MessageQueueGet)
    MessageQueuePut                          0x000005bf   Thumb Code    94  rtx_msgqueue.o(.text.MessageQueuePut)
    [Anonymous Symbol]                       0x000005be   Section        0  rtx_msgqueue.o(.text.MessageQueuePut)
    [Anonymous Symbol]                       0x0000061c   Section        0  os_systick.o(.text.OS_Tick_Enable)
    __arm_cp.1_1                             0x0000063c   Number         4  os_systick.o(.text.OS_Tick_Enable)
    [Anonymous Symbol]                       0x00000640   Section        0  os_systick.o(.text.OS_Tick_Setup)
    __arm_cp.0_1                             0x0000067c   Number         4  os_systick.o(.text.OS_Tick_Setup)
    __arm_cp.0_2                             0x00000680   Number         4  os_systick.o(.text.OS_Tick_Setup)
    __arm_cp.0_3                             0x00000684   Number         4  os_systick.o(.text.OS_Tick_Setup)
    [Anonymous Symbol]                       0x00000688   Section        0  system_mkl25z4.o(.text.SystemCoreClockUpdate)
    __arm_cp.1_0                             0x00000884   Number         4  system_mkl25z4.o(.text.SystemCoreClockUpdate)
    __arm_cp.1_1                             0x00000888   Number         4  system_mkl25z4.o(.text.SystemCoreClockUpdate)
    __arm_cp.1_2                             0x0000088c   Number         4  system_mkl25z4.o(.text.SystemCoreClockUpdate)
    __arm_cp.1_3                             0x00000890   Number         4  system_mkl25z4.o(.text.SystemCoreClockUpdate)
    __arm_cp.1_4                             0x00000894   Number         4  system_mkl25z4.o(.text.SystemCoreClockUpdate)
    __arm_cp.1_5                             0x00000898   Number         4  system_mkl25z4.o(.text.SystemCoreClockUpdate)
    __arm_cp.1_6                             0x0000089c   Number         4  system_mkl25z4.o(.text.SystemCoreClockUpdate)
    __arm_cp.1_7                             0x000008a0   Number         4  system_mkl25z4.o(.text.SystemCoreClockUpdate)
    __arm_cp.1_8                             0x000008a4   Number         4  system_mkl25z4.o(.text.SystemCoreClockUpdate)
    __arm_cp.1_9                             0x000008a8   Number         4  system_mkl25z4.o(.text.SystemCoreClockUpdate)
    __arm_cp.1_10                            0x000008ac   Number         4  system_mkl25z4.o(.text.SystemCoreClockUpdate)
    __arm_cp.1_11                            0x000008b0   Number         4  system_mkl25z4.o(.text.SystemCoreClockUpdate)
    [Anonymous Symbol]                       0x000008b4   Section        0  system_mkl25z4.o(.text.SystemInit)
    __arm_cp.0_0                             0x000008bc   Number         4  system_mkl25z4.o(.text.SystemInit)
    ThreadFlagsCheck                         0x000008c1   Thumb Code    74  rtx_thread.o(.text.ThreadFlagsCheck)
    [Anonymous Symbol]                       0x000008c0   Section        0  rtx_thread.o(.text.ThreadFlagsCheck)
    TimerInsert                              0x0000090d   Thumb Code    72  rtx_timer.o(.text.TimerInsert)
    [Anonymous Symbol]                       0x0000090c   Section        0  rtx_timer.o(.text.TimerInsert)
    __tagsym$$used.1                         0x00000954   Number         0  rtx_lib.o(.text._mutex_acquire)
    [Anonymous Symbol]                       0x00000954   Section        0  rtx_lib.o(.text._mutex_acquire)
    __tagsym$$used.3                         0x00000976   Number         0  rtx_lib.o(.text._mutex_free)
    [Anonymous Symbol]                       0x00000976   Section        0  rtx_lib.o(.text._mutex_free)
    __tagsym$$used.0                         0x00000988   Number         0  rtx_lib.o(.text._mutex_initialize)
    [Anonymous Symbol]                       0x00000988   Section        0  rtx_lib.o(.text._mutex_initialize)
    __tagsym$$used.2                         0x000009bc   Number         0  rtx_lib.o(.text._mutex_release)
    [Anonymous Symbol]                       0x000009bc   Section        0  rtx_lib.o(.text._mutex_release)
    [Anonymous Symbol]                       0x000009da   Section        0  rtx_lib.o(.text._platform_post_stackheap_init)
    app_main                                 0x000009e3   Thumb Code    38  main.o(.text.app_main)
    [Anonymous Symbol]                       0x000009e2   Section        0  main.o(.text.app_main)
    [Anonymous Symbol]                       0x00000a08   Section        0  main.o(.text.init_LED)
    __arm_cp.0_0                             0x00000a5c   Number         4  main.o(.text.init_LED)
    __arm_cp.0_1                             0x00000a60   Number         4  main.o(.text.init_LED)
    __arm_cp.0_2                             0x00000a64   Number         4  main.o(.text.init_LED)
    __arm_cp.0_3                             0x00000a68   Number         4  main.o(.text.init_LED)
    __arm_cp.0_4                             0x00000a6c   Number         4  main.o(.text.init_LED)
    __arm_cp.0_5                             0x00000a70   Number         4  main.o(.text.init_LED)
    __arm_cp.0_6                             0x00000a74   Number         4  main.o(.text.init_LED)
    led_toggle                               0x00000a79   Thumb Code    80  main.o(.text.led_toggle)
    [Anonymous Symbol]                       0x00000a78   Section        0  main.o(.text.led_toggle)
    __arm_cp.3_0                             0x00000ac8   Number         4  main.o(.text.led_toggle)
    __arm_cp.3_1                             0x00000acc   Number         4  main.o(.text.led_toggle)
    [Anonymous Symbol]                       0x00000ad0   Section        0  main.o(.text.main)
    __arm_cp.1_0                             0x00000af8   Number         4  main.o(.text.main)
    [Anonymous Symbol]                       0x00000afc   Section        0  rtx_delay.o(.text.osDelay)
    __arm_cp.0_0                             0x00000b20   Number         4  rtx_delay.o(.text.osDelay)
    [Anonymous Symbol]                       0x00000b24   Section        0  rtx_kernel.o(.text.osKernelGetState)
    __arm_cp.5_0                             0x00000b4c   Number         4  rtx_kernel.o(.text.osKernelGetState)
    __arm_cp.5_1                             0x00000b50   Number         4  rtx_kernel.o(.text.osKernelGetState)
    [Anonymous Symbol]                       0x00000b54   Section        0  rtx_kernel.o(.text.osKernelInitialize)
    __arm_cp.2_0                             0x00000b78   Number         4  rtx_kernel.o(.text.osKernelInitialize)
    [Anonymous Symbol]                       0x00000b7c   Section        0  rtx_kernel.o(.text.osKernelStart)
    __arm_cp.7_0                             0x00000b9c   Number         4  rtx_kernel.o(.text.osKernelStart)
    [Anonymous Symbol]                       0x00000ba0   Section        0  rtx_msgqueue.o(.text.osMessageQueueGet)
    __arm_cp.5_0                             0x00000c10   Number         4  rtx_msgqueue.o(.text.osMessageQueueGet)
    [Anonymous Symbol]                       0x00000c14   Section        0  rtx_msgqueue.o(.text.osMessageQueuePut)
    __arm_cp.4_0                             0x00000c84   Number         4  rtx_msgqueue.o(.text.osMessageQueuePut)
    [Anonymous Symbol]                       0x00000c88   Section        0  rtx_mutex.o(.text.osMutexAcquire)
    __arm_cp.4_0                             0x00000cac   Number         4  rtx_mutex.o(.text.osMutexAcquire)
    [Anonymous Symbol]                       0x00000cb0   Section        0  rtx_mutex.o(.text.osMutexDelete)
    __arm_cp.7_0                             0x00000cd4   Number         4  rtx_mutex.o(.text.osMutexDelete)
    [Anonymous Symbol]                       0x00000cd8   Section        0  rtx_mutex.o(.text.osMutexNew)
    __arm_cp.2_0                             0x00000cf8   Number         4  rtx_mutex.o(.text.osMutexNew)
    [Anonymous Symbol]                       0x00000cfc   Section        0  rtx_mutex.o(.text.osMutexRelease)
    __arm_cp.5_0                             0x00000d20   Number         4  rtx_mutex.o(.text.osMutexRelease)
    [Anonymous Symbol]                       0x00000d24   Section        0  rtx_config.o(.text.osRtxErrorNotify)
    [Anonymous Symbol]                       0x00000d64   Section        0  rtx_config.o(.text.osRtxIdleThread)
    [Anonymous Symbol]                       0x00000d6c   Section        0  rtx_kernel.o(.text.osRtxKernelErrorNotify)
    [Anonymous Symbol]                       0x00000d74   Section        0  rtx_memory.o(.text.osRtxMemoryAlloc)
    [Anonymous Symbol]                       0x00000dec   Section        0  rtx_memory.o(.text.osRtxMemoryFree)
    [Anonymous Symbol]                       0x00000e3a   Section        0  rtx_memory.o(.text.osRtxMemoryInit)
    [Anonymous Symbol]                       0x00000e68   Section        0  rtx_mempool.o(.text.osRtxMemoryPoolAlloc)
    [Anonymous Symbol]                       0x00000e92   Section        0  rtx_mempool.o(.text.osRtxMemoryPoolFree)
    [Anonymous Symbol]                       0x00000ec8   Section        0  rtx_mempool.o(.text.osRtxMemoryPoolInit)
    osRtxMessageQueuePostProcess             0x00000f05   Thumb Code   188  rtx_msgqueue.o(.text.osRtxMessageQueuePostProcess)
    [Anonymous Symbol]                       0x00000f04   Section        0  rtx_msgqueue.o(.text.osRtxMessageQueuePostProcess)
    [Anonymous Symbol]                       0x00000fc0   Section        0  rtx_msgqueue.o(.text.osRtxMessageQueueTimerSetup)
    __arm_cp.0_0                             0x00000fe0   Number         4  rtx_msgqueue.o(.text.osRtxMessageQueueTimerSetup)
    [Anonymous Symbol]                       0x00000fe4   Section        0  rtx_mutex.o(.text.osRtxMutexOwnerRelease)
    [Anonymous Symbol]                       0x00001028   Section        0  rtx_mutex.o(.text.osRtxMutexOwnerRestore)
    [Anonymous Symbol]                       0x00001070   Section        0  rtx_system.o(.text.osRtxPendSV_Handler)
    [Anonymous Symbol]                       0x000010f0   Section        0  rtx_system.o(.text.osRtxPostProcess)
    __arm_cp.2_1                             0x00001158   Number         4  rtx_system.o(.text.osRtxPostProcess)
    osRtxThreadBlock                         0x0000115d   Thumb Code    52  rtx_thread.o(.text.osRtxThreadBlock)
    [Anonymous Symbol]                       0x0000115c   Section        0  rtx_thread.o(.text.osRtxThreadBlock)
    osRtxThreadDelayInsert                   0x00001191   Thumb Code   140  rtx_thread.o(.text.osRtxThreadDelayInsert)
    [Anonymous Symbol]                       0x00001190   Section        0  rtx_thread.o(.text.osRtxThreadDelayInsert)
    osRtxThreadDelayRemove                   0x0000121d   Thumb Code    68  rtx_thread.o(.text.osRtxThreadDelayRemove)
    [Anonymous Symbol]                       0x0000121c   Section        0  rtx_thread.o(.text.osRtxThreadDelayRemove)
    [Anonymous Symbol]                       0x00001260   Section        0  rtx_thread.o(.text.osRtxThreadDelayTick)
    osRtxThreadDestroy                       0x000012b5   Thumb Code    40  rtx_thread.o(.text.osRtxThreadDestroy)
    [Anonymous Symbol]                       0x000012b4   Section        0  rtx_thread.o(.text.osRtxThreadDestroy)
    [Anonymous Symbol]                       0x000012dc   Section        0  rtx_thread.o(.text.osRtxThreadDispatch)
    osRtxThreadFree                          0x00001329   Thumb Code    80  rtx_thread.o(.text.osRtxThreadFree)
    [Anonymous Symbol]                       0x00001328   Section        0  rtx_thread.o(.text.osRtxThreadFree)
    __arm_cp.51_0                            0x00001378   Number         4  rtx_thread.o(.text.osRtxThreadFree)
    osRtxThreadJoinWakeup                    0x0000137d   Thumb Code    32  rtx_thread.o(.text.osRtxThreadJoinWakeup)
    [Anonymous Symbol]                       0x0000137c   Section        0  rtx_thread.o(.text.osRtxThreadJoinWakeup)
    [Anonymous Symbol]                       0x0000139c   Section        0  rtx_thread.o(.text.osRtxThreadListGet)
    [Anonymous Symbol]                       0x000013b0   Section        0  rtx_thread.o(.text.osRtxThreadListPut)
    [Anonymous Symbol]                       0x000013dc   Section        0  rtx_thread.o(.text.osRtxThreadListRemove)
    [Anonymous Symbol]                       0x000013f4   Section        0  rtx_thread.o(.text.osRtxThreadListSort)
    osRtxThreadPostProcess                   0x00001419   Thumb Code    38  rtx_thread.o(.text.osRtxThreadPostProcess)
    [Anonymous Symbol]                       0x00001418   Section        0  rtx_thread.o(.text.osRtxThreadPostProcess)
    [Anonymous Symbol]                       0x00001440   Section        0  rtx_thread.o(.text.osRtxThreadReadyPut)
    [Anonymous Symbol]                       0x00001454   Section        0  rtx_thread.o(.text.osRtxThreadRegPtr)
    [Anonymous Symbol]                       0x0000145c   Section        0  rtx_thread.o(.text.osRtxThreadStartup)
    __arm_cp.14_1                            0x00001494   Number         4  rtx_thread.o(.text.osRtxThreadStartup)
    [Anonymous Symbol]                       0x00001498   Section        0  rtx_thread.o(.text.osRtxThreadSwitch)
    __arm_cp.7_0                             0x000014a4   Number         4  rtx_thread.o(.text.osRtxThreadSwitch)
    [Anonymous Symbol]                       0x000014a8   Section        0  rtx_thread.o(.text.osRtxThreadWaitEnter)
    __arm_cp.12_0                            0x000014e4   Number         4  rtx_thread.o(.text.osRtxThreadWaitEnter)
    [Anonymous Symbol]                       0x000014e8   Section        0  rtx_thread.o(.text.osRtxThreadWaitExit)
    [Anonymous Symbol]                       0x0000150c   Section        0  rtx_system.o(.text.osRtxTick_Handler)
    __arm_cp.0_0                             0x00001588   Number         4  rtx_system.o(.text.osRtxTick_Handler)
    [Anonymous Symbol]                       0x0000158c   Section        0  rtx_timer.o(.text.osRtxTimerSetup)
    __arm_cp.0_0                             0x000015a8   Number         4  rtx_timer.o(.text.osRtxTimerSetup)
    __arm_cp.0_1                             0x000015ac   Number         4  rtx_timer.o(.text.osRtxTimerSetup)
    [Anonymous Symbol]                       0x000015b0   Section        0  rtx_timer.o(.text.osRtxTimerThread)
    osRtxTimerTick                           0x000015cd   Thumb Code   112  rtx_timer.o(.text.osRtxTimerTick)
    [Anonymous Symbol]                       0x000015cc   Section        0  rtx_timer.o(.text.osRtxTimerTick)
    __arm_cp.1_0                             0x0000163c   Number         4  rtx_timer.o(.text.osRtxTimerTick)
    [Anonymous Symbol]                       0x00001640   Section        0  rtx_thread.o(.text.osThreadExit)
    __arm_cp.30_0                            0x00001648   Number         4  rtx_thread.o(.text.osThreadExit)
    [Anonymous Symbol]                       0x0000164c   Section        0  rtx_thread.o(.text.osThreadNew)
    __arm_cp.16_0                            0x0000166c   Number         4  rtx_thread.o(.text.osThreadNew)
    os_kernel_is_active                      0x00001671   Thumb Code    40  rtx_lib.o(.text.os_kernel_is_active)
    [Anonymous Symbol]                       0x00001670   Section        0  rtx_lib.o(.text.os_kernel_is_active)
    __arm_cp.2_0                             0x00001698   Number         4  rtx_lib.o(.text.os_kernel_is_active)
    svcRtxDelay                              0x0000169d   Thumb Code    24  rtx_delay.o(.text.svcRtxDelay)
    [Anonymous Symbol]                       0x0000169c   Section        0  rtx_delay.o(.text.svcRtxDelay)
    svcRtxKernelGetState                     0x000016b5   Thumb Code     8  rtx_kernel.o(.text.svcRtxKernelGetState)
    [Anonymous Symbol]                       0x000016b4   Section        0  rtx_kernel.o(.text.svcRtxKernelGetState)
    __arm_cp.6_0                             0x000016bc   Number         4  rtx_kernel.o(.text.svcRtxKernelGetState)
    svcRtxKernelInitialize                   0x000016c1   Thumb Code   308  rtx_kernel.o(.text.svcRtxKernelInitialize)
    [Anonymous Symbol]                       0x000016c0   Section        0  rtx_kernel.o(.text.svcRtxKernelInitialize)
    __arm_cp.21_0                            0x000017f4   Number         4  rtx_kernel.o(.text.svcRtxKernelInitialize)
    __arm_cp.21_1                            0x000017f8   Number         4  rtx_kernel.o(.text.svcRtxKernelInitialize)
    __arm_cp.21_2                            0x000017fc   Number         4  rtx_kernel.o(.text.svcRtxKernelInitialize)
    svcRtxKernelStart                        0x00001801   Thumb Code   116  rtx_kernel.o(.text.svcRtxKernelStart)
    [Anonymous Symbol]                       0x00001800   Section        0  rtx_kernel.o(.text.svcRtxKernelStart)
    __arm_cp.22_0                            0x00001874   Number         4  rtx_kernel.o(.text.svcRtxKernelStart)
    __arm_cp.22_1                            0x00001878   Number         4  rtx_kernel.o(.text.svcRtxKernelStart)
    __arm_cp.22_2                            0x0000187c   Number         4  rtx_kernel.o(.text.svcRtxKernelStart)
    __arm_cp.22_3                            0x00001880   Number         4  rtx_kernel.o(.text.svcRtxKernelStart)
    svcRtxMessageQueueGet                    0x00001885   Thumb Code   200  rtx_msgqueue.o(.text.svcRtxMessageQueueGet)
    [Anonymous Symbol]                       0x00001884   Section        0  rtx_msgqueue.o(.text.svcRtxMessageQueueGet)
    __arm_cp.22_0                            0x0000194c   Number         4  rtx_msgqueue.o(.text.svcRtxMessageQueueGet)
    svcRtxMessageQueueNew                    0x00001951   Thumb Code   428  rtx_msgqueue.o(.text.svcRtxMessageQueueNew)
    [Anonymous Symbol]                       0x00001950   Section        0  rtx_msgqueue.o(.text.svcRtxMessageQueueNew)
    __arm_cp.1_0                             0x00001afc   Number         4  rtx_msgqueue.o(.text.svcRtxMessageQueueNew)
    __arm_cp.1_1                             0x00001b00   Number         4  rtx_msgqueue.o(.text.svcRtxMessageQueueNew)
    __arm_cp.1_2                             0x00001b04   Number         4  rtx_msgqueue.o(.text.svcRtxMessageQueueNew)
    __arm_cp.1_3                             0x00001b08   Number         4  rtx_msgqueue.o(.text.svcRtxMessageQueueNew)
    __arm_cp.1_5                             0x00001b0c   Number         4  rtx_msgqueue.o(.text.svcRtxMessageQueueNew)
    svcRtxMessageQueuePut                    0x00001b11   Thumb Code   172  rtx_msgqueue.o(.text.svcRtxMessageQueuePut)
    [Anonymous Symbol]                       0x00001b10   Section        0  rtx_msgqueue.o(.text.svcRtxMessageQueuePut)
    __arm_cp.20_0                            0x00001bbc   Number         4  rtx_msgqueue.o(.text.svcRtxMessageQueuePut)
    svcRtxMutexAcquire                       0x00001bc1   Thumb Code   148  rtx_mutex.o(.text.svcRtxMutexAcquire)
    [Anonymous Symbol]                       0x00001bc0   Section        0  rtx_mutex.o(.text.svcRtxMutexAcquire)
    svcRtxMutexDelete                        0x00001c55   Thumb Code   176  rtx_mutex.o(.text.svcRtxMutexDelete)
    [Anonymous Symbol]                       0x00001c54   Section        0  rtx_mutex.o(.text.svcRtxMutexDelete)
    __arm_cp.13_0                            0x00001d04   Number         4  rtx_mutex.o(.text.svcRtxMutexDelete)
    svcRtxMutexNew                           0x00001d09   Thumb Code   108  rtx_mutex.o(.text.svcRtxMutexNew)
    [Anonymous Symbol]                       0x00001d08   Section        0  rtx_mutex.o(.text.svcRtxMutexNew)
    __arm_cp.8_0                             0x00001d74   Number         4  rtx_mutex.o(.text.svcRtxMutexNew)
    svcRtxMutexRelease                       0x00001d79   Thumb Code   184  rtx_mutex.o(.text.svcRtxMutexRelease)
    [Anonymous Symbol]                       0x00001d78   Section        0  rtx_mutex.o(.text.svcRtxMutexRelease)
    __arm_cp.11_0                            0x00001e30   Number         4  rtx_mutex.o(.text.svcRtxMutexRelease)
    svcRtxThreadExit                         0x00001e35   Thumb Code    72  rtx_thread.o(.text.svcRtxThreadExit)
    [Anonymous Symbol]                       0x00001e34   Section        0  rtx_thread.o(.text.svcRtxThreadExit)
    __arm_cp.53_0                            0x00001e7c   Number         4  rtx_thread.o(.text.svcRtxThreadExit)
    svcRtxThreadNew                          0x00001e81   Thumb Code   484  rtx_thread.o(.text.svcRtxThreadNew)
    [Anonymous Symbol]                       0x00001e80   Section        0  rtx_thread.o(.text.svcRtxThreadNew)
    __arm_cp.15_0                            0x00002064   Number         4  rtx_thread.o(.text.svcRtxThreadNew)
    __arm_cp.15_1                            0x00002068   Number         4  rtx_thread.o(.text.svcRtxThreadNew)
    __arm_cp.15_2                            0x0000206c   Number         4  rtx_thread.o(.text.svcRtxThreadNew)
    __arm_cp.15_3                            0x00002070   Number         4  rtx_thread.o(.text.svcRtxThreadNew)
    __arm_cp.15_4                            0x00002074   Number         4  rtx_thread.o(.text.svcRtxThreadNew)
    __arm_cp.15_5                            0x00002078   Number         4  rtx_thread.o(.text.svcRtxThreadNew)
    __tagsym$$used.4                         0x0000207c   Number         0  rtx_lib.o(.rodata)
    __tagsym$$used.5                         0x000020ec   Number         0  rtx_lib.o(.rodata)
    os_idle_thread_attr                      0x00002128   Data          36  rtx_lib.o(.rodata.os_idle_thread_attr)
    [Anonymous Symbol]                       0x00002128   Section        0  rtx_lib.o(.rodata.os_idle_thread_attr)
    os_timer_mq_attr                         0x0000214c   Data          24  rtx_lib.o(.rodata.os_timer_mq_attr)
    [Anonymous Symbol]                       0x0000214c   Section        0  rtx_lib.o(.rodata.os_timer_mq_attr)
    os_timer_thread_attr                     0x00002164   Data          36  rtx_lib.o(.rodata.os_timer_thread_attr)
    [Anonymous Symbol]                       0x00002164   Section        0  rtx_lib.o(.rodata.os_timer_thread_attr)
    [Anonymous Symbol]                       0x00002188   Section        0  rtx_kernel.o(.rodata.str1.4)
    .bss                                     0x1ffff0a8   Section       96  libspace.o(.bss)
    os_isr_queue                             0x1ffff108   Data          64  rtx_lib.o(.bss.os)
    [Anonymous Symbol]                       0x1ffff108   Section        0  rtx_lib.o(.bss.os)
    os_mem                                   0x1ffff148   Data       32768  rtx_lib.o(.bss.os)
    PendST                                   0x20007148   Data           1  os_systick.o(.bss.os)
    [Anonymous Symbol]                       0x20007148   Section        0  os_systick.o(.bss.os)
    os_timer_mq_cb                           0x2000714c   Data          52  rtx_lib.o(.bss.os.msgqueue.cb)
    [Anonymous Symbol]                       0x2000714c   Section        0  rtx_lib.o(.bss.os.msgqueue.cb)
    os_timer_mq_data                         0x20007180   Data          80  rtx_lib.o(.bss.os.msgqueue.mem)
    [Anonymous Symbol]                       0x20007180   Section        0  rtx_lib.o(.bss.os.msgqueue.mem)
    os_idle_thread_cb                        0x200071d0   Data          68  rtx_lib.o(.bss.os.thread.cb)
    [Anonymous Symbol]                       0x200071d0   Section        0  rtx_lib.o(.bss.os.thread.cb)
    os_timer_thread_cb                       0x20007214   Data          68  rtx_lib.o(.bss.os.thread.cb)
    os_idle_thread_stack                     0x20007258   Data         512  rtx_lib.o(.bss.os.thread.idle.stack)
    [Anonymous Symbol]                       0x20007258   Section        0  rtx_lib.o(.bss.os.thread.idle.stack)
    os_timer_thread_stack                    0x20007458   Data         512  rtx_lib.o(.bss.os.thread.timer.stack)
    [Anonymous Symbol]                       0x20007458   Section        0  rtx_lib.o(.bss.os.thread.timer.stack)
    os_kernel_is_active.os_kernel_active     0x20007658   Data           1  rtx_lib.o(.bss.os_kernel_is_active.os_kernel_active)
    [Anonymous Symbol]                       0x20007658   Section        0  rtx_lib.o(.bss.os_kernel_is_active.os_kernel_active)
    Heap_Mem                                 0x20007660   Data           0  startup_mkl25z4.o(HEAP)
    Stack_Mem                                0x20007660   Data         256  startup_mkl25z4.o(STACK)
    HEAP                                     0x20007660   Section        0  startup_mkl25z4.o(HEAP)
    STACK                                    0x20007660   Section      256  startup_mkl25z4.o(STACK)
    __initial_sp                             0x20007760   Data           0  startup_mkl25z4.o(STACK)

    Global Symbols

    Symbol Name                              Value     Ov Type        Size  Object(Section)

    BuildAttributes$$THM_ISAv3M$S$PE$A:L22$X:L11$S22$IEEE1$IW$~IW$USESV6$~STKCKD$USESV7$~SHL$OSPACE$ROPI$EBA8$UX$STANDARDLIB$REQ8$PRES8$EABIv2 0x00000000   Number         0  anon$$obj.o ABSOLUTE
    __Vectors                                0x00000000   Data           4  startup_mkl25z4.o(RESET)
    .bss.os.evflags.cb$$Base                  - Undefined Weak Reference
    .bss.os.evflags.cb$$Limit                 - Undefined Weak Reference
    .bss.os.mempool.cb$$Base                  - Undefined Weak Reference
    .bss.os.mempool.cb$$Limit                 - Undefined Weak Reference
    .bss.os.mutex.cb$$Base                    - Undefined Weak Reference
    .bss.os.mutex.cb$$Limit                   - Undefined Weak Reference
    .bss.os.semaphore.cb$$Base                - Undefined Weak Reference
    .bss.os.semaphore.cb$$Limit               - Undefined Weak Reference
    .bss.os.timer.cb$$Base                    - Undefined Weak Reference
    .bss.os.timer.cb$$Limit                   - Undefined Weak Reference
    __ARM_exceptions_init                     - Undefined Weak Reference
    __alloca_initialize                       - Undefined Weak Reference
    __arm_preinit_                            - Undefined Weak Reference
    __arm_relocate_pie_                       - Undefined Weak Reference
    __cpp_initialize__aeabi_                  - Undefined Weak Reference
    __cxa_finalize                            - Undefined Weak Reference
    __rt_locale                               - Undefined Weak Reference
    __sigvec_lookup                           - Undefined Weak Reference
    _atexit_init                              - Undefined Weak Reference
    _call_atexit_fns                          - Undefined Weak Reference
    _clock_init                               - Undefined Weak Reference
    _fp_trap_init                             - Undefined Weak Reference
    _fp_trap_shutdown                         - Undefined Weak Reference
    _get_lc_collate                           - Undefined Weak Reference
    _get_lc_ctype                             - Undefined Weak Reference
    _get_lc_monetary                          - Undefined Weak Reference
    _get_lc_numeric                           - Undefined Weak Reference
    _get_lc_time                              - Undefined Weak Reference
    _getenv_init                              - Undefined Weak Reference
    _handle_redirection                       - Undefined Weak Reference
    _init_alloc                               - Undefined Weak Reference
    _init_user_alloc                          - Undefined Weak Reference
    _initio                                   - Undefined Weak Reference
    _rand_init                                - Undefined Weak Reference
    _signal_finish                            - Undefined Weak Reference
    _signal_init                              - Undefined Weak Reference
    _terminate_alloc                          - Undefined Weak Reference
    _terminate_user_alloc                     - Undefined Weak Reference
    _terminateio                              - Undefined Weak Reference
    __Vectors_End                            0x000000c0   Data           0  startup_mkl25z4.o(RESET)
    __Vectors_Size                           0x000000c0   Number         0  startup_mkl25z4.o ABSOLUTE
    __main                                   0x000000c1   Thumb Code     8  __main.o(!!!main)
    __scatterload                            0x000000c9   Thumb Code     0  __scatter.o(!!!scatter)
    __scatterload_rt2                        0x000000c9   Thumb Code    74  __scatter.o(!!!scatter)
    __scatterload_rt2_thumb_only             0x000000c9   Thumb Code     0  __scatter.o(!!!scatter)
    __scatterload_loop                       0x000000d3   Thumb Code     0  __scatter.o(!!!scatter)
    __scatterload_copy                       0x0000011d   Thumb Code    26  __scatter_copy.o(!!handler_copy)
    __scatterload_null                       0x00000139   Thumb Code     2  __scatter.o(!!handler_null)
    __scatterload_zeroinit                   0x0000013d   Thumb Code    28  __scatter_zi.o(!!handler_zi)
    __rt_lib_init                            0x00000159   Thumb Code     0  libinit.o(.ARM.Collect$$libinit$$00000000)
    __rt_lib_init_alloca_1                   0x0000015b   Thumb Code     0  libinit2.o(.ARM.Collect$$libinit$$00000030)
    __rt_lib_init_argv_1                     0x0000015b   Thumb Code     0  libinit2.o(.ARM.Collect$$libinit$$0000002E)
    __rt_lib_init_atexit_1                   0x0000015b   Thumb Code     0  libinit2.o(.ARM.Collect$$libinit$$0000001D)
    __rt_lib_init_clock_1                    0x0000015b   Thumb Code     0  libinit2.o(.ARM.Collect$$libinit$$00000023)
    __rt_lib_init_cpp_1                      0x0000015b   Thumb Code     0  libinit2.o(.ARM.Collect$$libinit$$00000034)
    __rt_lib_init_exceptions_1               0x0000015b   Thumb Code     0  libinit2.o(.ARM.Collect$$libinit$$00000032)
    __rt_lib_init_fp_1                       0x0000015b   Thumb Code     0  libinit2.o(.ARM.Collect$$libinit$$00000002)
    __rt_lib_init_fp_trap_1                  0x0000015b   Thumb Code     0  libinit2.o(.ARM.Collect$$libinit$$00000021)
    __rt_lib_init_getenv_1                   0x0000015b   Thumb Code     0  libinit2.o(.ARM.Collect$$libinit$$00000025)
    __rt_lib_init_heap_1                     0x0000015b   Thumb Code     0  libinit2.o(.ARM.Collect$$libinit$$0000000C)
    __rt_lib_init_lc_collate_1               0x0000015b   Thumb Code     0  libinit2.o(.ARM.Collect$$libinit$$00000013)
    __rt_lib_init_lc_ctype_1                 0x0000015b   Thumb Code     0  libinit2.o(.ARM.Collect$$libinit$$00000015)
    __rt_lib_init_lc_monetary_1              0x0000015b   Thumb Code     0  libinit2.o(.ARM.Collect$$libinit$$00000017)
    __rt_lib_init_lc_numeric_1               0x0000015b   Thumb Code     0  libinit2.o(.ARM.Collect$$libinit$$00000019)
    __rt_lib_init_lc_time_1                  0x0000015b   Thumb Code     0  libinit2.o(.ARM.Collect$$libinit$$0000001B)
    __rt_lib_init_preinit_1                  0x0000015b   Thumb Code     0  libinit2.o(.ARM.Collect$$libinit$$00000006)
    __rt_lib_init_rand_1                     0x0000015b   Thumb Code     0  libinit2.o(.ARM.Collect$$libinit$$00000010)
    __rt_lib_init_relocate_pie_1             0x0000015b   Thumb Code     0  libinit2.o(.ARM.Collect$$libinit$$00000004)
    __rt_lib_init_return                     0x0000015b   Thumb Code     0  libinit2.o(.ARM.Collect$$libinit$$00000035)
    __rt_lib_init_signal_1                   0x0000015b   Thumb Code     0  libinit2.o(.ARM.Collect$$libinit$$0000001F)
    __rt_lib_init_stdio_1                    0x0000015b   Thumb Code     0  libinit2.o(.ARM.Collect$$libinit$$00000027)
    __rt_lib_init_user_alloc_1               0x0000015b   Thumb Code     0  libinit2.o(.ARM.Collect$$libinit$$0000000E)
    __rt_lib_shutdown                        0x0000015d   Thumb Code     0  libshutdown.o(.ARM.Collect$$libshutdown$$00000000)
    __rt_lib_shutdown_cpp_1                  0x0000015f   Thumb Code     0  libshutdown2.o(.ARM.Collect$$libshutdown$$00000002)
    __rt_lib_shutdown_fp_trap_1              0x0000015f   Thumb Code     0  libshutdown2.o(.ARM.Collect$$libshutdown$$00000007)
    __rt_lib_shutdown_heap_1                 0x0000015f   Thumb Code     0  libshutdown2.o(.ARM.Collect$$libshutdown$$0000000F)
    __rt_lib_shutdown_return                 0x0000015f   Thumb Code     0  libshutdown2.o(.ARM.Collect$$libshutdown$$00000010)
    __rt_lib_shutdown_signal_1               0x0000015f   Thumb Code     0  libshutdown2.o(.ARM.Collect$$libshutdown$$0000000A)
    __rt_lib_shutdown_stdio_1                0x0000015f   Thumb Code     0  libshutdown2.o(.ARM.Collect$$libshutdown$$00000004)
    __rt_lib_shutdown_user_alloc_1           0x0000015f   Thumb Code     0  libshutdown2.o(.ARM.Collect$$libshutdown$$0000000C)
    __rt_entry                               0x00000161   Thumb Code     0  __rtentry.o(.ARM.Collect$$rtentry$$00000000)
    __rt_entry_presh_1                       0x00000161   Thumb Code     0  __rtentry2.o(.ARM.Collect$$rtentry$$00000002)
    __rt_entry_sh                            0x00000161   Thumb Code     0  __rtentry4.o(.ARM.Collect$$rtentry$$00000004)
    __rt_entry_postsh_1                      0x00000167   Thumb Code     0  __rtentry2.o(.ARM.Collect$$rtentry$$00000008)
    __rt_entry_li                            0x0000016f   Thumb Code     0  __rtentry2.o(.ARM.Collect$$rtentry$$0000000A)
    __rt_entry_main                          0x00000173   Thumb Code     0  __rtentry2.o(.ARM.Collect$$rtentry$$0000000D)
    __rt_entry_postli_1                      0x00000173   Thumb Code     0  __rtentry2.o(.ARM.Collect$$rtentry$$0000000C)
    __rt_exit                                0x0000017b   Thumb Code     0  rtexit.o(.ARM.Collect$$rtexit$$00000000)
    __rt_exit_ls                             0x0000017d   Thumb Code     0  rtexit2.o(.ARM.Collect$$rtexit$$00000003)
    __rt_exit_prels_1                        0x0000017d   Thumb Code     0  rtexit2.o(.ARM.Collect$$rtexit$$00000002)
    __rt_exit_exit                           0x00000181   Thumb Code     0  rtexit2.o(.ARM.Collect$$rtexit$$00000004)
    __aeabi_memcpy4                          0x00000189   Thumb Code    56  rt_memcpy.o(.emb_text)
    __aeabi_memcpy8                          0x00000189   Thumb Code     0  rt_memcpy.o(.emb_text)
    Reset_Handler                            0x000001c1   Thumb Code    12  startup_mkl25z4.o(.text)
    NMI_Handler                              0x000001cd   Thumb Code     2  startup_mkl25z4.o(.text)
    HardFault_Handler                        0x000001cf   Thumb Code     2  startup_mkl25z4.o(.text)
    ADC0_IRQHandler                          0x000001d7   Thumb Code     0  startup_mkl25z4.o(.text)
    CMP0_IRQHandler                          0x000001d7   Thumb Code     0  startup_mkl25z4.o(.text)
    DAC0_IRQHandler                          0x000001d7   Thumb Code     0  startup_mkl25z4.o(.text)
    DMA0_IRQHandler                          0x000001d7   Thumb Code     0  startup_mkl25z4.o(.text)
    DMA1_IRQHandler                          0x000001d7   Thumb Code     0  startup_mkl25z4.o(.text)
    DMA2_IRQHandler                          0x000001d7   Thumb Code     0  startup_mkl25z4.o(.text)
    DMA3_IRQHandler                          0x000001d7   Thumb Code     0  startup_mkl25z4.o(.text)
    DefaultISR                               0x000001d7   Thumb Code     0  startup_mkl25z4.o(.text)
    FTFA_IRQHandler                          0x000001d7   Thumb Code     0  startup_mkl25z4.o(.text)
    I2C0_IRQHandler                          0x000001d7   Thumb Code     0  startup_mkl25z4.o(.text)
    I2C1_IRQHandler                          0x000001d7   Thumb Code     0  startup_mkl25z4.o(.text)
    LLWU_IRQHandler                          0x000001d7   Thumb Code     0  startup_mkl25z4.o(.text)
    LPTMR0_IRQHandler                        0x000001d7   Thumb Code     0  startup_mkl25z4.o(.text)
    LVD_LVW_IRQHandler                       0x000001d7   Thumb Code     0  startup_mkl25z4.o(.text)
    MCG_IRQHandler                           0x000001d7   Thumb Code     0  startup_mkl25z4.o(.text)
    PIT_IRQHandler                           0x000001d7   Thumb Code     0  startup_mkl25z4.o(.text)
    PORTA_IRQHandler                         0x000001d7   Thumb Code     0  startup_mkl25z4.o(.text)
    PORTD_IRQHandler                         0x000001d7   Thumb Code     0  startup_mkl25z4.o(.text)
    RTC_IRQHandler                           0x000001d7   Thumb Code     0  startup_mkl25z4.o(.text)
    RTC_Seconds_IRQHandler                   0x000001d7   Thumb Code     0  startup_mkl25z4.o(.text)
    Reserved20_IRQHandler                    0x000001d7   Thumb Code     0  startup_mkl25z4.o(.text)
    Reserved39_IRQHandler                    0x000001d7   Thumb Code     0  startup_mkl25z4.o(.text)
    Reserved45_IRQHandler                    0x000001d7   Thumb Code     0  startup_mkl25z4.o(.text)
    SPI0_IRQHandler                          0x000001d7   Thumb Code     0  startup_mkl25z4.o(.text)
    SPI1_IRQHandler                          0x000001d7   Thumb Code     0  startup_mkl25z4.o(.text)
    TPM0_IRQHandler                          0x000001d7   Thumb Code     0  startup_mkl25z4.o(.text)
    TPM1_IRQHandler                          0x000001d7   Thumb Code     0  startup_mkl25z4.o(.text)
    TPM2_IRQHandler                          0x000001d7   Thumb Code     0  startup_mkl25z4.o(.text)
    TSI0_IRQHandler                          0x000001d7   Thumb Code     0  startup_mkl25z4.o(.text)
    UART0_IRQHandler                         0x000001d7   Thumb Code     0  startup_mkl25z4.o(.text)
    UART1_IRQHandler                         0x000001d7   Thumb Code     0  startup_mkl25z4.o(.text)
    UART2_IRQHandler                         0x000001d7   Thumb Code     0  startup_mkl25z4.o(.text)
    USB0_IRQHandler                          0x000001d7   Thumb Code     0  startup_mkl25z4.o(.text)
    __user_initial_stackheap                 0x000001dd   Thumb Code     0  startup_mkl25z4.o(.text)
    SVC_Handler                              0x00000201   Thumb Code   132  irq_armv6m.o(.text)
    PendSV_Handler                           0x00000285   Thumb Code    12  irq_armv6m.o(.text)
    SysTick_Handler                          0x00000291   Thumb Code    12  irq_armv6m.o(.text)
    __aeabi_memcpy                           0x000002a5   Thumb Code   130  rt_memcpy.o(.text)
    __rt_memcpy                              0x000002a5   Thumb Code     0  rt_memcpy.o(.text)
    _memset_w                                0x00000327   Thumb Code    26  rt_memclr.o(.text)
    _memset                                  0x00000341   Thumb Code    30  rt_memclr.o(.text)
    __aeabi_memclr                           0x0000035f   Thumb Code     4  rt_memclr.o(.text)
    __rt_memclr                              0x0000035f   Thumb Code     0  rt_memclr.o(.text)
    __aeabi_memclr4                          0x00000363   Thumb Code     0  rt_memclr.o(.text)
    __aeabi_memclr8                          0x00000363   Thumb Code     0  rt_memclr.o(.text)
    __rt_memclr_w                            0x00000363   Thumb Code     4  rt_memclr.o(.text)
    __use_two_region_memory                  0x00000367   Thumb Code     2  heapauxi.o(.text)
    __rt_heap_escrow$2region                 0x00000369   Thumb Code     2  heapauxi.o(.text)
    __rt_heap_expand$2region                 0x0000036b   Thumb Code     2  heapauxi.o(.text)
    __user_setup_stackheap                   0x0000036d   Thumb Code    62  sys_stackheap_outer.o(.text)
    exit                                     0x000003ab   Thumb Code    16  exit.o(.text)
    __user_libspace                          0x000003bd   Thumb Code     8  libspace.o(.text)
    __user_perproc_libspace                  0x000003bd   Thumb Code     0  libspace.o(.text)
    _sys_exit                                0x000003c5   Thumb Code     8  sys_exit.o(.text)
    __I$use$semihosting                      0x000003d1   Thumb Code     0  use_no_semi.o(.text)
    __use_no_semihosting_swi                 0x000003d1   Thumb Code     2  use_no_semi.o(.text)
    __semihosting_library_function           0x000003d3   Thumb Code     0  indicate_semi.o(.text)
    OS_Tick_AcknowledgeIRQ                   0x000003f1   Thumb Code     8  os_systick.o(.text.OS_Tick_AcknowledgeIRQ)
    osRtxKernelPreInit                       0x000003f9   Thumb Code     2  rtx_kernel.o(.text.osRtxKernelPreInit)
    OS_Tick_GetIRQn                          0x000003fb   Thumb Code     6  os_systick.o(.text.OS_Tick_GetIRQn)
    __aeabi_uidiv                            0x00000411   Thumb Code     0  aeabi_sdiv.o(.text)
    __aeabi_uidivmod                         0x00000411   Thumb Code    20  aeabi_sdiv.o(.text)
    __aeabi_idiv                             0x00000425   Thumb Code     0  aeabi_sdiv.o(.text)
    __aeabi_idivmod                          0x00000425   Thumb Code   338  aeabi_sdiv.o(.text)
    OS_Tick_Enable                           0x0000061d   Thumb Code    32  os_systick.o(.text.OS_Tick_Enable)
    OS_Tick_Setup                            0x00000641   Thumb Code    60  os_systick.o(.text.OS_Tick_Setup)
    SystemCoreClockUpdate                    0x00000689   Thumb Code   508  system_mkl25z4.o(.text.SystemCoreClockUpdate)
    SystemInit                               0x000008b5   Thumb Code     8  system_mkl25z4.o(.text.SystemInit)
    _mutex_acquire                           0x00000955   Thumb Code    34  rtx_lib.o(.text._mutex_acquire)
    _mutex_free                              0x00000977   Thumb Code    18  rtx_lib.o(.text._mutex_free)
    _mutex_initialize                        0x00000989   Thumb Code    52  rtx_lib.o(.text._mutex_initialize)
    _mutex_release                           0x000009bd   Thumb Code    30  rtx_lib.o(.text._mutex_release)
    _platform_post_stackheap_init            0x000009db   Thumb Code     8  rtx_lib.o(.text._platform_post_stackheap_init)
    init_LED                                 0x00000a09   Thumb Code    84  main.o(.text.init_LED)
    main                                     0x00000ad1   Thumb Code    40  main.o(.text.main)
    osDelay                                  0x00000afd   Thumb Code    36  rtx_delay.o(.text.osDelay)
    osKernelGetState                         0x00000b25   Thumb Code    40  rtx_kernel.o(.text.osKernelGetState)
    osKernelInitialize                       0x00000b55   Thumb Code    36  rtx_kernel.o(.text.osKernelInitialize)
    osKernelStart                            0x00000b7d   Thumb Code    32  rtx_kernel.o(.text.osKernelStart)
    osMessageQueueGet                        0x00000ba1   Thumb Code   112  rtx_msgqueue.o(.text.osMessageQueueGet)
    osMessageQueuePut                        0x00000c15   Thumb Code   112  rtx_msgqueue.o(.text.osMessageQueuePut)
    osMutexAcquire                           0x00000c89   Thumb Code    36  rtx_mutex.o(.text.osMutexAcquire)
    osMutexDelete                            0x00000cb1   Thumb Code    36  rtx_mutex.o(.text.osMutexDelete)
    osMutexNew                               0x00000cd9   Thumb Code    32  rtx_mutex.o(.text.osMutexNew)
    osMutexRelease                           0x00000cfd   Thumb Code    36  rtx_mutex.o(.text.osMutexRelease)
    osRtxErrorNotify                         0x00000d25   Thumb Code    64  rtx_config.o(.text.osRtxErrorNotify)
    osRtxIdleThread                          0x00000d65   Thumb Code     8  rtx_config.o(.text.osRtxIdleThread)
    osRtxKernelErrorNotify                   0x00000d6d   Thumb Code     8  rtx_kernel.o(.text.osRtxKernelErrorNotify)
    osRtxMemoryAlloc                         0x00000d75   Thumb Code   120  rtx_memory.o(.text.osRtxMemoryAlloc)
    osRtxMemoryFree                          0x00000ded   Thumb Code    78  rtx_memory.o(.text.osRtxMemoryFree)
    osRtxMemoryInit                          0x00000e3b   Thumb Code    46  rtx_memory.o(.text.osRtxMemoryInit)
    osRtxMemoryPoolAlloc                     0x00000e69   Thumb Code    42  rtx_mempool.o(.text.osRtxMemoryPoolAlloc)
    osRtxMemoryPoolFree                      0x00000e93   Thumb Code    54  rtx_mempool.o(.text.osRtxMemoryPoolFree)
    osRtxMemoryPoolInit                      0x00000ec9   Thumb Code    60  rtx_mempool.o(.text.osRtxMemoryPoolInit)
    osRtxMessageQueueTimerSetup              0x00000fc1   Thumb Code    32  rtx_msgqueue.o(.text.osRtxMessageQueueTimerSetup)
    osRtxMutexOwnerRelease                   0x00000fe5   Thumb Code    68  rtx_mutex.o(.text.osRtxMutexOwnerRelease)
    osRtxMutexOwnerRestore                   0x00001029   Thumb Code    70  rtx_mutex.o(.text.osRtxMutexOwnerRestore)
    osRtxPendSV_Handler                      0x00001071   Thumb Code   128  rtx_system.o(.text.osRtxPendSV_Handler)
    osRtxPostProcess                         0x000010f1   Thumb Code   104  rtx_system.o(.text.osRtxPostProcess)
    osRtxThreadDelayTick                     0x00001261   Thumb Code    84  rtx_thread.o(.text.osRtxThreadDelayTick)
    osRtxThreadDispatch                      0x000012dd   Thumb Code    76  rtx_thread.o(.text.osRtxThreadDispatch)
    osRtxThreadListGet                       0x0000139d   Thumb Code    20  rtx_thread.o(.text.osRtxThreadListGet)
    osRtxThreadListPut                       0x000013b1   Thumb Code    44  rtx_thread.o(.text.osRtxThreadListPut)
    osRtxThreadListRemove                    0x000013dd   Thumb Code    24  rtx_thread.o(.text.osRtxThreadListRemove)
    osRtxThreadListSort                      0x000013f5   Thumb Code    36  rtx_thread.o(.text.osRtxThreadListSort)
    osRtxThreadReadyPut                      0x00001441   Thumb Code    20  rtx_thread.o(.text.osRtxThreadReadyPut)
    osRtxThreadRegPtr                        0x00001455   Thumb Code     6  rtx_thread.o(.text.osRtxThreadRegPtr)
    osRtxThreadStartup                       0x0000145d   Thumb Code    56  rtx_thread.o(.text.osRtxThreadStartup)
    osRtxThreadSwitch                        0x00001499   Thumb Code    12  rtx_thread.o(.text.osRtxThreadSwitch)
    osRtxThreadWaitEnter                     0x000014a9   Thumb Code    60  rtx_thread.o(.text.osRtxThreadWaitEnter)
    osRtxThreadWaitExit                      0x000014e9   Thumb Code    34  rtx_thread.o(.text.osRtxThreadWaitExit)
    osRtxTick_Handler                        0x0000150d   Thumb Code   124  rtx_system.o(.text.osRtxTick_Handler)
    osRtxTimerSetup                          0x0000158d   Thumb Code    28  rtx_timer.o(.text.osRtxTimerSetup)
    osRtxTimerThread                         0x000015b1   Thumb Code    28  rtx_timer.o(.text.osRtxTimerThread)
    osThreadExit                             0x00001641   Thumb Code     8  rtx_thread.o(.text.osThreadExit)
    osThreadNew                              0x0000164d   Thumb Code    32  rtx_thread.o(.text.osThreadNew)
    osRtxConfig                              0x0000207c   Data         112  rtx_lib.o(.rodata)
    os_cb_sections                           0x000020ec   Data          56  rtx_lib.o(.rodata)
    osRtxUserSVC                             0x00002124   Data           4  rtx_lib.o(.rodata.osRtxUserSVC)
    Region$$Table$$Base                      0x00002194   Number         0  anon$$obj.o(Region$$Table)
    Region$$Table$$Limit                     0x000021b4   Number         0  anon$$obj.o(Region$$Table)
    SystemCoreClock                          0x1ffff000   Data           4  system_mkl25z4.o(.data.SystemCoreClock)
    osRtxInfo                                0x1ffff004   Data         164  rtx_kernel.o(.data.os)
    __libspace_start                         0x1ffff0a8   Data          96  libspace.o(.bss)
    __temporary_stack_top$libspace           0x1ffff108   Data           0  libspace.o(.bss)
    .bss.os.msgqueue.cb$$Base                0x2000714c   Number         0  rtx_lib.o(.bss.os.msgqueue.cb)
    .bss.os.msgqueue.cb$$Limit               0x20007180   Number         0  rtx_lib.o(.bss.os.msgqueue.cb)
    .bss.os.thread.cb$$Base                  0x200071d0   Number         0  rtx_lib.o(.bss.os.thread.cb)
    .bss.os.thread.cb$$Limit                 0x20007258   Number         0  rtx_lib.o(.bss.os.thread.cb)



==============================================================================

Memory Map of the image

  Image Entry point : 0x000001c1

  Load Region LR_1 (Base: 0x00000000, Size: 0x0000225c, Max: 0xffffffff, ABSOLUTE)

    Execution Region ER_RO (Exec base: 0x00000000, Load base: 0x00000000, Size: 0x000021b4, Max: 0xffffffff, ABSOLUTE)

    Exec Addr    Load Addr    Size         Type   Attr      Idx    E Section Name        Object

    0x00000000   0x00000000   0x000000c0   Data   RO           67    RESET               startup_mkl25z4.o
    0x000000c0   0x000000c0   0x00000008   Code   RO          571  * !!!main             c_p.l(__main.o)
    0x000000c8   0x000000c8   0x00000054   Code   RO          746    !!!scatter          c_p.l(__scatter.o)
    0x0000011c   0x0000011c   0x0000001a   Code   RO          750    !!handler_copy      c_p.l(__scatter_copy.o)
    0x00000136   0x00000136   0x00000002   PAD
    0x00000138   0x00000138   0x00000002   Code   RO          747    !!handler_null      c_p.l(__scatter.o)
    0x0000013a   0x0000013a   0x00000002   PAD
    0x0000013c   0x0000013c   0x0000001c   Code   RO          752    !!handler_zi        c_p.l(__scatter_zi.o)
    0x00000158   0x00000158   0x00000002   Code   RO          607    .ARM.Collect$$libinit$$00000000  c_p.l(libinit.o)
    0x0000015a   0x0000015a   0x00000000   Code   RO          621    .ARM.Collect$$libinit$$00000002  c_p.l(libinit2.o)
    0x0000015a   0x0000015a   0x00000000   Code   RO          623    .ARM.Collect$$libinit$$00000004  c_p.l(libinit2.o)
    0x0000015a   0x0000015a   0x00000000   Code   RO          625    .ARM.Collect$$libinit$$00000006  c_p.l(libinit2.o)
    0x0000015a   0x0000015a   0x00000000   Code   RO          628    .ARM.Collect$$libinit$$0000000C  c_p.l(libinit2.o)
    0x0000015a   0x0000015a   0x00000000   Code   RO          630    .ARM.Collect$$libinit$$0000000E  c_p.l(libinit2.o)
    0x0000015a   0x0000015a   0x00000000   Code   RO          632    .ARM.Collect$$libinit$$00000010  c_p.l(libinit2.o)
    0x0000015a   0x0000015a   0x00000000   Code   RO          635    .ARM.Collect$$libinit$$00000013  c_p.l(libinit2.o)
    0x0000015a   0x0000015a   0x00000000   Code   RO          637    .ARM.Collect$$libinit$$00000015  c_p.l(libinit2.o)
    0x0000015a   0x0000015a   0x00000000   Code   RO          639    .ARM.Collect$$libinit$$00000017  c_p.l(libinit2.o)
    0x0000015a   0x0000015a   0x00000000   Code   RO          641    .ARM.Collect$$libinit$$00000019  c_p.l(libinit2.o)
    0x0000015a   0x0000015a   0x00000000   Code   RO          643    .ARM.Collect$$libinit$$0000001B  c_p.l(libinit2.o)
    0x0000015a   0x0000015a   0x00000000   Code   RO          645    .ARM.Collect$$libinit$$0000001D  c_p.l(libinit2.o)
    0x0000015a   0x0000015a   0x00000000   Code   RO          647    .ARM.Collect$$libinit$$0000001F  c_p.l(libinit2.o)
    0x0000015a   0x0000015a   0x00000000   Code   RO          649    .ARM.Collect$$libinit$$00000021  c_p.l(libinit2.o)
    0x0000015a   0x0000015a   0x00000000   Code   RO          651    .ARM.Collect$$libinit$$00000023  c_p.l(libinit2.o)
    0x0000015a   0x0000015a   0x00000000   Code   RO          653    .ARM.Collect$$libinit$$00000025  c_p.l(libinit2.o)
    0x0000015a   0x0000015a   0x00000000   Code   RO          655    .ARM.Collect$$libinit$$00000027  c_p.l(libinit2.o)
    0x0000015a   0x0000015a   0x00000000   Code   RO          659    .ARM.Collect$$libinit$$0000002E  c_p.l(libinit2.o)
    0x0000015a   0x0000015a   0x00000000   Code   RO          661    .ARM.Collect$$libinit$$00000030  c_p.l(libinit2.o)
    0x0000015a   0x0000015a   0x00000000   Code   RO          663    .ARM.Collect$$libinit$$00000032  c_p.l(libinit2.o)
    0x0000015a   0x0000015a   0x00000000   Code   RO          665    .ARM.Collect$$libinit$$00000034  c_p.l(libinit2.o)
    0x0000015a   0x0000015a   0x00000002   Code   RO          666    .ARM.Collect$$libinit$$00000035  c_p.l(libinit2.o)
    0x0000015c   0x0000015c   0x00000002   Code   RO          701    .ARM.Collect$$libshutdown$$00000000  c_p.l(libshutdown.o)
    0x0000015e   0x0000015e   0x00000000   Code   RO          729    .ARM.Collect$$libshutdown$$00000002  c_p.l(libshutdown2.o)
    0x0000015e   0x0000015e   0x00000000   Code   RO          731    .ARM.Collect$$libshutdown$$00000004  c_p.l(libshutdown2.o)
    0x0000015e   0x0000015e   0x00000000   Code   RO          734    .ARM.Collect$$libshutdown$$00000007  c_p.l(libshutdown2.o)
    0x0000015e   0x0000015e   0x00000000   Code   RO          737    .ARM.Collect$$libshutdown$$0000000A  c_p.l(libshutdown2.o)
    0x0000015e   0x0000015e   0x00000000   Code   RO          739    .ARM.Collect$$libshutdown$$0000000C  c_p.l(libshutdown2.o)
    0x0000015e   0x0000015e   0x00000000   Code   RO          742    .ARM.Collect$$libshutdown$$0000000F  c_p.l(libshutdown2.o)
    0x0000015e   0x0000015e   0x00000002   Code   RO          743    .ARM.Collect$$libshutdown$$00000010  c_p.l(libshutdown2.o)
    0x00000160   0x00000160   0x00000000   Code   RO          573    .ARM.Collect$$rtentry$$00000000  c_p.l(__rtentry.o)
    0x00000160   0x00000160   0x00000000   Code   RO          579    .ARM.Collect$$rtentry$$00000002  c_p.l(__rtentry2.o)
    0x00000160   0x00000160   0x00000006   Code   RO          591    .ARM.Collect$$rtentry$$00000004  c_p.l(__rtentry4.o)
    0x00000166   0x00000166   0x00000008   Code   RO          580    .ARM.Collect$$rtentry$$00000008  c_p.l(__rtentry2.o)
    0x0000016e   0x0000016e   0x00000004   Code   RO          582    .ARM.Collect$$rtentry$$0000000A  c_p.l(__rtentry2.o)
    0x00000172   0x00000172   0x00000000   Code   RO          584    .ARM.Collect$$rtentry$$0000000C  c_p.l(__rtentry2.o)
    0x00000172   0x00000172   0x00000008   Code   RO          585    .ARM.Collect$$rtentry$$0000000D  c_p.l(__rtentry2.o)
    0x0000017a   0x0000017a   0x00000002   Code   RO          612    .ARM.Collect$$rtexit$$00000000  c_p.l(rtexit.o)
    0x0000017c   0x0000017c   0x00000000   Code   RO          672    .ARM.Collect$$rtexit$$00000002  c_p.l(rtexit2.o)
    0x0000017c   0x0000017c   0x00000004   Code   RO          673    .ARM.Collect$$rtexit$$00000003  c_p.l(rtexit2.o)
    0x00000180   0x00000180   0x00000006   Code   RO          674    .ARM.Collect$$rtexit$$00000004  c_p.l(rtexit2.o)
    0x00000186   0x00000186   0x00000002   PAD
    0x00000188   0x00000188   0x00000038   Code   RO          559    .emb_text           c_p.l(rt_memcpy.o)
    0x000001c0   0x000001c0   0x00000040   Code   RO           69  * .text               startup_mkl25z4.o
    0x00000200   0x00000200   0x000000a4   Code   RO          385    .text               RTX_CM0.lib(irq_armv6m.o)
    0x000002a4   0x000002a4   0x00000082   Code   RO          560    .text               c_p.l(rt_memcpy.o)
    0x00000326   0x00000326   0x00000040   Code   RO          563    .text               c_p.l(rt_memclr.o)
    0x00000366   0x00000366   0x00000006   Code   RO          569    .text               c_p.l(heapauxi.o)
    0x0000036c   0x0000036c   0x0000003e   Code   RO          595    .text               c_p.l(sys_stackheap_outer.o)
    0x000003aa   0x000003aa   0x00000010   Code   RO          598    .text               c_p.l(exit.o)
    0x000003ba   0x000003ba   0x00000002   PAD
    0x000003bc   0x000003bc   0x00000008   Code   RO          608    .text               c_p.l(libspace.o)
    0x000003c4   0x000003c4   0x0000000c   Code   RO          667    .text               c_p.l(sys_exit.o)
    0x000003d0   0x000003d0   0x00000002   Code   RO          690    .text               c_p.l(use_no_semi.o)
    0x000003d2   0x000003d2   0x00000000   Code   RO          692    .text               c_p.l(indicate_semi.o)
    0x000003d2   0x000003d2   0x0000001e   Code   RO          493    .text.MessageQueueRemove  RTX_CM0.lib(rtx_msgqueue.o)
    0x000003f0   0x000003f0   0x00000008   Code   RO          537    .text.OS_Tick_AcknowledgeIRQ  RTX_CM0.lib(os_systick.o)
    0x000003f8   0x000003f8   0x00000002   Code   RO           90    .text.osRtxKernelPreInit  RTX_CM0.lib(rtx_kernel.o)
    0x000003fa   0x000003fa   0x00000006   Code   RO          539    .text.OS_Tick_GetIRQn  RTX_CM0.lib(os_systick.o)
    0x00000400   0x00000400   0x00000010   Code   RO           68    .ARM.__at_0x400     startup_mkl25z4.o
    0x00000410   0x00000410   0x0000016c   Code   RO          565    .text               c_p.l(aeabi_sdiv.o)
    0x0000057c   0x0000057c   0x00000042   Code   RO          501    .text.MessageQueueGet  RTX_CM0.lib(rtx_msgqueue.o)
    0x000005be   0x000005be   0x0000005e   Code   RO          495    .text.MessageQueuePut  RTX_CM0.lib(rtx_msgqueue.o)
    0x0000061c   0x0000061c   0x00000024   Code   RO          533    .text.OS_Tick_Enable  RTX_CM0.lib(os_systick.o)
    0x00000640   0x00000640   0x00000048   Code   RO          531    .text.OS_Tick_Setup  RTX_CM0.lib(os_systick.o)
    0x00000688   0x00000688   0x0000022c   Code   RO           80    .text.SystemCoreClockUpdate  system_mkl25z4.o
    0x000008b4   0x000008b4   0x0000000c   Code   RO           78    .text.SystemInit    system_mkl25z4.o
    0x000008c0   0x000008c0   0x0000004a   Code   RO          236    .text.ThreadFlagsCheck  RTX_CM0.lib(rtx_thread.o)
    0x0000090a   0x0000090a   0x00000002   PAD
    0x0000090c   0x0000090c   0x00000048   Code   RO          326    .text.TimerInsert   RTX_CM0.lib(rtx_timer.o)
    0x00000954   0x00000954   0x00000022   Code   RO           27    .text._mutex_acquire  rtx_lib.o
    0x00000976   0x00000976   0x00000012   Code   RO           31    .text._mutex_free   rtx_lib.o
    0x00000988   0x00000988   0x00000034   Code   RO           25    .text._mutex_initialize  rtx_lib.o
    0x000009bc   0x000009bc   0x0000001e   Code   RO           29    .text._mutex_release  rtx_lib.o
    0x000009da   0x000009da   0x00000008   Code   RO           19    .text._platform_post_stackheap_init  rtx_lib.o
    0x000009e2   0x000009e2   0x00000026   Code   RO            6    .text.app_main      main.o
    0x00000a08   0x00000a08   0x00000070   Code   RO            2    .text.init_LED      main.o
    0x00000a78   0x00000a78   0x00000058   Code   RO            8    .text.led_toggle    main.o
    0x00000ad0   0x00000ad0   0x0000002c   Code   RO            4    .text.main          main.o
    0x00000afc   0x00000afc   0x00000028   Code   RO          292    .text.osDelay       RTX_CM0.lib(rtx_delay.o)
    0x00000b24   0x00000b24   0x00000030   Code   RO          100    .text.osKernelGetState  RTX_CM0.lib(rtx_kernel.o)
    0x00000b54   0x00000b54   0x00000028   Code   RO           94    .text.osKernelInitialize  RTX_CM0.lib(rtx_kernel.o)
    0x00000b7c   0x00000b7c   0x00000024   Code   RO          104    .text.osKernelStart  RTX_CM0.lib(rtx_kernel.o)
    0x00000ba0   0x00000ba0   0x00000074   Code   RO          469    .text.osMessageQueueGet  RTX_CM0.lib(rtx_msgqueue.o)
    0x00000c14   0x00000c14   0x00000074   Code   RO          467    .text.osMessageQueuePut  RTX_CM0.lib(rtx_msgqueue.o)
    0x00000c88   0x00000c88   0x00000028   Code   RO          358    .text.osMutexAcquire  RTX_CM0.lib(rtx_mutex.o)
    0x00000cb0   0x00000cb0   0x00000028   Code   RO          364    .text.osMutexDelete  RTX_CM0.lib(rtx_mutex.o)
    0x00000cd8   0x00000cd8   0x00000024   Code   RO          354    .text.osMutexNew    RTX_CM0.lib(rtx_mutex.o)
    0x00000cfc   0x00000cfc   0x00000028   Code   RO          360    .text.osMutexRelease  RTX_CM0.lib(rtx_mutex.o)
    0x00000d24   0x00000d24   0x00000040   Code   RO           57    .text.osRtxErrorNotify  rtx_config.o
    0x00000d64   0x00000d64   0x00000008   Code   RO           55    .text.osRtxIdleThread  rtx_config.o
    0x00000d6c   0x00000d6c   0x00000008   Code   RO           92    .text.osRtxKernelErrorNotify  RTX_CM0.lib(rtx_kernel.o)
    0x00000d74   0x00000d74   0x00000078   Code   RO          395    .text.osRtxMemoryAlloc  RTX_CM0.lib(rtx_memory.o)
    0x00000dec   0x00000dec   0x0000004e   Code   RO          397    .text.osRtxMemoryFree  RTX_CM0.lib(rtx_memory.o)
    0x00000e3a   0x00000e3a   0x0000002e   Code   RO          393    .text.osRtxMemoryInit  RTX_CM0.lib(rtx_memory.o)
    0x00000e68   0x00000e68   0x0000002a   Code   RO          409    .text.osRtxMemoryPoolAlloc  RTX_CM0.lib(rtx_mempool.o)
    0x00000e92   0x00000e92   0x00000036   Code   RO          411    .text.osRtxMemoryPoolFree  RTX_CM0.lib(rtx_mempool.o)
    0x00000ec8   0x00000ec8   0x0000003c   Code   RO          407    .text.osRtxMemoryPoolInit  RTX_CM0.lib(rtx_mempool.o)
    0x00000f04   0x00000f04   0x000000bc   Code   RO          491    .text.osRtxMessageQueuePostProcess  RTX_CM0.lib(rtx_msgqueue.o)
    0x00000fc0   0x00000fc0   0x00000024   Code   RO          459    .text.osRtxMessageQueueTimerSetup  RTX_CM0.lib(rtx_msgqueue.o)
    0x00000fe4   0x00000fe4   0x00000044   Code   RO          350    .text.osRtxMutexOwnerRelease  RTX_CM0.lib(rtx_mutex.o)
    0x00001028   0x00001028   0x00000046   Code   RO          352    .text.osRtxMutexOwnerRestore  RTX_CM0.lib(rtx_mutex.o)
    0x0000106e   0x0000106e   0x00000002   PAD
    0x00001070   0x00001070   0x00000080   Code   RO          519    .text.osRtxPendSV_Handler  RTX_CM0.lib(rtx_system.o)
    0x000010f0   0x000010f0   0x0000006c   Code   RO          521    .text.osRtxPostProcess  RTX_CM0.lib(rtx_system.o)
    0x0000115c   0x0000115c   0x00000034   Code   RO          176    .text.osRtxThreadBlock  RTX_CM0.lib(rtx_thread.o)
    0x00001190   0x00001190   0x0000008c   Code   RO          184    .text.osRtxThreadDelayInsert  RTX_CM0.lib(rtx_thread.o)
    0x0000121c   0x0000121c   0x00000044   Code   RO          180    .text.osRtxThreadDelayRemove  RTX_CM0.lib(rtx_thread.o)
    0x00001260   0x00001260   0x00000054   Code   RO          168    .text.osRtxThreadDelayTick  RTX_CM0.lib(rtx_thread.o)
    0x000012b4   0x000012b4   0x00000028   Code   RO          268    .text.osRtxThreadDestroy  RTX_CM0.lib(rtx_thread.o)
    0x000012dc   0x000012dc   0x0000004c   Code   RO          174    .text.osRtxThreadDispatch  RTX_CM0.lib(rtx_thread.o)
    0x00001328   0x00001328   0x00000054   Code   RO          260    .text.osRtxThreadFree  RTX_CM0.lib(rtx_thread.o)
    0x0000137c   0x0000137c   0x00000020   Code   RO          266    .text.osRtxThreadJoinWakeup  RTX_CM0.lib(rtx_thread.o)
    0x0000139c   0x0000139c   0x00000014   Code   RO          160    .text.osRtxThreadListGet  RTX_CM0.lib(rtx_thread.o)
    0x000013b0   0x000013b0   0x0000002c   Code   RO          158    .text.osRtxThreadListPut  RTX_CM0.lib(rtx_thread.o)
    0x000013dc   0x000013dc   0x00000018   Code   RO          164    .text.osRtxThreadListRemove  RTX_CM0.lib(rtx_thread.o)
    0x000013f4   0x000013f4   0x00000024   Code   RO          162    .text.osRtxThreadListSort  RTX_CM0.lib(rtx_thread.o)
    0x00001418   0x00001418   0x00000026   Code   RO          234    .text.osRtxThreadPostProcess  RTX_CM0.lib(rtx_thread.o)
    0x0000143e   0x0000143e   0x00000002   PAD
    0x00001440   0x00001440   0x00000014   Code   RO          166    .text.osRtxThreadReadyPut  RTX_CM0.lib(rtx_thread.o)
    0x00001454   0x00001454   0x00000006   Code   RO          170    .text.osRtxThreadRegPtr  RTX_CM0.lib(rtx_thread.o)
    0x0000145a   0x0000145a   0x00000002   PAD
    0x0000145c   0x0000145c   0x0000003c   Code   RO          186    .text.osRtxThreadStartup  RTX_CM0.lib(rtx_thread.o)
    0x00001498   0x00001498   0x00000010   Code   RO          172    .text.osRtxThreadSwitch  RTX_CM0.lib(rtx_thread.o)
    0x000014a8   0x000014a8   0x00000040   Code   RO          182    .text.osRtxThreadWaitEnter  RTX_CM0.lib(rtx_thread.o)
    0x000014e8   0x000014e8   0x00000022   Code   RO          178    .text.osRtxThreadWaitExit  RTX_CM0.lib(rtx_thread.o)
    0x0000150a   0x0000150a   0x00000002   PAD
    0x0000150c   0x0000150c   0x00000080   Code   RO          517    .text.osRtxTick_Handler  RTX_CM0.lib(rtx_system.o)
    0x0000158c   0x0000158c   0x00000024   Code   RO          308    .text.osRtxTimerSetup  RTX_CM0.lib(rtx_timer.o)
    0x000015b0   0x000015b0   0x0000001c   Code   RO          312    .text.osRtxTimerThread  RTX_CM0.lib(rtx_timer.o)
    0x000015cc   0x000015cc   0x00000074   Code   RO          310    .text.osRtxTimerTick  RTX_CM0.lib(rtx_timer.o)
    0x00001640   0x00001640   0x0000000c   Code   RO          218    .text.osThreadExit  RTX_CM0.lib(rtx_thread.o)
    0x0000164c   0x0000164c   0x00000024   Code   RO          190    .text.osThreadNew   RTX_CM0.lib(rtx_thread.o)
    0x00001670   0x00001670   0x0000002c   Code   RO           23    .text.os_kernel_is_active  rtx_lib.o
    0x0000169c   0x0000169c   0x00000018   Code   RO          296    .text.svcRtxDelay   RTX_CM0.lib(rtx_delay.o)
    0x000016b4   0x000016b4   0x0000000c   Code   RO          102    .text.svcRtxKernelGetState  RTX_CM0.lib(rtx_kernel.o)
    0x000016c0   0x000016c0   0x00000140   Code   RO          132    .text.svcRtxKernelInitialize  RTX_CM0.lib(rtx_kernel.o)
    0x00001800   0x00001800   0x00000084   Code   RO          134    .text.svcRtxKernelStart  RTX_CM0.lib(rtx_kernel.o)
    0x00001884   0x00001884   0x000000cc   Code   RO          503    .text.svcRtxMessageQueueGet  RTX_CM0.lib(rtx_msgqueue.o)
    0x00001950   0x00001950   0x000001c0   Code   RO          461    .text.svcRtxMessageQueueNew  RTX_CM0.lib(rtx_msgqueue.o)
    0x00001b10   0x00001b10   0x000000b0   Code   RO          499    .text.svcRtxMessageQueuePut  RTX_CM0.lib(rtx_msgqueue.o)
    0x00001bc0   0x00001bc0   0x00000094   Code   RO          370    .text.svcRtxMutexAcquire  RTX_CM0.lib(rtx_mutex.o)
    0x00001c54   0x00001c54   0x000000b4   Code   RO          376    .text.svcRtxMutexDelete  RTX_CM0.lib(rtx_mutex.o)
    0x00001d08   0x00001d08   0x00000070   Code   RO          366    .text.svcRtxMutexNew  RTX_CM0.lib(rtx_mutex.o)
    0x00001d78   0x00001d78   0x000000bc   Code   RO          372    .text.svcRtxMutexRelease  RTX_CM0.lib(rtx_mutex.o)
    0x00001e34   0x00001e34   0x0000004c   Code   RO          264    .text.svcRtxThreadExit  RTX_CM0.lib(rtx_thread.o)
    0x00001e80   0x00001e80   0x000001fc   Code   RO          188    .text.svcRtxThreadNew  RTX_CM0.lib(rtx_thread.o)
    0x0000207c   0x0000207c   0x00000070   Data   RO           37    .rodata             rtx_lib.o
    0x000020ec   0x000020ec   0x00000038   Data   RO           40    .rodata             rtx_lib.o
    0x00002124   0x00002124   0x00000004   Data   RO           39    .rodata.osRtxUserSVC  rtx_lib.o
    0x00002128   0x00002128   0x00000024   Data   RO           34    .rodata.os_idle_thread_attr  rtx_lib.o
    0x0000214c   0x0000214c   0x00000018   Data   RO           36    .rodata.os_timer_mq_attr  rtx_lib.o
    0x00002164   0x00002164   0x00000024   Data   RO           35    .rodata.os_timer_thread_attr  rtx_lib.o
    0x00002188   0x00002188   0x0000000b   Data   RO          148    .rodata.str1.4      RTX_CM0.lib(rtx_kernel.o)
    0x00002193   0x00002193   0x00000001   PAD
    0x00002194   0x00002194   0x00000020   Data   RO          745    Region$$Table       anon$$obj.o


    Execution Region ER_RW (Exec base: 0x1ffff000, Load base: 0x000021b4, Size: 0x000000a8, Max: 0xffffffff, ABSOLUTE)

    Exec Addr    Load Addr    Size         Type   Attr      Idx    E Section Name        Object

    0x1ffff000   0x000021b4   0x00000004   Data   RW           82    .data.SystemCoreClock  system_mkl25z4.o
    0x1ffff004   0x000021b8   0x000000a4   Data   RW          149    .data.os            RTX_CM0.lib(rtx_kernel.o)


    Execution Region ER_ZI (Exec base: 0x1ffff0a8, Load base: 0x0000225c, Size: 0x000086b8, Max: 0xffffffff, ABSOLUTE)

    Exec Addr    Load Addr    Size         Type   Attr      Idx    E Section Name        Object

    0x1ffff0a8        -       0x00000060   Zero   RW          609    .bss                c_p.l(libspace.o)
    0x1ffff108        -       0x00008040   Zero   RW           33    .bss.os             rtx_lib.o
    0x20007148        -       0x00000001   Zero   RW          549    .bss.os             RTX_CM0.lib(os_systick.o)
    0x20007149   0x0000225c   0x00000003   PAD
    0x2000714c        -       0x00000034   Zero   RW           45    .bss.os.msgqueue.cb  rtx_lib.o
    0x20007180        -       0x00000050   Zero   RW           46    .bss.os.msgqueue.mem  rtx_lib.o
    0x200071d0        -       0x00000088   Zero   RW           42    .bss.os.thread.cb   rtx_lib.o
    0x20007258        -       0x00000200   Zero   RW           43    .bss.os.thread.idle.stack  rtx_lib.o
    0x20007458        -       0x00000200   Zero   RW           44    .bss.os.thread.timer.stack  rtx_lib.o
    0x20007658        -       0x00000001   Zero   RW           47    .bss.os_kernel_is_active.os_kernel_active  rtx_lib.o
    0x20007659   0x0000225c   0x00000007   PAD
    0x20007660        -       0x00000000   Zero   RW           66    HEAP                startup_mkl25z4.o
    0x20007660        -       0x00000100   Zero   RW           65    STACK               startup_mkl25z4.o


==============================================================================

Image component sizes


      Code (inc. data)   RO Data    RW Data    ZI Data      Debug   Object Name

       282         40          0          0          0       2316   main.o
        72         20          0          0          0        704   rtx_config.o
       186          4        268          0      34125       7142   rtx_lib.o
        80         44        192          0        256        860   startup_mkl25z4.o
       568         52          0          4          0       2552   system_mkl25z4.o

    ----------------------------------------------------------------------
      1188        160        492          4      34388      13574   Object Totals
         0          0         32          0          0          0   (incl. Generated)
         0          0          0          0          7          0   (incl. Padding)

    ----------------------------------------------------------------------

      Code (inc. data)   RO Data    RW Data    ZI Data      Debug   Library Member Name

       164          8          0          0          0        658   irq_armv6m.o
       122         16          0          0          1       2812   os_systick.o
        64          4          0          0          0       2729   rtx_delay.o
       598         48         11        164          0      15793   rtx_kernel.o
       244          0          0          0          0       2665   rtx_memory.o
       156          0          0          0          0      14433   rtx_mempool.o
      1474         40          0          0          0      18183   rtx_msgqueue.o
       922         28          0          0          0       9527   rtx_mutex.o
       364         18          0          0          0       4871   rtx_system.o
      1644         52          0          0          0      31596   rtx_thread.o
       252         12          0          0          0       9965   rtx_timer.o
         8          0          0          0          0         68   __main.o
         0          0          0          0          0          0   __rtentry.o
        20          0          0          0          0          0   __rtentry2.o
         6          0          0          0          0          0   __rtentry4.o
        86         10          0          0          0          0   __scatter.o
        26          0          0          0          0          0   __scatter_copy.o
        28          0          0          0          0          0   __scatter_zi.o
       364          4          0          0          0         92   aeabi_sdiv.o
        16          0          0          0          0         68   exit.o
         6          0          0          0          0        136   heapauxi.o
         0          0          0          0          0          0   indicate_semi.o
         2          0          0          0          0          0   libinit.o
         2          0          0          0          0          0   libinit2.o
         2          0          0          0          0          0   libshutdown.o
         2          0          0          0          0          0   libshutdown2.o
         8          4          0          0         96         68   libspace.o
        64          0          0          0          0        108   rt_memclr.o
       186          0          0          0          0        144   rt_memcpy.o
         2          0          0          0          0          0   rtexit.o
        10          0          0          0          0          0   rtexit2.o
        12          4          0          0          0         60   sys_exit.o
        62          0          0          0          0         80   sys_stackheap_outer.o
         2          0          0          0          0         68   use_no_semi.o

    ----------------------------------------------------------------------
      6936        248         12        164        100     114124   Library Totals
        18          0          1          0          3          0   (incl. Padding)

    ----------------------------------------------------------------------

      Code (inc. data)   RO Data    RW Data    ZI Data      Debug   Library Name

      6004        226         11        164          1     113232   RTX_CM0.lib
       914         22          0          0         96        892   c_p.l

    ----------------------------------------------------------------------
      6936        248         12        164        100     114124   Library Totals

    ----------------------------------------------------------------------

==============================================================================


      Code (inc. data)   RO Data    RW Data    ZI Data      Debug   

      8124        408        504        168      34488     127222   Grand Totals
      8124        408        504        168      34488     127222   ELF Image Totals
      8124        408        504        168          0          0   ROM Totals

==============================================================================

    Total RO  Size (Code + RO Data)                 8628 (   8.43kB)
    Total RW  Size (RW Data + ZI Data)             34656 (  33.84kB)
    Total ROM Size (Code + RO Data + RW Data)       8796 (   8.59kB)

==============================================================================

