Component: ARM Compiler 6.13.1 Tool: armlink [5d895400]

==============================================================================

Section Cross References

    main.o(.text.red_led_thread) refers to rtx_delay.o(.text.osDelay) for osDelay
    main.o(.text.red_led_thread) refers to main.o(.bss.direction) for direction
    main.o(.ARM.exidx.text.red_led_thread) refers to main.o(.text.red_led_thread) for [Anonymous Symbol]
    main.o(.text.green_led_thread) refers to rtx_delay.o(.text.osDelay) for osDelay
    main.o(.text.green_led_thread) refers to main.o(.bss.direction) for direction
    main.o(.text.green_led_thread) refers to main.o(.data.GREEN_LED_PINS) for GREEN_LED_PINS
    main.o(.text.green_led_thread) refers to main.o(.data.GREEN_LED_GPIO) for GREEN_LED_GPIO
    main.o(.ARM.exidx.text.green_led_thread) refers to main.o(.text.green_led_thread) for [Anonymous Symbol]
    main.o(.text.init_LED) refers to main.o(.data.GREEN_LED_PORTS) for GREEN_LED_PORTS
    main.o(.text.init_LED) refers to main.o(.data.GREEN_LED_PINS) for GREEN_LED_PINS
    main.o(.text.init_LED) refers to main.o(.data.GREEN_LED_GPIO) for GREEN_LED_GPIO
    main.o(.ARM.exidx.text.init_LED) refers to main.o(.text.init_LED) for [Anonymous Symbol]
    main.o(.text.UART2_IRQHandler) refers to main.o(.text.__NVIC_ClearPendingIRQ) for __NVIC_ClearPendingIRQ
    main.o(.text.UART2_IRQHandler) refers to main.o(.bss.should_pause_music) for should_pause_music
    main.o(.text.UART2_IRQHandler) refers to main.o(.bss.trackPtr) for trackPtr
    main.o(.text.UART2_IRQHandler) refers to main.o(.bss.notePtr) for notePtr
    main.o(.text.UART2_IRQHandler) refers to main.o(.bss.direction) for direction
    main.o(.ARM.exidx.text.UART2_IRQHandler) refers to main.o(.text.UART2_IRQHandler) for [Anonymous Symbol]
    main.o(.ARM.exidx.text.__NVIC_ClearPendingIRQ) refers to main.o(.text.__NVIC_ClearPendingIRQ) for [Anonymous Symbol]
    main.o(.text.init_UART) refers to uidiv.o(.text) for __aeabi_uidiv
    main.o(.text.init_UART) refers to main.o(.text.__NVIC_ClearPendingIRQ) for __NVIC_ClearPendingIRQ
    main.o(.text.init_UART) refers to main.o(.text.__NVIC_EnableIRQ) for __NVIC_EnableIRQ
    main.o(.ARM.exidx.text.init_UART) refers to main.o(.text.init_UART) for [Anonymous Symbol]
    main.o(.ARM.exidx.text.__NVIC_EnableIRQ) refers to main.o(.text.__NVIC_EnableIRQ) for [Anonymous Symbol]
    main.o(.ARM.exidx.text.initPWM) refers to main.o(.text.initPWM) for [Anonymous Symbol]
    main.o(.text.motor_thread) refers to main.o(.bss.direction) for direction
    main.o(.ARM.exidx.text.motor_thread) refers to main.o(.text.motor_thread) for [Anonymous Symbol]
    main.o(.ARM.exidx.text.initAudioPWM) refers to main.o(.text.initAudioPWM) for [Anonymous Symbol]
    main.o(.text.audioThread) refers to main.o(.text.initAudioPWM) for initAudioPWM
    main.o(.text.audioThread) refers to rtx_delay.o(.text.osDelay) for osDelay
    main.o(.text.audioThread) refers to uidiv.o(.text) for __aeabi_uidiv
    main.o(.text.audioThread) refers to main.o(.bss.should_pause_music) for should_pause_music
    main.o(.text.audioThread) refers to main.o(.bss.trackPtr) for trackPtr
    main.o(.text.audioThread) refers to main.o(.data.NOTE_VALUES) for NOTE_VALUES
    main.o(.text.audioThread) refers to main.o(.bss.notePtr) for notePtr
    main.o(.text.audioThread) refers to main.o(.rodata.ADSR_VALUES) for ADSR_VALUES
    main.o(.text.audioThread) refers to main.o(.data.NOTE_DELAYS) for NOTE_DELAYS
    main.o(.text.audioThread) refers to main.o(.rodata.NOTE_SIZES) for NOTE_SIZES
    main.o(.ARM.exidx.text.audioThread) refers to main.o(.text.audioThread) for [Anonymous Symbol]
    main.o(.text.main) refers to memseta.o(.text) for __aeabi_memclr4
    main.o(.text.main) refers to system_mkl25z4.o(.text.SystemCoreClockUpdate) for SystemCoreClockUpdate
    main.o(.text.main) refers to main.o(.text.init_UART) for init_UART
    main.o(.text.main) refers to main.o(.text.init_LED) for init_LED
    main.o(.text.main) refers to main.o(.text.turn_off_leds) for turn_off_leds
    main.o(.text.main) refers to main.o(.text.initPWM) for initPWM
    main.o(.text.main) refers to rtx_kernel.o(.text.osKernelInitialize) for osKernelInitialize
    main.o(.text.main) refers to rtx_thread.o(.text.osThreadNew) for osThreadNew
    main.o(.text.main) refers to rtx_kernel.o(.text.osKernelStart) for osKernelStart
    main.o(.text.main) refers to main.o(.text.motor_thread) for motor_thread
    main.o(.text.main) refers to main.o(.text.red_led_thread) for red_led_thread
    main.o(.text.main) refers to main.o(.text.green_led_thread) for green_led_thread
    main.o(.text.main) refers to main.o(.text.audioThread) for audioThread
    main.o(.ARM.exidx.text.main) refers to main.o(.text.main) for [Anonymous Symbol]
    main.o(.ARM.exidx.text.turn_off_leds) refers to main.o(.text.turn_off_leds) for [Anonymous Symbol]
    main.o(.data.NOTE_VALUES) refers to main.o(.rodata.NOTE_VALUES_1) for NOTE_VALUES_1
[...]
    entry.o(.ARM.Collect$$$$00000000) refers (Special) to entry9a.o(.ARM.Collect$$$$0000000B) for _main_init
    entry.o(.ARM.Collect$$$$00000000) refers (Special) to entry5.o(.ARM.Collect$$$$00000004) for _main_scatterload
    entry.o(.ARM.Collect$$$$00000000) refers (Special) to entry2.o(.ARM.Collect$$$$00000001) for _main_stk
    entry2.o(.ARM.Collect$$$$00000001) refers to entry2.o(.ARM.Collect$$$$00002712) for __lit__00000000
    entry2.o(.ARM.Collect$$$$00002712) refers to startup_mkl25z4.o(STACK) for __initial_sp
    entry2.o(__vectab_stack_and_reset_area) refers to startup_mkl25z4.o(STACK) for __initial_sp
    entry2.o(__vectab_stack_and_reset_area) refers to entry.o(.ARM.Collect$$$$00000000) for __main
    entry5.o(.ARM.Collect$$$$00000004) refers to init.o(.text) for __scatterload
    entry9a.o(.ARM.Collect$$$$0000000B) refers to main.o(.text.main) for main
    entry9b.o(.ARM.Collect$$$$0000000C) refers to main.o(.text.main) for main
    init.o(.text) refers to entry5.o(.ARM.Collect$$$$00000004) for __main_after_scatterload


==============================================================================

Removing Unused input sections from the image.

    Removing main.o(.text), (0 bytes).
    Removing main.o(.ARM.exidx.text.red_led_thread), (8 bytes).
    Removing main.o(.ARM.exidx.text.green_led_thread), (8 bytes).
    Removing main.o(.ARM.exidx.text.init_LED), (8 bytes).
    Removing main.o(.ARM.exidx.text.UART2_IRQHandler), (8 bytes).
    Removing main.o(.ARM.exidx.text.__NVIC_ClearPendingIRQ), (8 bytes).
    Removing main.o(.ARM.exidx.text.init_UART), (8 bytes).
    Removing main.o(.ARM.exidx.text.__NVIC_EnableIRQ), (8 bytes).
    Removing main.o(.ARM.exidx.text.initPWM), (8 bytes).
    Removing main.o(.ARM.exidx.text.motor_thread), (8 bytes).
    Removing main.o(.ARM.exidx.text.initAudioPWM), (8 bytes).
    Removing main.o(.ARM.exidx.text.audioThread), (8 bytes).
    Removing main.o(.ARM.exidx.text.main), (8 bytes).
    Removing main.o(.ARM.exidx.text.turn_off_leds), (8 bytes).
    Removing rtx_lib.o(.text), (0 bytes).
    Removing rtx_lib.o(.data.irqRtxLibRef), (4 bytes).
    Removing rtx_config.o(.text), (0 bytes).
    Removing rtx_config.o(.ARM.exidx.text.osRtxIdleThread), (8 bytes).
    Removing rtx_config.o(.ARM.exidx.text.osRtxErrorNotify), (8 bytes).
    Removing startup_mkl25z4.o(HEAP), (0 bytes).
    Removing system_mkl25z4.o(.text), (0 bytes).
    Removing system_mkl25z4.o(.ARM.exidx.text.SystemInit), (8 bytes).
    Removing system_mkl25z4.o(.ARM.exidx.text.SystemCoreClockUpdate), (8 bytes).
    Removing rtx_kernel.o(.text), (0 bytes).
    Removing rtx_kernel.o(.ARM.exidx.text.osRtxKernelPreInit), (8 bytes).
    Removing rtx_kernel.o(.ARM.exidx.text.osKernelInitialize), (8 bytes).
    Removing rtx_kernel.o(.text.osKernelGetInfo), (44 bytes).
    Removing rtx_kernel.o(.ARM.exidx.text.osKernelGetInfo), (8 bytes).
    Removing rtx_kernel.o(.text.svcRtxKernelGetInfo), (56 bytes).
    Removing rtx_kernel.o(.ARM.exidx.text.svcRtxKernelGetInfo), (8 bytes).
    Removing rtx_kernel.o(.text.osKernelGetState), (48 bytes).
    Removing rtx_kernel.o(.ARM.exidx.text.osKernelGetState), (8 bytes).
    Removing rtx_kernel.o(.text.svcRtxKernelGetState), (12 bytes).
    Removing rtx_kernel.o(.ARM.exidx.text.svcRtxKernelGetState), (8 bytes).
    Removing rtx_kernel.o(.ARM.exidx.text.osKernelStart), (8 bytes).
    Removing rtx_kernel.o(.text.osKernelLock), (36 bytes).
    Removing rtx_kernel.o(.ARM.exidx.text.osKernelLock), (8 bytes).
    Removing rtx_kernel.o(.text.osKernelUnlock), (36 bytes).
    Removing rtx_kernel.o(.ARM.exidx.text.osKernelUnlock), (8 bytes).
    Removing rtx_kernel.o(.text.osKernelRestoreLock), (40 bytes).
    Removing rtx_kernel.o(.ARM.exidx.text.osKernelRestoreLock), (8 bytes).
    Removing rtx_kernel.o(.text.osKernelSuspend), (32 bytes).
    Removing rtx_kernel.o(.ARM.exidx.text.osKernelSuspend), (8 bytes).
    Removing rtx_kernel.o(.text.osKernelResume), (32 bytes).
    Removing rtx_kernel.o(.ARM.exidx.text.osKernelResume), (8 bytes).
    Removing rtx_kernel.o(.text.osKernelGetTickCount), (40 bytes).
    Removing rtx_kernel.o(.ARM.exidx.text.osKernelGetTickCount), (8 bytes).
    Removing rtx_kernel.o(.text.svcRtxKernelGetTickCount), (12 bytes).
    Removing rtx_kernel.o(.ARM.exidx.text.svcRtxKernelGetTickCount), (8 bytes).
    Removing rtx_kernel.o(.text.osKernelGetTickFreq), (40 bytes).
    Removing rtx_kernel.o(.ARM.exidx.text.osKernelGetTickFreq), (8 bytes).
    Removing rtx_kernel.o(.text.svcRtxKernelGetTickFreq), (12 bytes).
    Removing rtx_kernel.o(.ARM.exidx.text.svcRtxKernelGetTickFreq), (8 bytes).
    Removing rtx_kernel.o(.text.osKernelGetSysTimerCount), (36 bytes).
    Removing rtx_kernel.o(.ARM.exidx.text.osKernelGetSysTimerCount), (8 bytes).
    Removing rtx_kernel.o(.text.svcRtxKernelGetSysTimerCount), (44 bytes).
    Removing rtx_kernel.o(.ARM.exidx.text.svcRtxKernelGetSysTimerCount), (8 bytes).
    Removing rtx_kernel.o(.text.osKernelGetSysTimerFreq), (36 bytes).
    Removing rtx_kernel.o(.ARM.exidx.text.osKernelGetSysTimerFreq), (8 bytes).
    Removing rtx_kernel.o(.text.svcRtxKernelGetSysTimerFreq), (8 bytes).
    Removing rtx_kernel.o(.ARM.exidx.text.svcRtxKernelGetSysTimerFreq), (8 bytes).
    Removing rtx_kernel.o(.ARM.exidx.text.svcRtxKernelInitialize), (8 bytes).
    Removing rtx_kernel.o(.ARM.exidx.text.svcRtxKernelStart), (8 bytes).
    Removing rtx_kernel.o(.text.svcRtxKernelLock), (36 bytes).
    Removing rtx_kernel.o(.ARM.exidx.text.svcRtxKernelLock), (8 bytes).
    Removing rtx_kernel.o(.text.svcRtxKernelUnlock), (36 bytes).
    Removing rtx_kernel.o(.ARM.exidx.text.svcRtxKernelUnlock), (8 bytes).
    Removing rtx_kernel.o(.text.svcRtxKernelRestoreLock), (48 bytes).
    Removing rtx_kernel.o(.ARM.exidx.text.svcRtxKernelRestoreLock), (8 bytes).
    Removing rtx_kernel.o(.text.svcRtxKernelSuspend), (84 bytes).
    Removing rtx_kernel.o(.ARM.exidx.text.svcRtxKernelSuspend), (8 bytes).
    Removing rtx_kernel.o(.text.svcRtxKernelResume), (136 bytes).
    Removing rtx_kernel.o(.ARM.exidx.text.svcRtxKernelResume), (8 bytes).
    Removing rtx_thread.o(.text), (0 bytes).
    Removing rtx_thread.o(.ARM.exidx.text.osRtxThreadListPut), (8 bytes).
    Removing rtx_thread.o(.ARM.exidx.text.osRtxThreadListGet), (8 bytes).
    Removing rtx_thread.o(.text.osRtxThreadListSort), (38 bytes).
    Removing rtx_thread.o(.ARM.exidx.text.osRtxThreadListSort), (8 bytes).
    Removing rtx_thread.o(.ARM.exidx.text.osRtxThreadListRemove), (8 bytes).
    Removing rtx_thread.o(.ARM.exidx.text.osRtxThreadReadyPut), (8 bytes).
    Removing rtx_thread.o(.ARM.exidx.text.osRtxThreadDelayTick), (8 bytes).
    Removing rtx_thread.o(.ARM.exidx.text.osRtxThreadRegPtr), (8 bytes).
    Removing rtx_thread.o(.ARM.exidx.text.osRtxThreadSwitch), (8 bytes).
    Removing rtx_thread.o(.ARM.exidx.text.osRtxThreadStackCheck), (8 bytes).
    Removing rtx_thread.o(.ARM.exidx.text.osRtxThreadDispatch), (8 bytes).
    Removing rtx_thread.o(.ARM.exidx.text.osRtxThreadBlock), (8 bytes).
    Removing rtx_thread.o(.ARM.exidx.text.osRtxThreadWaitExit), (8 bytes).
    Removing rtx_thread.o(.ARM.exidx.text.osRtxThreadDelayRemove), (8 bytes).
    Removing rtx_thread.o(.ARM.exidx.text.osRtxThreadWaitEnter), (8 bytes).
    Removing rtx_thread.o(.ARM.exidx.text.osRtxThreadDelayInsert), (8 bytes).
    Removing rtx_thread.o(.ARM.exidx.text.osRtxThreadStartup), (8 bytes).
    Removing rtx_thread.o(.ARM.exidx.text.svcRtxThreadNew), (8 bytes).
    Removing rtx_thread.o(.ARM.exidx.text.osThreadNew), (8 bytes).
    Removing rtx_thread.o(.text.osThreadGetName), (36 bytes).
    Removing rtx_thread.o(.ARM.exidx.text.osThreadGetName), (8 bytes).
    Removing rtx_thread.o(.text.osThreadGetId), (40 bytes).
    Removing rtx_thread.o(.ARM.exidx.text.osThreadGetId), (8 bytes).
    Removing rtx_thread.o(.text.svcRtxThreadGetId), (12 bytes).
    Removing rtx_thread.o(.ARM.exidx.text.svcRtxThreadGetId), (8 bytes).
    Removing rtx_thread.o(.text.osThreadGetState), (40 bytes).
    Removing rtx_thread.o(.ARM.exidx.text.osThreadGetState), (8 bytes).
    Removing rtx_thread.o(.text.osThreadGetStackSize), (36 bytes).
    Removing rtx_thread.o(.ARM.exidx.text.osThreadGetStackSize), (8 bytes).
    Removing rtx_thread.o(.text.osThreadGetStackSpace), (36 bytes).
    Removing rtx_thread.o(.ARM.exidx.text.osThreadGetStackSpace), (8 bytes).
    Removing rtx_thread.o(.text.osThreadSetPriority), (40 bytes).
    Removing rtx_thread.o(.ARM.exidx.text.osThreadSetPriority), (8 bytes).
    Removing rtx_thread.o(.text.osThreadGetPriority), (40 bytes).
    Removing rtx_thread.o(.ARM.exidx.text.osThreadGetPriority), (8 bytes).
    Removing rtx_thread.o(.text.osThreadYield), (36 bytes).
    Removing rtx_thread.o(.ARM.exidx.text.osThreadYield), (8 bytes).
    Removing rtx_thread.o(.text.osThreadSuspend), (40 bytes).
    Removing rtx_thread.o(.ARM.exidx.text.osThreadSuspend), (8 bytes).
    Removing rtx_thread.o(.text.osThreadResume), (40 bytes).
    Removing rtx_thread.o(.ARM.exidx.text.osThreadResume), (8 bytes).
    Removing rtx_thread.o(.text.osThreadDetach), (40 bytes).
    Removing rtx_thread.o(.ARM.exidx.text.osThreadDetach), (8 bytes).
    Removing rtx_thread.o(.text.osThreadJoin), (40 bytes).
    Removing rtx_thread.o(.ARM.exidx.text.osThreadJoin), (8 bytes).
    Removing rtx_thread.o(.ARM.exidx.text.osThreadExit), (8 bytes).
    Removing rtx_thread.o(.text.osThreadTerminate), (40 bytes).
    Removing rtx_thread.o(.ARM.exidx.text.osThreadTerminate), (8 bytes).
    Removing rtx_thread.o(.text.osThreadGetCount), (32 bytes).
    Removing rtx_thread.o(.ARM.exidx.text.osThreadGetCount), (8 bytes).
    Removing rtx_thread.o(.text.osThreadEnumerate), (36 bytes).
    Removing rtx_thread.o(.ARM.exidx.text.osThreadEnumerate), (8 bytes).
    Removing rtx_thread.o(.text.osThreadFlagsSet), (88 bytes).
    Removing rtx_thread.o(.ARM.exidx.text.osThreadFlagsSet), (8 bytes).
    Removing rtx_thread.o(.text.osThreadFlagsClear), (40 bytes).
    Removing rtx_thread.o(.ARM.exidx.text.osThreadFlagsClear), (8 bytes).
    Removing rtx_thread.o(.text.osThreadFlagsGet), (32 bytes).
    Removing rtx_thread.o(.ARM.exidx.text.osThreadFlagsGet), (8 bytes).
    Removing rtx_thread.o(.text.osThreadFlagsWait), (40 bytes).
    Removing rtx_thread.o(.ARM.exidx.text.osThreadFlagsWait), (8 bytes).
    Removing rtx_thread.o(.ARM.exidx.text.osRtxThreadPostProcess), (8 bytes).
    Removing rtx_thread.o(.ARM.exidx.text.ThreadFlagsCheck), (8 bytes).
    Removing rtx_thread.o(.text.svcRtxThreadGetName), (18 bytes).
    Removing rtx_thread.o(.ARM.exidx.text.svcRtxThreadGetName), (8 bytes).
    Removing rtx_thread.o(.text.svcRtxThreadGetState), (24 bytes).
    Removing rtx_thread.o(.ARM.exidx.text.svcRtxThreadGetState), (8 bytes).
    Removing rtx_thread.o(.text.svcRtxThreadGetStackSize), (18 bytes).
    Removing rtx_thread.o(.ARM.exidx.text.svcRtxThreadGetStackSize), (8 bytes).
    Removing rtx_thread.o(.text.svcRtxThreadGetStackSpace), (68 bytes).
    Removing rtx_thread.o(.ARM.exidx.text.svcRtxThreadGetStackSpace), (8 bytes).
    Removing rtx_thread.o(.text.svcRtxThreadSetPriority), (72 bytes).
    Removing rtx_thread.o(.ARM.exidx.text.svcRtxThreadSetPriority), (8 bytes).
    Removing rtx_thread.o(.text.svcRtxThreadGetPriority), (28 bytes).
    Removing rtx_thread.o(.ARM.exidx.text.svcRtxThreadGetPriority), (8 bytes).
    Removing rtx_thread.o(.text.svcRtxThreadYield), (56 bytes).
    Removing rtx_thread.o(.ARM.exidx.text.svcRtxThreadYield), (8 bytes).
    Removing rtx_thread.o(.text.svcRtxThreadSuspend), (136 bytes).
    Removing rtx_thread.o(.ARM.exidx.text.svcRtxThreadSuspend), (8 bytes).
    Removing rtx_thread.o(.text.svcRtxThreadResume), (54 bytes).
    Removing rtx_thread.o(.ARM.exidx.text.svcRtxThreadResume), (8 bytes).
    Removing rtx_thread.o(.text.svcRtxThreadDetach), (58 bytes).
    Removing rtx_thread.o(.ARM.exidx.text.svcRtxThreadDetach), (8 bytes).
    Removing rtx_thread.o(.text.osRtxThreadListUnlink), (36 bytes).
    Removing rtx_thread.o(.ARM.exidx.text.osRtxThreadListUnlink), (8 bytes).
    Removing rtx_thread.o(.ARM.exidx.text.osRtxThreadFree), (8 bytes).
    Removing rtx_thread.o(.text.svcRtxThreadJoin), (92 bytes).
    Removing rtx_thread.o(.ARM.exidx.text.svcRtxThreadJoin), (8 bytes).
    Removing rtx_thread.o(.ARM.exidx.text.svcRtxThreadExit), (8 bytes).
    Removing rtx_thread.o(.text.svcRtxThreadTerminate), (188 bytes).
    Removing rtx_thread.o(.ARM.exidx.text.svcRtxThreadTerminate), (8 bytes).
    Removing rtx_thread.o(.text.svcRtxThreadGetCount), (56 bytes).
    Removing rtx_thread.o(.ARM.exidx.text.svcRtxThreadGetCount), (8 bytes).
    Removing rtx_thread.o(.text.svcRtxThreadEnumerate), (96 bytes).
    Removing rtx_thread.o(.ARM.exidx.text.svcRtxThreadEnumerate), (8 bytes).
    Removing rtx_thread.o(.text.svcRtxThreadFlagsSet), (108 bytes).
    Removing rtx_thread.o(.ARM.exidx.text.svcRtxThreadFlagsSet), (8 bytes).
    Removing rtx_thread.o(.text.svcRtxThreadFlagsClear), (56 bytes).
    Removing rtx_thread.o(.ARM.exidx.text.svcRtxThreadFlagsClear), (8 bytes).
    Removing rtx_thread.o(.text.svcRtxThreadFlagsGet), (20 bytes).
    Removing rtx_thread.o(.ARM.exidx.text.svcRtxThreadFlagsGet), (8 bytes).
    Removing rtx_thread.o(.text.svcRtxThreadFlagsWait), (80 bytes).
    Removing rtx_thread.o(.ARM.exidx.text.svcRtxThreadFlagsWait), (8 bytes).
    Removing rtx_delay.o(.text), (0 bytes).
    Removing rtx_delay.o(.ARM.exidx.text.osDelay), (8 bytes).
    Removing rtx_delay.o(.text.osDelayUntil), (40 bytes).
    Removing rtx_delay.o(.ARM.exidx.text.osDelayUntil), (8 bytes).
    Removing rtx_delay.o(.ARM.exidx.text.svcRtxDelay), (8 bytes).
    Removing rtx_delay.o(.text.svcRtxDelayUntil), (32 bytes).
    Removing rtx_delay.o(.ARM.exidx.text.svcRtxDelayUntil), (8 bytes).
    Removing irq_cm0.o(.constdata), (1 bytes).
    Removing rtx_timer.o(.text), (0 bytes).
    Removing rtx_timer.o(.ARM.exidx.text.osRtxTimerThread), (8 bytes).
    Removing rtx_timer.o(.ARM.exidx.text.osRtxTimerTick), (8 bytes).
    Removing rtx_timer.o(.text.osTimerNew), (36 bytes).
    Removing rtx_timer.o(.ARM.exidx.text.osTimerNew), (8 bytes).
    Removing rtx_timer.o(.text.osTimerGetName), (36 bytes).
    Removing rtx_timer.o(.ARM.exidx.text.osTimerGetName), (8 bytes).
    Removing rtx_timer.o(.text.osTimerStart), (40 bytes).
    Removing rtx_timer.o(.ARM.exidx.text.osTimerStart), (8 bytes).
    Removing rtx_timer.o(.text.osTimerStop), (40 bytes).
    Removing rtx_timer.o(.ARM.exidx.text.osTimerStop), (8 bytes).
    Removing rtx_timer.o(.text.osTimerIsRunning), (36 bytes).
    Removing rtx_timer.o(.ARM.exidx.text.osTimerIsRunning), (8 bytes).
    Removing rtx_timer.o(.text.osTimerDelete), (40 bytes).
    Removing rtx_timer.o(.ARM.exidx.text.osTimerDelete), (8 bytes).
    Removing rtx_timer.o(.ARM.exidx.text.TimerInsert), (8 bytes).
    Removing rtx_timer.o(.text.svcRtxTimerNew), (132 bytes).
    Removing rtx_timer.o(.ARM.exidx.text.svcRtxTimerNew), (8 bytes).
    Removing rtx_timer.o(.text.svcRtxTimerGetName), (18 bytes).
    Removing rtx_timer.o(.ARM.exidx.text.svcRtxTimerGetName), (8 bytes).
    Removing rtx_timer.o(.text.svcRtxTimerStart), (72 bytes).
    Removing rtx_timer.o(.ARM.exidx.text.svcRtxTimerStart), (8 bytes).
    Removing rtx_timer.o(.text.TimerRemove), (40 bytes).
    Removing rtx_timer.o(.ARM.exidx.text.TimerRemove), (8 bytes).
    Removing rtx_timer.o(.text.svcRtxTimerStop), (42 bytes).
    Removing rtx_timer.o(.ARM.exidx.text.svcRtxTimerStop), (8 bytes).
    Removing rtx_timer.o(.text.svcRtxTimerIsRunning), (24 bytes).
    Removing rtx_timer.o(.ARM.exidx.text.svcRtxTimerIsRunning), (8 bytes).
    Removing rtx_timer.o(.text.svcRtxTimerDelete), (76 bytes).
    Removing rtx_timer.o(.ARM.exidx.text.svcRtxTimerDelete), (8 bytes).
    Removing rtx_mutex.o(.text), (0 bytes).
    Removing rtx_mutex.o(.ARM.exidx.text.osRtxMutexOwnerRelease), (8 bytes).
    Removing rtx_mutex.o(.text.osMutexNew), (36 bytes).
    Removing rtx_mutex.o(.ARM.exidx.text.osMutexNew), (8 bytes).
    Removing rtx_mutex.o(.text.osMutexGetName), (36 bytes).
    Removing rtx_mutex.o(.ARM.exidx.text.osMutexGetName), (8 bytes).
    Removing rtx_mutex.o(.text.osMutexAcquire), (40 bytes).
    Removing rtx_mutex.o(.ARM.exidx.text.osMutexAcquire), (8 bytes).
    Removing rtx_mutex.o(.text.osMutexRelease), (40 bytes).
    Removing rtx_mutex.o(.ARM.exidx.text.osMutexRelease), (8 bytes).
    Removing rtx_mutex.o(.text.osMutexGetOwner), (36 bytes).
    Removing rtx_mutex.o(.ARM.exidx.text.osMutexGetOwner), (8 bytes).
    Removing rtx_mutex.o(.text.osMutexDelete), (40 bytes).
    Removing rtx_mutex.o(.ARM.exidx.text.osMutexDelete), (8 bytes).
    Removing rtx_mutex.o(.text.svcRtxMutexNew), (112 bytes).
    Removing rtx_mutex.o(.ARM.exidx.text.svcRtxMutexNew), (8 bytes).
    Removing rtx_mutex.o(.text.svcRtxMutexGetName), (18 bytes).
    Removing rtx_mutex.o(.ARM.exidx.text.svcRtxMutexGetName), (8 bytes).
    Removing rtx_mutex.o(.text.svcRtxMutexAcquire), (152 bytes).
    Removing rtx_mutex.o(.ARM.exidx.text.svcRtxMutexAcquire), (8 bytes).
    Removing rtx_mutex.o(.text.svcRtxMutexRelease), (192 bytes).
    Removing rtx_mutex.o(.ARM.exidx.text.svcRtxMutexRelease), (8 bytes).
    Removing rtx_mutex.o(.text.svcRtxMutexGetOwner), (24 bytes).
    Removing rtx_mutex.o(.ARM.exidx.text.svcRtxMutexGetOwner), (8 bytes).
    Removing rtx_mutex.o(.text.svcRtxMutexDelete), (188 bytes).
    Removing rtx_mutex.o(.ARM.exidx.text.svcRtxMutexDelete), (8 bytes).
    Removing rtx_memory.o(.text), (0 bytes).
    Removing rtx_memory.o(.ARM.exidx.text.osRtxMemoryInit), (8 bytes).
    Removing rtx_memory.o(.ARM.exidx.text.osRtxMemoryAlloc), (8 bytes).
    Removing rtx_memory.o(.ARM.exidx.text.osRtxMemoryFree), (8 bytes).
    Removing rtx_mempool.o(.text), (0 bytes).
    Removing rtx_mempool.o(.ARM.exidx.text.osRtxMemoryPoolInit), (8 bytes).
    Removing rtx_mempool.o(.ARM.exidx.text.osRtxMemoryPoolAlloc), (8 bytes).
    Removing rtx_mempool.o(.ARM.exidx.text.osRtxMemoryPoolFree), (8 bytes).
    Removing rtx_mempool.o(.text.osMemoryPoolNew), (36 bytes).
    Removing rtx_mempool.o(.ARM.exidx.text.osMemoryPoolNew), (8 bytes).
    Removing rtx_mempool.o(.text.osMemoryPoolGetName), (36 bytes).
    Removing rtx_mempool.o(.ARM.exidx.text.osMemoryPoolGetName), (8 bytes).
    Removing rtx_mempool.o(.text.osMemoryPoolAlloc), (56 bytes).
    Removing rtx_mempool.o(.ARM.exidx.text.osMemoryPoolAlloc), (8 bytes).
    Removing rtx_mempool.o(.text.osMemoryPoolFree), (72 bytes).
    Removing rtx_mempool.o(.ARM.exidx.text.osMemoryPoolFree), (8 bytes).
    Removing rtx_mempool.o(.text.osMemoryPoolGetCapacity), (48 bytes).
    Removing rtx_mempool.o(.ARM.exidx.text.osMemoryPoolGetCapacity), (8 bytes).
    Removing rtx_mempool.o(.text.svcRtxMemoryPoolGetCapacity), (18 bytes).
    Removing rtx_mempool.o(.ARM.exidx.text.svcRtxMemoryPoolGetCapacity), (8 bytes).
    Removing rtx_mempool.o(.text.osMemoryPoolGetBlockSize), (48 bytes).
    Removing rtx_mempool.o(.ARM.exidx.text.osMemoryPoolGetBlockSize), (8 bytes).
    Removing rtx_mempool.o(.text.svcRtxMemoryPoolGetBlockSize), (18 bytes).
    Removing rtx_mempool.o(.ARM.exidx.text.svcRtxMemoryPoolGetBlockSize), (8 bytes).
    Removing rtx_mempool.o(.text.osMemoryPoolGetCount), (48 bytes).
    Removing rtx_mempool.o(.ARM.exidx.text.osMemoryPoolGetCount), (8 bytes).
    Removing rtx_mempool.o(.text.svcRtxMemoryPoolGetCount), (18 bytes).
    Removing rtx_mempool.o(.ARM.exidx.text.svcRtxMemoryPoolGetCount), (8 bytes).
    Removing rtx_mempool.o(.text.osMemoryPoolGetSpace), (36 bytes).
    Removing rtx_mempool.o(.ARM.exidx.text.osMemoryPoolGetSpace), (8 bytes).
    Removing rtx_mempool.o(.text.svcRtxMemoryPoolGetSpace), (22 bytes).
    Removing rtx_mempool.o(.ARM.exidx.text.svcRtxMemoryPoolGetSpace), (8 bytes).
    Removing rtx_mempool.o(.text.osMemoryPoolDelete), (40 bytes).
    Removing rtx_mempool.o(.ARM.exidx.text.osMemoryPoolDelete), (8 bytes).
    Removing rtx_mempool.o(.text.svcRtxMemoryPoolNew), (444 bytes).
    Removing rtx_mempool.o(.ARM.exidx.text.svcRtxMemoryPoolNew), (8 bytes).
    Removing rtx_mempool.o(.text.osRtxMemoryPoolPostProcess), (40 bytes).
    Removing rtx_mempool.o(.ARM.exidx.text.osRtxMemoryPoolPostProcess), (8 bytes).
    Removing rtx_mempool.o(.text.svcRtxMemoryPoolGetName), (18 bytes).
    Removing rtx_mempool.o(.ARM.exidx.text.svcRtxMemoryPoolGetName), (8 bytes).
    Removing rtx_mempool.o(.text.svcRtxMemoryPoolAlloc), (64 bytes).
    Removing rtx_mempool.o(.ARM.exidx.text.svcRtxMemoryPoolAlloc), (8 bytes).
    Removing rtx_mempool.o(.text.svcRtxMemoryPoolFree), (72 bytes).
    Removing rtx_mempool.o(.ARM.exidx.text.svcRtxMemoryPoolFree), (8 bytes).
    Removing rtx_mempool.o(.text.svcRtxMemoryPoolDelete), (112 bytes).
    Removing rtx_mempool.o(.ARM.exidx.text.svcRtxMemoryPoolDelete), (8 bytes).
    Removing rtx_system.o(.text), (0 bytes).
    Removing rtx_system.o(.ARM.exidx.text.osRtxTick_Handler), (8 bytes).
    Removing rtx_system.o(.ARM.exidx.text.osRtxPendSV_Handler), (8 bytes).
    Removing rtx_system.o(.ARM.exidx.text.osRtxPostProcess), (8 bytes).
    Removing os_systick.o(.text), (0 bytes).
    Removing os_systick.o(.ARM.exidx.text.OS_Tick_Setup), (8 bytes).
    Removing os_systick.o(.ARM.exidx.text.OS_Tick_Enable), (8 bytes).
    Removing os_systick.o(.text.OS_Tick_Disable), (40 bytes).
    Removing os_systick.o(.ARM.exidx.text.OS_Tick_Disable), (8 bytes).
    Removing os_systick.o(.ARM.exidx.text.OS_Tick_AcknowledgeIRQ), (8 bytes).
    Removing os_systick.o(.ARM.exidx.text.OS_Tick_GetIRQn), (8 bytes).
    Removing os_systick.o(.text.OS_Tick_GetClock), (12 bytes).
    Removing os_systick.o(.ARM.exidx.text.OS_Tick_GetClock), (8 bytes).
    Removing os_systick.o(.text.OS_Tick_GetInterval), (12 bytes).
    Removing os_systick.o(.ARM.exidx.text.OS_Tick_GetInterval), (8 bytes).
    Removing os_systick.o(.text.OS_Tick_GetCount), (16 bytes).
    Removing os_systick.o(.ARM.exidx.text.OS_Tick_GetCount), (8 bytes).
    Removing os_systick.o(.text.OS_Tick_GetOverflow), (16 bytes).
    Removing os_systick.o(.ARM.exidx.text.OS_Tick_GetOverflow), (8 bytes).
    Removing rtx_msgqueue.o(.text), (0 bytes).
    Removing rtx_msgqueue.o(.ARM.exidx.text.osMessageQueueNew), (8 bytes).
    Removing rtx_msgqueue.o(.text.osMessageQueueGetName), (36 bytes).
    Removing rtx_msgqueue.o(.ARM.exidx.text.osMessageQueueGetName), (8 bytes).
    Removing rtx_msgqueue.o(.ARM.exidx.text.osMessageQueuePut), (8 bytes).
    Removing rtx_msgqueue.o(.ARM.exidx.text.osMessageQueueGet), (8 bytes).
    Removing rtx_msgqueue.o(.text.osMessageQueueGetCapacity), (48 bytes).
    Removing rtx_msgqueue.o(.ARM.exidx.text.osMessageQueueGetCapacity), (8 bytes).
    Removing rtx_msgqueue.o(.text.svcRtxMessageQueueGetCapacity), (18 bytes).
    Removing rtx_msgqueue.o(.ARM.exidx.text.svcRtxMessageQueueGetCapacity), (8 bytes).
    Removing rtx_msgqueue.o(.text.osMessageQueueGetMsgSize), (48 bytes).
    Removing rtx_msgqueue.o(.ARM.exidx.text.osMessageQueueGetMsgSize), (8 bytes).
    Removing rtx_msgqueue.o(.text.svcRtxMessageQueueGetMsgSize), (18 bytes).
    Removing rtx_msgqueue.o(.ARM.exidx.text.svcRtxMessageQueueGetMsgSize), (8 bytes).
    Removing rtx_msgqueue.o(.text.osMessageQueueGetCount), (48 bytes).
    Removing rtx_msgqueue.o(.ARM.exidx.text.osMessageQueueGetCount), (8 bytes).
    Removing rtx_msgqueue.o(.text.svcRtxMessageQueueGetCount), (18 bytes).
    Removing rtx_msgqueue.o(.ARM.exidx.text.svcRtxMessageQueueGetCount), (8 bytes).
    Removing rtx_msgqueue.o(.text.osMessageQueueGetSpace), (36 bytes).
    Removing rtx_msgqueue.o(.ARM.exidx.text.osMessageQueueGetSpace), (8 bytes).
    Removing rtx_msgqueue.o(.text.svcRtxMessageQueueGetSpace), (22 bytes).
    Removing rtx_msgqueue.o(.ARM.exidx.text.svcRtxMessageQueueGetSpace), (8 bytes).
    Removing rtx_msgqueue.o(.text.osMessageQueueReset), (40 bytes).
    Removing rtx_msgqueue.o(.ARM.exidx.text.osMessageQueueReset), (8 bytes).
    Removing rtx_msgqueue.o(.text.osMessageQueueDelete), (40 bytes).
    Removing rtx_msgqueue.o(.ARM.exidx.text.osMessageQueueDelete), (8 bytes).
    Removing rtx_msgqueue.o(.ARM.exidx.text.svcRtxMessageQueueNew), (8 bytes).
    Removing rtx_msgqueue.o(.ARM.exidx.text.osRtxMessageQueuePostProcess), (8 bytes).
    Removing rtx_msgqueue.o(.ARM.exidx.text.MessageQueueRemove), (8 bytes).
    Removing rtx_msgqueue.o(.ARM.exidx.text.MessageQueuePut), (8 bytes).
    Removing rtx_msgqueue.o(.text.svcRtxMessageQueueGetName), (18 bytes).
    Removing rtx_msgqueue.o(.ARM.exidx.text.svcRtxMessageQueueGetName), (8 bytes).
    Removing rtx_msgqueue.o(.ARM.exidx.text.svcRtxMessageQueuePut), (8 bytes).
    Removing rtx_msgqueue.o(.ARM.exidx.text.MessageQueueGet), (8 bytes).
    Removing rtx_msgqueue.o(.ARM.exidx.text.svcRtxMessageQueueGet), (8 bytes).
    Removing rtx_msgqueue.o(.text.svcRtxMessageQueueReset), (162 bytes).
    Removing rtx_msgqueue.o(.ARM.exidx.text.svcRtxMessageQueueReset), (8 bytes).
    Removing rtx_msgqueue.o(.text.svcRtxMessageQueueDelete), (112 bytes).
    Removing rtx_msgqueue.o(.ARM.exidx.text.svcRtxMessageQueueDelete), (8 bytes).

344 unused section(s) (total 8219 bytes) removed from the image.

==============================================================================

Image Symbol Table

    Local Symbols

    Symbol Name                              Value     Ov Type        Size  Object(Section)

    ../clib/microlib/division.c              0x00000000   Number         0  uidiv.o ABSOLUTE
    ../clib/microlib/init/entry.s            0x00000000   Number         0  entry.o ABSOLUTE
    ../clib/microlib/init/entry.s            0x00000000   Number         0  entry2.o ABSOLUTE
    ../clib/microlib/init/entry.s            0x00000000   Number         0  entry5.o ABSOLUTE
    ../clib/microlib/init/entry.s            0x00000000   Number         0  entry7a.o ABSOLUTE
    ../clib/microlib/init/entry.s            0x00000000   Number         0  entry7b.o ABSOLUTE
    ../clib/microlib/init/entry.s            0x00000000   Number         0  entry8a.o ABSOLUTE
    ../clib/microlib/init/entry.s            0x00000000   Number         0  entry8b.o ABSOLUTE
    ../clib/microlib/init/entry.s            0x00000000   Number         0  entry9a.o ABSOLUTE
    ../clib/microlib/init/entry.s            0x00000000   Number         0  entry9b.o ABSOLUTE
    ../clib/microlib/init/entry.s            0x00000000   Number         0  entry10a.o ABSOLUTE
    ../clib/microlib/init/entry.s            0x00000000   Number         0  entry10b.o ABSOLUTE
    ../clib/microlib/init/entry.s            0x00000000   Number         0  entry11a.o ABSOLUTE
    ../clib/microlib/init/entry.s            0x00000000   Number         0  entry11b.o ABSOLUTE
    ../clib/microlib/string/memcpy.c         0x00000000   Number         0  memcpya.o ABSOLUTE
    ../clib/microlib/string/memcpy.c         0x00000000   Number         0  memcpyb.o ABSOLUTE
    ../clib/microlib/string/memset.c         0x00000000   Number         0  memseta.o ABSOLUTE
    ..\..\..\Source\ARM\irq_cm0.s            0x00000000   Number         0  irq_cm0.o ABSOLUTE
    RTE\Device\MKL25Z128xxx4\startup_MKL25Z4.s 0x00000000   Number         0  startup_mkl25z4.o ABSOLUTE
    RTX_Config.c                             0x00000000   Number         0  rtx_config.o ABSOLUTE
    dc.s                                     0x00000000   Number         0  dc.o ABSOLUTE
    handlers.s                               0x00000000   Number         0  handlers.o ABSOLUTE
    init.s                                   0x00000000   Number         0  init.o ABSOLUTE
    main.c                                   0x00000000   Number         0  main.o ABSOLUTE
    os_systick.c                             0x00000000   Number         0  os_systick.o ABSOLUTE
    rtx_delay.c                              0x00000000   Number         0  rtx_delay.o ABSOLUTE
    rtx_kernel.c                             0x00000000   Number         0  rtx_kernel.o ABSOLUTE
    rtx_lib.c                                0x00000000   Number         0  rtx_lib.o ABSOLUTE
    rtx_memory.c                             0x00000000   Number         0  rtx_memory.o ABSOLUTE
    rtx_mempool.c                            0x00000000   Number         0  rtx_mempool.o ABSOLUTE
    rtx_msgqueue.c                           0x00000000   Number         0  rtx_msgqueue.o ABSOLUTE
    rtx_mutex.c                              0x00000000   Number         0  rtx_mutex.o ABSOLUTE
    rtx_system.c                             0x00000000   Number         0  rtx_system.o ABSOLUTE
    rtx_thread.c                             0x00000000   Number         0  rtx_thread.o ABSOLUTE
    rtx_timer.c                              0x00000000   Number         0  rtx_timer.o ABSOLUTE
    system_MKL25Z4.c                         0x00000000   Number         0  system_mkl25z4.o ABSOLUTE
    RESET                                    0x00000000   Section      192  startup_mkl25z4.o(RESET)
    .ARM.Collect$$$$00000000                 0x000000c0   Section        0  entry.o(.ARM.Collect$$$$00000000)
    .ARM.Collect$$$$00000001                 0x000000c0   Section        4  entry2.o(.ARM.Collect$$$$00000001)
    .ARM.Collect$$$$00000004                 0x000000c4   Section        4  entry5.o(.ARM.Collect$$$$00000004)
    .ARM.Collect$$$$00000008                 0x000000c8   Section        0  entry7b.o(.ARM.Collect$$$$00000008)
    .ARM.Collect$$$$0000000A                 0x000000c8   Section        0  entry8b.o(.ARM.Collect$$$$0000000A)
    .ARM.Collect$$$$0000000B                 0x000000c8   Section        8  entry9a.o(.ARM.Collect$$$$0000000B)
    __lit__00000000                          0x000000d0   Data           4  entry2.o(.ARM.Collect$$$$00002712)
    .ARM.Collect$$$$0000000D                 0x000000d0   Section        0  entry10a.o(.ARM.Collect$$$$0000000D)
    .ARM.Collect$$$$0000000F                 0x000000d0   Section        0  entry11a.o(.ARM.Collect$$$$0000000F)
    .ARM.Collect$$$$00002712                 0x000000d0   Section        4  entry2.o(.ARM.Collect$$$$00002712)
    .text                                    0x000000d4   Section       40  startup_mkl25z4.o(.text)
    .text                                    0x000000fc   Section      164  irq_cm0.o(.text)
    .text                                    0x000001a0   Section        0  uidiv.o(.text)
    .text                                    0x000001cc   Section        0  memcpya.o(.text)
    .text                                    0x000001f0   Section        0  memseta.o(.text)
    .text                                    0x00000214   Section       36  init.o(.text)
    MessageQueueGet                          0x00000239   Thumb Code    76  rtx_msgqueue.o(.text.MessageQueueGet)
    [Anonymous Symbol]                       0x00000238   Section        0  rtx_msgqueue.o(.text.MessageQueueGet)
    MessageQueuePut                          0x00000285   Thumb Code    98  rtx_msgqueue.o(.text.MessageQueuePut)
    [Anonymous Symbol]                       0x00000284   Section        0  rtx_msgqueue.o(.text.MessageQueuePut)
    MessageQueueRemove                       0x000002e7   Thumb Code    30  rtx_msgqueue.o(.text.MessageQueueRemove)
    [Anonymous Symbol]                       0x000002e6   Section        0  rtx_msgqueue.o(.text.MessageQueueRemove)
    [Anonymous Symbol]                       0x00000304   Section        0  os_systick.o(.text.OS_Tick_AcknowledgeIRQ)
    [Anonymous Symbol]                       0x0000030c   Section        0  os_systick.o(.text.OS_Tick_Enable)
    __arm_cp.1_1                             0x0000032c   Number         4  os_systick.o(.text.OS_Tick_Enable)
    [Anonymous Symbol]                       0x00000330   Section        0  os_systick.o(.text.OS_Tick_GetIRQn)
    [Anonymous Symbol]                       0x00000338   Section        0  os_systick.o(.text.OS_Tick_Setup)
    __arm_cp.0_1                             0x00000374   Number         4  os_systick.o(.text.OS_Tick_Setup)
    __arm_cp.0_2                             0x00000378   Number         4  os_systick.o(.text.OS_Tick_Setup)
    __arm_cp.0_3                             0x0000037c   Number         4  os_systick.o(.text.OS_Tick_Setup)
    ThreadFlagsCheck                         0x00000381   Thumb Code    78  rtx_thread.o(.text.ThreadFlagsCheck)
    [Anonymous Symbol]                       0x00000380   Section        0  rtx_thread.o(.text.ThreadFlagsCheck)
    [Anonymous Symbol]                       0x000003ce   Section        0  rtx_config.o(.text.osRtxIdleThread)
    [Anonymous Symbol]                       0x000003d6   Section        0  rtx_kernel.o(.text.osRtxKernelPreInit)
    [Anonymous Symbol]                       0x000003d8   Section        0  rtx_thread.o(.text.osRtxThreadListGet)
    i.__scatterload_null                     0x000003ec   Section        2  handlers.o(i.__scatterload_null)
    [Anonymous Symbol]                       0x000003ee   Section        0  rtx_thread.o(.text.osRtxThreadRegPtr)
    [Anonymous Symbol]                       0x000003f4   Section        0  rtx_thread.o(.text.osThreadExit)
    __arm_cp.31_0                            0x000003fc   Number         4  rtx_thread.o(.text.osThreadExit)
    .ARM.__at_0x400                          0x00000400   Section       16  startup_mkl25z4.o(.ARM.__at_0x400)
    [Anonymous Symbol]                       0x00000410   Section        0  system_mkl25z4.o(.text.SystemCoreClockUpdate)
    __arm_cp.1_1                             0x00000614   Number         4  system_mkl25z4.o(.text.SystemCoreClockUpdate)
    __arm_cp.1_4                             0x00000618   Number         4  system_mkl25z4.o(.text.SystemCoreClockUpdate)
    __arm_cp.1_8                             0x0000061c   Number         4  system_mkl25z4.o(.text.SystemCoreClockUpdate)
    __arm_cp.1_9                             0x00000620   Number         4  system_mkl25z4.o(.text.SystemCoreClockUpdate)
    __arm_cp.1_11                            0x00000624   Number         4  system_mkl25z4.o(.text.SystemCoreClockUpdate)
    [Anonymous Symbol]                       0x00000628   Section        0  system_mkl25z4.o(.text.SystemInit)
    __arm_cp.0_0                             0x00000728   Number         4  system_mkl25z4.o(.text.SystemInit)
    __arm_cp.0_1                             0x0000072c   Number         4  system_mkl25z4.o(.text.SystemInit)
    __arm_cp.0_2                             0x00000730   Number         4  system_mkl25z4.o(.text.SystemInit)
    __arm_cp.0_3                             0x00000734   Number         4  system_mkl25z4.o(.text.SystemInit)
    __arm_cp.0_4                             0x00000738   Number         4  system_mkl25z4.o(.text.SystemInit)
    __arm_cp.0_5                             0x0000073c   Number         4  system_mkl25z4.o(.text.SystemInit)
    __arm_cp.0_6                             0x00000740   Number         4  system_mkl25z4.o(.text.SystemInit)
    __arm_cp.0_7                             0x00000744   Number         4  system_mkl25z4.o(.text.SystemInit)
    __arm_cp.0_8                             0x00000748   Number         4  system_mkl25z4.o(.text.SystemInit)
    __arm_cp.0_9                             0x0000074c   Number         4  system_mkl25z4.o(.text.SystemInit)
    __arm_cp.0_10                            0x00000750   Number         4  system_mkl25z4.o(.text.SystemInit)
    __arm_cp.0_11                            0x00000754   Number         4  system_mkl25z4.o(.text.SystemInit)
    __arm_cp.0_12                            0x00000758   Number         4  system_mkl25z4.o(.text.SystemInit)
    __arm_cp.0_13                            0x0000075c   Number         4  system_mkl25z4.o(.text.SystemInit)
    __arm_cp.0_14                            0x00000760   Number         4  system_mkl25z4.o(.text.SystemInit)
    __arm_cp.0_15                            0x00000764   Number         4  system_mkl25z4.o(.text.SystemInit)
    __arm_cp.0_16                            0x00000768   Number         4  system_mkl25z4.o(.text.SystemInit)
    __arm_cp.0_17                            0x0000076c   Number         4  system_mkl25z4.o(.text.SystemInit)
    __arm_cp.0_18                            0x00000770   Number         4  system_mkl25z4.o(.text.SystemInit)
    __arm_cp.0_19                            0x00000774   Number         4  system_mkl25z4.o(.text.SystemInit)
    TimerInsert                              0x00000779   Thumb Code    76  rtx_timer.o(.text.TimerInsert)
    [Anonymous Symbol]                       0x00000778   Section        0  rtx_timer.o(.text.TimerInsert)
    __arm_cp.8_0                             0x000007c0   Number         4  rtx_timer.o(.text.TimerInsert)
    [Anonymous Symbol]                       0x000007c4   Section        0  main.o(.text.UART2_IRQHandler)
    __arm_cp.3_0                             0x00000840   Number         4  main.o(.text.UART2_IRQHandler)
    __arm_cp.3_1                             0x00000844   Number         4  main.o(.text.UART2_IRQHandler)
    __NVIC_ClearPendingIRQ                   0x00000849   Thumb Code    44  main.o(.text.__NVIC_ClearPendingIRQ)
    [Anonymous Symbol]                       0x00000848   Section        0  main.o(.text.__NVIC_ClearPendingIRQ)
    __arm_cp.4_0                             0x00000870   Number         4  main.o(.text.__NVIC_ClearPendingIRQ)
    __NVIC_EnableIRQ                         0x00000875   Thumb Code    44  main.o(.text.__NVIC_EnableIRQ)
    [Anonymous Symbol]                       0x00000874   Section        0  main.o(.text.__NVIC_EnableIRQ)
    __arm_cp.6_0                             0x0000089c   Number         4  main.o(.text.__NVIC_EnableIRQ)
    [Anonymous Symbol]                       0x000008a0   Section        0  main.o(.text.audioThread)
    __arm_cp.10_0                            0x00000978   Number         4  main.o(.text.audioThread)
    __arm_cp.10_1                            0x0000097c   Number         4  main.o(.text.audioThread)
    __arm_cp.10_2                            0x00000980   Number         4  main.o(.text.audioThread)
    __arm_cp.10_3                            0x00000984   Number         4  main.o(.text.audioThread)
    __arm_cp.10_4                            0x00000988   Number         4  main.o(.text.audioThread)
    __arm_cp.10_5                            0x0000098c   Number         4  main.o(.text.audioThread)
    __arm_cp.10_6                            0x00000990   Number         4  main.o(.text.audioThread)
    __arm_cp.10_7                            0x00000994   Number         4  main.o(.text.audioThread)
    __arm_cp.10_8                            0x00000998   Number         4  main.o(.text.audioThread)
    __arm_cp.10_9                            0x0000099c   Number         4  main.o(.text.audioThread)
    [Anonymous Symbol]                       0x000009a0   Section        0  main.o(.text.green_led_thread)
    __arm_cp.1_0                             0x00000a74   Number         4  main.o(.text.green_led_thread)
    [Anonymous Symbol]                       0x00000a78   Section        0  main.o(.text.initAudioPWM)
    __arm_cp.9_2                             0x00000ae8   Number         4  main.o(.text.initAudioPWM)
    __arm_cp.9_4                             0x00000aec   Number         4  main.o(.text.initAudioPWM)
    __arm_cp.9_5                             0x00000af0   Number         4  main.o(.text.initAudioPWM)
    [Anonymous Symbol]                       0x00000af4   Section        0  main.o(.text.initPWM)
    __arm_cp.7_1                             0x00000bbc   Number         4  main.o(.text.initPWM)
    __arm_cp.7_3                             0x00000bc0   Number         4  main.o(.text.initPWM)
    __arm_cp.7_4                             0x00000bc4   Number         4  main.o(.text.initPWM)
    __arm_cp.7_5                             0x00000bc8   Number         4  main.o(.text.initPWM)
    __arm_cp.7_6                             0x00000bcc   Number         4  main.o(.text.initPWM)
    __arm_cp.7_7                             0x00000bd0   Number         4  main.o(.text.initPWM)
    __arm_cp.7_8                             0x00000bd4   Number         4  main.o(.text.initPWM)
    __arm_cp.7_9                             0x00000bd8   Number         4  main.o(.text.initPWM)
    __arm_cp.7_10                            0x00000bdc   Number         4  main.o(.text.initPWM)
    __arm_cp.7_11                            0x00000be0   Number         4  main.o(.text.initPWM)
    __arm_cp.7_12                            0x00000be4   Number         4  main.o(.text.initPWM)
    __arm_cp.7_13                            0x00000be8   Number         4  main.o(.text.initPWM)
    __arm_cp.7_14                            0x00000bec   Number         4  main.o(.text.initPWM)
    [Anonymous Symbol]                       0x00000bf0   Section        0  main.o(.text.init_LED)
    __arm_cp.2_1                             0x00000c7c   Number         4  main.o(.text.init_LED)
    __arm_cp.2_2                             0x00000c80   Number         4  main.o(.text.init_LED)
    __arm_cp.2_3                             0x00000c84   Number         4  main.o(.text.init_LED)
    __arm_cp.2_4                             0x00000c88   Number         4  main.o(.text.init_LED)
    __arm_cp.2_5                             0x00000c8c   Number         4  main.o(.text.init_LED)
    [Anonymous Symbol]                       0x00000c90   Section        0  main.o(.text.init_UART)
    __arm_cp.5_0                             0x00000d20   Number         4  main.o(.text.init_UART)
    __arm_cp.5_1                             0x00000d24   Number         4  main.o(.text.init_UART)
    __arm_cp.5_2                             0x00000d28   Number         4  main.o(.text.init_UART)
    __arm_cp.5_3                             0x00000d2c   Number         4  main.o(.text.init_UART)
    __arm_cp.5_4                             0x00000d30   Number         4  main.o(.text.init_UART)
    __arm_cp.5_5                             0x00000d34   Number         4  main.o(.text.init_UART)
    __arm_cp.5_6                             0x00000d38   Number         4  main.o(.text.init_UART)
    __arm_cp.5_7                             0x00000d3c   Number         4  main.o(.text.init_UART)
    __arm_cp.5_8                             0x00000d40   Number         4  main.o(.text.init_UART)
    __arm_cp.5_9                             0x00000d44   Number         4  main.o(.text.init_UART)
    __arm_cp.5_10                            0x00000d48   Number         4  main.o(.text.init_UART)
    [Anonymous Symbol]                       0x00000d4c   Section        0  main.o(.text.main)
    __arm_cp.11_0                            0x00000dc4   Number         4  main.o(.text.main)
    __arm_cp.11_1                            0x00000dc8   Number         4  main.o(.text.main)
    __arm_cp.11_2                            0x00000dcc   Number         4  main.o(.text.main)
    __arm_cp.11_3                            0x00000dd0   Number         4  main.o(.text.main)
    [Anonymous Symbol]                       0x00000dd4   Section        0  main.o(.text.motor_thread)
    __arm_cp.8_0                             0x00000eec   Number         4  main.o(.text.motor_thread)
    __arm_cp.8_1                             0x00000ef0   Number         4  main.o(.text.motor_thread)
    __arm_cp.8_2                             0x00000ef4   Number         4  main.o(.text.motor_thread)
    __arm_cp.8_3                             0x00000ef8   Number         4  main.o(.text.motor_thread)
    __arm_cp.8_4                             0x00000efc   Number         4  main.o(.text.motor_thread)
    __arm_cp.8_5                             0x00000f00   Number         4  main.o(.text.motor_thread)
    __arm_cp.8_6                             0x00000f04   Number         4  main.o(.text.motor_thread)
    [Anonymous Symbol]                       0x00000f08   Section        0  rtx_delay.o(.text.osDelay)
    __arm_cp.0_0                             0x00000f2c   Number         4  rtx_delay.o(.text.osDelay)
    [Anonymous Symbol]                       0x00000f30   Section        0  rtx_kernel.o(.text.osKernelInitialize)
    __arm_cp.1_0                             0x00000f54   Number         4  rtx_kernel.o(.text.osKernelInitialize)
    [Anonymous Symbol]                       0x00000f58   Section        0  rtx_kernel.o(.text.osKernelStart)
    __arm_cp.6_0                             0x00000f78   Number         4  rtx_kernel.o(.text.osKernelStart)
    [Anonymous Symbol]                       0x00000f7c   Section        0  rtx_msgqueue.o(.text.osMessageQueueGet)
    __arm_cp.3_0                             0x00000fec   Number         4  rtx_msgqueue.o(.text.osMessageQueueGet)
    [Anonymous Symbol]                       0x00000ff0   Section        0  rtx_msgqueue.o(.text.osMessageQueueNew)
    __arm_cp.0_0                             0x00001010   Number         4  rtx_msgqueue.o(.text.osMessageQueueNew)
    [Anonymous Symbol]                       0x00001014   Section        0  rtx_msgqueue.o(.text.osMessageQueuePut)
    __arm_cp.2_0                             0x00001088   Number         4  rtx_msgqueue.o(.text.osMessageQueuePut)
    [Anonymous Symbol]                       0x0000108c   Section        0  rtx_config.o(.text.osRtxErrorNotify)
    [Anonymous Symbol]                       0x000010be   Section        0  rtx_memory.o(.text.osRtxMemoryAlloc)
    [Anonymous Symbol]                       0x0000113a   Section        0  rtx_memory.o(.text.osRtxMemoryFree)
    [Anonymous Symbol]                       0x00001188   Section        0  rtx_memory.o(.text.osRtxMemoryInit)
    [Anonymous Symbol]                       0x000011ba   Section        0  rtx_mempool.o(.text.osRtxMemoryPoolAlloc)
    [Anonymous Symbol]                       0x000011e8   Section        0  rtx_mempool.o(.text.osRtxMemoryPoolFree)
    [Anonymous Symbol]                       0x00001222   Section        0  rtx_mempool.o(.text.osRtxMemoryPoolInit)
    osRtxMessageQueuePostProcess             0x00001261   Thumb Code   188  rtx_msgqueue.o(.text.osRtxMessageQueuePostProcess)
    [Anonymous Symbol]                       0x00001260   Section        0  rtx_msgqueue.o(.text.osRtxMessageQueuePostProcess)
    [Anonymous Symbol]                       0x0000131c   Section        0  rtx_mutex.o(.text.osRtxMutexOwnerRelease)
    [Anonymous Symbol]                       0x00001360   Section        0  rtx_system.o(.text.osRtxPendSV_Handler)
    [Anonymous Symbol]                       0x000013dc   Section        0  rtx_system.o(.text.osRtxPostProcess)
    __arm_cp.2_1                             0x00001440   Number         4  rtx_system.o(.text.osRtxPostProcess)
    osRtxThreadBlock                         0x00001445   Thumb Code    52  rtx_thread.o(.text.osRtxThreadBlock)
    [Anonymous Symbol]                       0x00001444   Section        0  rtx_thread.o(.text.osRtxThreadBlock)
    osRtxThreadDelayInsert                   0x00001479   Thumb Code   124  rtx_thread.o(.text.osRtxThreadDelayInsert)
    [Anonymous Symbol]                       0x00001478   Section        0  rtx_thread.o(.text.osRtxThreadDelayInsert)
    osRtxThreadDelayRemove                   0x000014f5   Thumb Code    64  rtx_thread.o(.text.osRtxThreadDelayRemove)
    [Anonymous Symbol]                       0x000014f4   Section        0  rtx_thread.o(.text.osRtxThreadDelayRemove)
    [Anonymous Symbol]                       0x00001534   Section        0  rtx_thread.o(.text.osRtxThreadDelayTick)
    [Anonymous Symbol]                       0x00001568   Section        0  rtx_thread.o(.text.osRtxThreadDispatch)
    osRtxThreadFree                          0x000015b5   Thumb Code    80  rtx_thread.o(.text.osRtxThreadFree)
    [Anonymous Symbol]                       0x000015b4   Section        0  rtx_thread.o(.text.osRtxThreadFree)
    [Anonymous Symbol]                       0x00001604   Section        0  rtx_thread.o(.text.osRtxThreadListPut)
    [Anonymous Symbol]                       0x00001630   Section        0  rtx_thread.o(.text.osRtxThreadListRemove)
    osRtxThreadPostProcess                   0x00001649   Thumb Code    38  rtx_thread.o(.text.osRtxThreadPostProcess)
    [Anonymous Symbol]                       0x00001648   Section        0  rtx_thread.o(.text.osRtxThreadPostProcess)
    [Anonymous Symbol]                       0x00001670   Section        0  rtx_thread.o(.text.osRtxThreadReadyPut)
    [Anonymous Symbol]                       0x00001684   Section        0  rtx_thread.o(.text.osRtxThreadStackCheck)
    __arm_cp.8_1                             0x000016a8   Number         4  rtx_thread.o(.text.osRtxThreadStackCheck)
    [Anonymous Symbol]                       0x000016ac   Section        0  rtx_thread.o(.text.osRtxThreadStartup)
    __arm_cp.15_1                            0x000016dc   Number         4  rtx_thread.o(.text.osRtxThreadStartup)
    __arm_cp.15_3                            0x000016e0   Number         4  rtx_thread.o(.text.osRtxThreadStartup)
    [Anonymous Symbol]                       0x000016e4   Section        0  rtx_thread.o(.text.osRtxThreadSwitch)
    __arm_cp.7_0                             0x000016f4   Number         4  rtx_thread.o(.text.osRtxThreadSwitch)
    [Anonymous Symbol]                       0x000016f8   Section        0  rtx_thread.o(.text.osRtxThreadWaitEnter)
    __arm_cp.13_0                            0x00001730   Number         4  rtx_thread.o(.text.osRtxThreadWaitEnter)
    [Anonymous Symbol]                       0x00001734   Section        0  rtx_thread.o(.text.osRtxThreadWaitExit)
    [Anonymous Symbol]                       0x00001758   Section        0  rtx_system.o(.text.osRtxTick_Handler)
    [Anonymous Symbol]                       0x000017c8   Section        0  rtx_timer.o(.text.osRtxTimerThread)
    __arm_cp.0_1                             0x000017f8   Number         4  rtx_timer.o(.text.osRtxTimerThread)
    __arm_cp.0_2                             0x000017fc   Number         4  rtx_timer.o(.text.osRtxTimerThread)
    osRtxTimerTick                           0x00001801   Thumb Code    96  rtx_timer.o(.text.osRtxTimerTick)
    [Anonymous Symbol]                       0x00001800   Section        0  rtx_timer.o(.text.osRtxTimerTick)
    __arm_cp.1_0                             0x0000185c   Number         4  rtx_timer.o(.text.osRtxTimerTick)
    [Anonymous Symbol]                       0x00001860   Section        0  rtx_thread.o(.text.osThreadNew)
    __arm_cp.17_0                            0x00001880   Number         4  rtx_thread.o(.text.osThreadNew)
    [Anonymous Symbol]                       0x00001884   Section        0  main.o(.text.red_led_thread)
    __arm_cp.0_0                             0x000018f4   Number         4  main.o(.text.red_led_thread)
    __arm_cp.0_1                             0x000018f8   Number         4  main.o(.text.red_led_thread)
    __arm_cp.0_2                             0x000018fc   Number         4  main.o(.text.red_led_thread)
    svcRtxDelay                              0x00001901   Thumb Code    18  rtx_delay.o(.text.svcRtxDelay)
    [Anonymous Symbol]                       0x00001900   Section        0  rtx_delay.o(.text.svcRtxDelay)
    svcRtxKernelInitialize                   0x00001915   Thumb Code   328  rtx_kernel.o(.text.svcRtxKernelInitialize)
    [Anonymous Symbol]                       0x00001914   Section        0  rtx_kernel.o(.text.svcRtxKernelInitialize)
    __arm_cp.20_0                            0x00001a50   Number         4  rtx_kernel.o(.text.svcRtxKernelInitialize)
    __arm_cp.20_1                            0x00001a54   Number         4  rtx_kernel.o(.text.svcRtxKernelInitialize)
    __arm_cp.20_2                            0x00001a58   Number         4  rtx_kernel.o(.text.svcRtxKernelInitialize)
    svcRtxKernelStart                        0x00001a5d   Thumb Code   132  rtx_kernel.o(.text.svcRtxKernelStart)
    [Anonymous Symbol]                       0x00001a5c   Section        0  rtx_kernel.o(.text.svcRtxKernelStart)
    __arm_cp.21_0                            0x00001ad0   Number         4  rtx_kernel.o(.text.svcRtxKernelStart)
    __arm_cp.21_1                            0x00001ad4   Number         4  rtx_kernel.o(.text.svcRtxKernelStart)
    __arm_cp.21_2                            0x00001ad8   Number         4  rtx_kernel.o(.text.svcRtxKernelStart)
    __arm_cp.21_3                            0x00001adc   Number         4  rtx_kernel.o(.text.svcRtxKernelStart)
    svcRtxMessageQueueGet                    0x00001ae1   Thumb Code   232  rtx_msgqueue.o(.text.svcRtxMessageQueueGet)
    [Anonymous Symbol]                       0x00001ae0   Section        0  rtx_msgqueue.o(.text.svcRtxMessageQueueGet)
    __arm_cp.21_0                            0x00001bc4   Number         4  rtx_msgqueue.o(.text.svcRtxMessageQueueGet)
    svcRtxMessageQueueNew                    0x00001bc9   Thumb Code   484  rtx_msgqueue.o(.text.svcRtxMessageQueueNew)
    [Anonymous Symbol]                       0x00001bc8   Section        0  rtx_msgqueue.o(.text.svcRtxMessageQueueNew)
    __arm_cp.14_0                            0x00001d94   Number         4  rtx_msgqueue.o(.text.svcRtxMessageQueueNew)
    __arm_cp.14_1                            0x00001d98   Number         4  rtx_msgqueue.o(.text.svcRtxMessageQueueNew)
    __arm_cp.14_2                            0x00001d9c   Number         4  rtx_msgqueue.o(.text.svcRtxMessageQueueNew)
    __arm_cp.14_3                            0x00001da0   Number         4  rtx_msgqueue.o(.text.svcRtxMessageQueueNew)
    __arm_cp.14_4                            0x00001da4   Number         4  rtx_msgqueue.o(.text.svcRtxMessageQueueNew)
    __arm_cp.14_5                            0x00001da8   Number         4  rtx_msgqueue.o(.text.svcRtxMessageQueueNew)
    svcRtxMessageQueuePut                    0x00001dad   Thumb Code   184  rtx_msgqueue.o(.text.svcRtxMessageQueuePut)
    [Anonymous Symbol]                       0x00001dac   Section        0  rtx_msgqueue.o(.text.svcRtxMessageQueuePut)
    svcRtxThreadExit                         0x00001e65   Thumb Code   108  rtx_thread.o(.text.svcRtxThreadExit)
    [Anonymous Symbol]                       0x00001e64   Section        0  rtx_thread.o(.text.svcRtxThreadExit)
    __arm_cp.54_0                            0x00001ecc   Number         4  rtx_thread.o(.text.svcRtxThreadExit)
    svcRtxThreadNew                          0x00001ed1   Thumb Code   492  rtx_thread.o(.text.svcRtxThreadNew)
    [Anonymous Symbol]                       0x00001ed0   Section        0  rtx_thread.o(.text.svcRtxThreadNew)
    __arm_cp.16_0                            0x000020a4   Number         4  rtx_thread.o(.text.svcRtxThreadNew)
    __arm_cp.16_1                            0x000020a8   Number         4  rtx_thread.o(.text.svcRtxThreadNew)
    __arm_cp.16_2                            0x000020ac   Number         4  rtx_thread.o(.text.svcRtxThreadNew)
    __arm_cp.16_3                            0x000020b0   Number         4  rtx_thread.o(.text.svcRtxThreadNew)
    __arm_cp.16_4                            0x000020b4   Number         4  rtx_thread.o(.text.svcRtxThreadNew)
    __arm_cp.16_5                            0x000020b8   Number         4  rtx_thread.o(.text.svcRtxThreadNew)
    turn_off_leds                            0x000020bd   Thumb Code    40  main.o(.text.turn_off_leds)
    [Anonymous Symbol]                       0x000020bc   Section        0  main.o(.text.turn_off_leds)
    __arm_cp.12_0                            0x000020dc   Number         4  main.o(.text.turn_off_leds)
    __arm_cp.12_1                            0x000020e0   Number         4  main.o(.text.turn_off_leds)
    i.__scatterload_copy                     0x000020e4   Section       14  handlers.o(i.__scatterload_copy)
    i.__scatterload_zeroinit                 0x000020f2   Section       14  handlers.o(i.__scatterload_zeroinit)
    __tagsym$$used.0                         0x00002100   Number         0  rtx_lib.o(.rodata)
    __tagsym$$used.1                         0x00002168   Number         0  rtx_lib.o(.rodata)
    os_idle_thread_attr                      0x00002344   Data          36  rtx_lib.o(.rodata.os_idle_thread_attr)
    [Anonymous Symbol]                       0x00002344   Section        0  rtx_lib.o(.rodata.os_idle_thread_attr)
    os_timer_mq_attr                         0x00002368   Data          24  rtx_lib.o(.rodata.os_timer_mq_attr)
    [Anonymous Symbol]                       0x00002368   Section        0  rtx_lib.o(.rodata.os_timer_mq_attr)
    os_timer_thread_attr                     0x00002380   Data          36  rtx_lib.o(.rodata.os_timer_thread_attr)
    [Anonymous Symbol]                       0x00002380   Section        0  rtx_lib.o(.rodata.os_timer_thread_attr)
    .L.str                                   0x000023a4   Data          11  rtx_kernel.o(.rodata.str1.4)
    [Anonymous Symbol]                       0x000023a4   Section        0  rtx_kernel.o(.rodata.str1.4)
    PendST                                   0x1ffff100   Data           1  os_systick.o(.bss.PendST)
    [Anonymous Symbol]                       0x1ffff100   Section        0  os_systick.o(.bss.PendST)
    os_isr_queue                             0x1ffff108   Data          64  rtx_lib.o(.bss.os)
    [Anonymous Symbol]                       0x1ffff108   Section        0  rtx_lib.o(.bss.os)
    os_mem                                   0x1ffff148   Data        4096  rtx_lib.o(.bss.os)
    os_timer_mq_cb                           0x20000148   Data          52  rtx_lib.o(.bss.os.msgqueue.cb)
    [Anonymous Symbol]                       0x20000148   Section        0  rtx_lib.o(.bss.os.msgqueue.cb)
    os_timer_mq_data                         0x2000017c   Data          80  rtx_lib.o(.bss.os.msgqueue.mem)
    [Anonymous Symbol]                       0x2000017c   Section        0  rtx_lib.o(.bss.os.msgqueue.mem)
    os_idle_thread_cb                        0x200001cc   Data          68  rtx_lib.o(.bss.os.thread.cb)
    [Anonymous Symbol]                       0x200001cc   Section        0  rtx_lib.o(.bss.os.thread.cb)
    os_timer_thread_cb                       0x20000210   Data          68  rtx_lib.o(.bss.os.thread.cb)
    os_idle_thread_stack                     0x20000258   Data         256  rtx_lib.o(.bss.os.thread.stack)
    [Anonymous Symbol]                       0x20000258   Section        0  rtx_lib.o(.bss.os.thread.stack)
    os_timer_thread_stack                    0x20000358   Data         256  rtx_lib.o(.bss.os.thread.stack)
    STACK                                    0x20000460   Section      256  startup_mkl25z4.o(STACK)

    Global Symbols

    Symbol Name                              Value     Ov Type        Size  Object(Section)

    BuildAttributes$$THM_ISAv3M$S$PE$A:L22$X:L11$S22$IEEE1$IW$~IW$USESV6$~STKCKD$USESV7$~SHL$OSPACE$EBA8$MICROLIB$REQ8$PRES8$EABIv2 0x00000000   Number         0  anon$$obj.o ABSOLUTE
    __Vectors                                0x00000000   Data           4  startup_mkl25z4.o(RESET)
    .bss.os.evflags.cb$$Base                  - Undefined Weak Reference
    .bss.os.evflags.cb$$Limit                 - Undefined Weak Reference
    .bss.os.mempool.cb$$Base                  - Undefined Weak Reference
    .bss.os.mempool.cb$$Limit                 - Undefined Weak Reference
    .bss.os.mutex.cb$$Base                    - Undefined Weak Reference
    .bss.os.mutex.cb$$Limit                   - Undefined Weak Reference
    .bss.os.semaphore.cb$$Base                - Undefined Weak Reference
    .bss.os.semaphore.cb$$Limit               - Undefined Weak Reference
    .bss.os.timer.cb$$Base                    - Undefined Weak Reference
    .bss.os.timer.cb$$Limit                   - Undefined Weak Reference
    __cpp_initialize__aeabi_                  - Undefined Weak Reference
    __cxa_finalize                            - Undefined Weak Reference
    __decompress                              - Undefined Weak Reference
    _clock_init                               - Undefined Weak Reference
    _microlib_exit                            - Undefined Weak Reference
    __Vectors_End                            0x000000c0   Data           0  startup_mkl25z4.o(RESET)
    __Vectors_Size                           0x000000c0   Number         0  startup_mkl25z4.o ABSOLUTE
    __main                                   0x000000c1   Thumb Code     0  entry.o(.ARM.Collect$$$$00000000)
    _main_stk                                0x000000c1   Thumb Code     0  entry2.o(.ARM.Collect$$$$00000001)
    _main_scatterload                        0x000000c5   Thumb Code     0  entry5.o(.ARM.Collect$$$$00000004)
    __main_after_scatterload                 0x000000c9   Thumb Code     0  entry5.o(.ARM.Collect$$$$00000004)
    _main_clock                              0x000000c9   Thumb Code     0  entry7b.o(.ARM.Collect$$$$00000008)
    _main_cpp_init                           0x000000c9   Thumb Code     0  entry8b.o(.ARM.Collect$$$$0000000A)
    _main_init                               0x000000c9   Thumb Code     0  entry9a.o(.ARM.Collect$$$$0000000B)
    __rt_final_cpp                           0x000000d1   Thumb Code     0  entry10a.o(.ARM.Collect$$$$0000000D)
    __rt_final_exit                          0x000000d1   Thumb Code     0  entry11a.o(.ARM.Collect$$$$0000000F)
    Reset_Handler                            0x000000d5   Thumb Code    12  startup_mkl25z4.o(.text)
    NMI_Handler                              0x000000e1   Thumb Code     2  startup_mkl25z4.o(.text)
    HardFault_Handler                        0x000000e3   Thumb Code     2  startup_mkl25z4.o(.text)
    ADC0_IRQHandler                          0x000000eb   Thumb Code     0  startup_mkl25z4.o(.text)
    CMP0_IRQHandler                          0x000000eb   Thumb Code     0  startup_mkl25z4.o(.text)
    DAC0_IRQHandler                          0x000000eb   Thumb Code     0  startup_mkl25z4.o(.text)
    DMA0_IRQHandler                          0x000000eb   Thumb Code     0  startup_mkl25z4.o(.text)
    DMA1_IRQHandler                          0x000000eb   Thumb Code     0  startup_mkl25z4.o(.text)
    DMA2_IRQHandler                          0x000000eb   Thumb Code     0  startup_mkl25z4.o(.text)
    DMA3_IRQHandler                          0x000000eb   Thumb Code     0  startup_mkl25z4.o(.text)
    DefaultISR                               0x000000eb   Thumb Code     0  startup_mkl25z4.o(.text)
    FTFA_IRQHandler                          0x000000eb   Thumb Code     0  startup_mkl25z4.o(.text)
    I2C0_IRQHandler                          0x000000eb   Thumb Code     0  startup_mkl25z4.o(.text)
    I2C1_IRQHandler                          0x000000eb   Thumb Code     0  startup_mkl25z4.o(.text)
    LLWU_IRQHandler                          0x000000eb   Thumb Code     0  startup_mkl25z4.o(.text)
    LPTMR0_IRQHandler                        0x000000eb   Thumb Code     0  startup_mkl25z4.o(.text)
    LVD_LVW_IRQHandler                       0x000000eb   Thumb Code     0  startup_mkl25z4.o(.text)
    MCG_IRQHandler                           0x000000eb   Thumb Code     0  startup_mkl25z4.o(.text)
    PIT_IRQHandler                           0x000000eb   Thumb Code     0  startup_mkl25z4.o(.text)
    PORTA_IRQHandler                         0x000000eb   Thumb Code     0  startup_mkl25z4.o(.text)
    PORTD_IRQHandler                         0x000000eb   Thumb Code     0  startup_mkl25z4.o(.text)
    RTC_IRQHandler                           0x000000eb   Thumb Code     0  startup_mkl25z4.o(.text)
    RTC_Seconds_IRQHandler                   0x000000eb   Thumb Code     0  startup_mkl25z4.o(.text)
    Reserved20_IRQHandler                    0x000000eb   Thumb Code     0  startup_mkl25z4.o(.text)
    Reserved39_IRQHandler                    0x000000eb   Thumb Code     0  startup_mkl25z4.o(.text)
    Reserved45_IRQHandler                    0x000000eb   Thumb Code     0  startup_mkl25z4.o(.text)
    SPI0_IRQHandler                          0x000000eb   Thumb Code     0  startup_mkl25z4.o(.text)
    SPI1_IRQHandler                          0x000000eb   Thumb Code     0  startup_mkl25z4.o(.text)
    TPM0_IRQHandler                          0x000000eb   Thumb Code     0  startup_mkl25z4.o(.text)
    TPM1_IRQHandler                          0x000000eb   Thumb Code     0  startup_mkl25z4.o(.text)
    TPM2_IRQHandler                          0x000000eb   Thumb Code     0  startup_mkl25z4.o(.text)
    TSI0_IRQHandler                          0x000000eb   Thumb Code     0  startup_mkl25z4.o(.text)
    UART0_IRQHandler                         0x000000eb   Thumb Code     0  startup_mkl25z4.o(.text)
    UART1_IRQHandler                         0x000000eb   Thumb Code     0  startup_mkl25z4.o(.text)
    USB0_IRQHandler                          0x000000eb   Thumb Code     0  startup_mkl25z4.o(.text)
    SVC_Handler                              0x000000fd   Thumb Code   132  irq_cm0.o(.text)
    PendSV_Handler                           0x00000181   Thumb Code    12  irq_cm0.o(.text)
    SysTick_Handler                          0x0000018d   Thumb Code    12  irq_cm0.o(.text)
    __aeabi_uidiv                            0x000001a1   Thumb Code     0  uidiv.o(.text)
    __aeabi_uidivmod                         0x000001a1   Thumb Code    44  uidiv.o(.text)
    __aeabi_memcpy                           0x000001cd   Thumb Code    36  memcpya.o(.text)
    __aeabi_memcpy4                          0x000001cd   Thumb Code     0  memcpya.o(.text)
    __aeabi_memcpy8                          0x000001cd   Thumb Code     0  memcpya.o(.text)
    __aeabi_memset                           0x000001f1   Thumb Code    14  memseta.o(.text)
    __aeabi_memset4                          0x000001f1   Thumb Code     0  memseta.o(.text)
    __aeabi_memset8                          0x000001f1   Thumb Code     0  memseta.o(.text)
    __aeabi_memclr                           0x000001ff   Thumb Code     4  memseta.o(.text)
    __aeabi_memclr4                          0x000001ff   Thumb Code     0  memseta.o(.text)
    __aeabi_memclr8                          0x000001ff   Thumb Code     0  memseta.o(.text)
    _memset$wrapper                          0x00000203   Thumb Code    18  memseta.o(.text)
    __scatterload                            0x00000215   Thumb Code    28  init.o(.text)
    __scatterload_rt2                        0x00000215   Thumb Code     0  init.o(.text)
    OS_Tick_AcknowledgeIRQ                   0x00000305   Thumb Code     8  os_systick.o(.text.OS_Tick_AcknowledgeIRQ)
    OS_Tick_Enable                           0x0000030d   Thumb Code    36  os_systick.o(.text.OS_Tick_Enable)
    OS_Tick_GetIRQn                          0x00000331   Thumb Code     6  os_systick.o(.text.OS_Tick_GetIRQn)
    OS_Tick_Setup                            0x00000339   Thumb Code    72  os_systick.o(.text.OS_Tick_Setup)
    osRtxIdleThread                          0x000003cf   Thumb Code     8  rtx_config.o(.text.osRtxIdleThread)
    osRtxKernelPreInit                       0x000003d7   Thumb Code     2  rtx_kernel.o(.text.osRtxKernelPreInit)
    osRtxThreadListGet                       0x000003d9   Thumb Code    20  rtx_thread.o(.text.osRtxThreadListGet)
    __scatterload_null                       0x000003ed   Thumb Code     2  handlers.o(i.__scatterload_null)
    osRtxThreadRegPtr                        0x000003ef   Thumb Code     6  rtx_thread.o(.text.osRtxThreadRegPtr)
    osThreadExit                             0x000003f5   Thumb Code    12  rtx_thread.o(.text.osThreadExit)
    SystemCoreClockUpdate                    0x00000411   Thumb Code   536  system_mkl25z4.o(.text.SystemCoreClockUpdate)
    SystemInit                               0x00000629   Thumb Code   336  system_mkl25z4.o(.text.SystemInit)
    UART2_IRQHandler                         0x000007c5   Thumb Code   132  main.o(.text.UART2_IRQHandler)
    audioThread                              0x000008a1   Thumb Code   256  main.o(.text.audioThread)
    green_led_thread                         0x000009a1   Thumb Code   216  main.o(.text.green_led_thread)
    initAudioPWM                             0x00000a79   Thumb Code   124  main.o(.text.initAudioPWM)
    initPWM                                  0x00000af5   Thumb Code   252  main.o(.text.initPWM)
    init_LED                                 0x00000bf1   Thumb Code   160  main.o(.text.init_LED)
    init_UART                                0x00000c91   Thumb Code   188  main.o(.text.init_UART)
    main                                     0x00000d4d   Thumb Code   136  main.o(.text.main)
    motor_thread                             0x00000dd5   Thumb Code   308  main.o(.text.motor_thread)
    osDelay                                  0x00000f09   Thumb Code    40  rtx_delay.o(.text.osDelay)
    osKernelInitialize                       0x00000f31   Thumb Code    40  rtx_kernel.o(.text.osKernelInitialize)
    osKernelStart                            0x00000f59   Thumb Code    36  rtx_kernel.o(.text.osKernelStart)
    osMessageQueueGet                        0x00000f7d   Thumb Code   116  rtx_msgqueue.o(.text.osMessageQueueGet)
    osMessageQueueNew                        0x00000ff1   Thumb Code    36  rtx_msgqueue.o(.text.osMessageQueueNew)
    osMessageQueuePut                        0x00001015   Thumb Code   120  rtx_msgqueue.o(.text.osMessageQueuePut)
    osRtxErrorNotify                         0x0000108d   Thumb Code    50  rtx_config.o(.text.osRtxErrorNotify)
    osRtxMemoryAlloc                         0x000010bf   Thumb Code   124  rtx_memory.o(.text.osRtxMemoryAlloc)
    osRtxMemoryFree                          0x0000113b   Thumb Code    78  rtx_memory.o(.text.osRtxMemoryFree)
    osRtxMemoryInit                          0x00001189   Thumb Code    50  rtx_memory.o(.text.osRtxMemoryInit)
    osRtxMemoryPoolAlloc                     0x000011bb   Thumb Code    46  rtx_mempool.o(.text.osRtxMemoryPoolAlloc)
    osRtxMemoryPoolFree                      0x000011e9   Thumb Code    58  rtx_mempool.o(.text.osRtxMemoryPoolFree)
    osRtxMemoryPoolInit                      0x00001223   Thumb Code    62  rtx_mempool.o(.text.osRtxMemoryPoolInit)
    osRtxMutexOwnerRelease                   0x0000131d   Thumb Code    68  rtx_mutex.o(.text.osRtxMutexOwnerRelease)
    osRtxPendSV_Handler                      0x00001361   Thumb Code   124  rtx_system.o(.text.osRtxPendSV_Handler)
    osRtxPostProcess                         0x000013dd   Thumb Code   104  rtx_system.o(.text.osRtxPostProcess)
    osRtxThreadDelayTick                     0x00001535   Thumb Code    52  rtx_thread.o(.text.osRtxThreadDelayTick)
    osRtxThreadDispatch                      0x00001569   Thumb Code    76  rtx_thread.o(.text.osRtxThreadDispatch)
    osRtxThreadListPut                       0x00001605   Thumb Code    44  rtx_thread.o(.text.osRtxThreadListPut)
    osRtxThreadListRemove                    0x00001631   Thumb Code    24  rtx_thread.o(.text.osRtxThreadListRemove)
    osRtxThreadReadyPut                      0x00001671   Thumb Code    20  rtx_thread.o(.text.osRtxThreadReadyPut)
    osRtxThreadStackCheck                    0x00001685   Thumb Code    40  rtx_thread.o(.text.osRtxThreadStackCheck)
    osRtxThreadStartup                       0x000016ad   Thumb Code    56  rtx_thread.o(.text.osRtxThreadStartup)
    osRtxThreadSwitch                        0x000016e5   Thumb Code    20  rtx_thread.o(.text.osRtxThreadSwitch)
    osRtxThreadWaitEnter                     0x000016f9   Thumb Code    60  rtx_thread.o(.text.osRtxThreadWaitEnter)
    osRtxThreadWaitExit                      0x00001735   Thumb Code    34  rtx_thread.o(.text.osRtxThreadWaitExit)
    osRtxTick_Handler                        0x00001759   Thumb Code   112  rtx_system.o(.text.osRtxTick_Handler)
    osRtxTimerThread                         0x000017c9   Thumb Code    56  rtx_timer.o(.text.osRtxTimerThread)
    osThreadNew                              0x00001861   Thumb Code    36  rtx_thread.o(.text.osThreadNew)
    red_led_thread                           0x00001885   Thumb Code   124  main.o(.text.red_led_thread)
    __scatterload_copy                       0x000020e5   Thumb Code    14  handlers.o(i.__scatterload_copy)
    __scatterload_zeroinit                   0x000020f3   Thumb Code    14  handlers.o(i.__scatterload_zeroinit)
    osRtxConfig                              0x00002100   Data         104  rtx_lib.o(.rodata)
    os_cb_sections                           0x00002168   Data          56  rtx_lib.o(.rodata)
    ADSR_VALUES                              0x000021a0   Data          16  main.o(.rodata.ADSR_VALUES)
    NOTE_DELAYS_1                            0x000021b0   Data          80  main.o(.rodata.NOTE_DELAYS_1)
    NOTE_DELAYS_2                            0x00002200   Data         116  main.o(.rodata.NOTE_DELAYS_2)
    NOTE_SIZES                               0x00002274   Data           8  main.o(.rodata.NOTE_SIZES)
    NOTE_VALUES_1                            0x0000227c   Data          80  main.o(.rodata.NOTE_VALUES_1)
    NOTE_VALUES_2                            0x000022cc   Data         116  main.o(.rodata.NOTE_VALUES_2)
    osRtxUserSVC                             0x00002340   Data           4  rtx_lib.o(.rodata.osRtxUserSVC)
    Region$$Table$$Base                      0x000023b0   Number         0  anon$$obj.o(Region$$Table)
    Region$$Table$$Limit                     0x000023d0   Number         0  anon$$obj.o(Region$$Table)
    GREEN_LED_GPIO                           0x1ffff000   Data          32  main.o(.data.GREEN_LED_GPIO)
    GREEN_LED_PINS                           0x1ffff020   Data           8  main.o(.data.GREEN_LED_PINS)
    GREEN_LED_PORTS                          0x1ffff028   Data          32  main.o(.data.GREEN_LED_PORTS)
    NOTE_DELAYS                              0x1ffff048   Data           8  main.o(.data.NOTE_DELAYS)
    NOTE_VALUES                              0x1ffff050   Data           8  main.o(.data.NOTE_VALUES)
    SystemCoreClock                          0x1ffff058   Data           4  system_mkl25z4.o(.data.SystemCoreClock)
    osRtxInfo                                0x1ffff05c   Data         164  rtx_kernel.o(.data.os)
    direction                                0x1ffff101   Data           1  main.o(.bss.direction)
    notePtr                                  0x1ffff102   Data           2  main.o(.bss.notePtr)
    .bss.os.msgqueue.cb$$Base                0x20000148   Number         0  rtx_lib.o(.bss.os.msgqueue.cb)
    .bss.os.msgqueue.cb$$Limit               0x2000017c   Number         0  rtx_lib.o(.bss.os.msgqueue.cb)
    .bss.os.thread.cb$$Base                  0x200001cc   Number         0  rtx_lib.o(.bss.os.thread.cb)
    .bss.os.thread.cb$$Limit                 0x20000254   Number         0  rtx_lib.o(.bss.os.thread.cb)
    should_pause_music                       0x20000458   Data           2  main.o(.bss.should_pause_music)
    trackPtr                                 0x2000045a   Data           2  main.o(.bss.trackPtr)
    __initial_sp                             0x20000560   Data           0  startup_mkl25z4.o(STACK)



==============================================================================

Memory Map of the image

  Image Entry point : 0x000000d5

  Load Region LR_1 (Base: 0x00000000, Size: 0x000024d0, Max: 0xffffffff, ABSOLUTE)

    Execution Region ER_RO (Exec base: 0x00000000, Load base: 0x00000000, Size: 0x000023d0, Max: 0xffffffff, ABSOLUTE)

    Exec Addr    Load Addr    Size         Type   Attr      Idx    E Section Name        Object

    0x00000000   0x00000000   0x000000c0   Data   RO           81    RESET               startup_mkl25z4.o
    0x000000c0   0x000000c0   0x00000000   Code   RO          568  * .ARM.Collect$$$$00000000  mc_p.l(entry.o)
    0x000000c0   0x000000c0   0x00000004   Code   RO          579    .ARM.Collect$$$$00000001  mc_p.l(entry2.o)
    0x000000c4   0x000000c4   0x00000004   Code   RO          582    .ARM.Collect$$$$00000004  mc_p.l(entry5.o)
    0x000000c8   0x000000c8   0x00000000   Code   RO          584    .ARM.Collect$$$$00000008  mc_p.l(entry7b.o)
    0x000000c8   0x000000c8   0x00000000   Code   RO          586    .ARM.Collect$$$$0000000A  mc_p.l(entry8b.o)
    0x000000c8   0x000000c8   0x00000008   Code   RO          587    .ARM.Collect$$$$0000000B  mc_p.l(entry9a.o)
    0x000000d0   0x000000d0   0x00000000   Code   RO          589    .ARM.Collect$$$$0000000D  mc_p.l(entry10a.o)
    0x000000d0   0x000000d0   0x00000000   Code   RO          591    .ARM.Collect$$$$0000000F  mc_p.l(entry11a.o)
    0x000000d0   0x000000d0   0x00000004   Code   RO          580    .ARM.Collect$$$$00002712  mc_p.l(entry2.o)
    0x000000d4   0x000000d4   0x00000028   Code   RO           83  * .text               startup_mkl25z4.o
    0x000000fc   0x000000fc   0x000000a4   Code   RO          320    .text               RTX_CM0.lib(irq_cm0.o)
    0x000001a0   0x000001a0   0x0000002c   Code   RO          571    .text               mc_p.l(uidiv.o)
    0x000001cc   0x000001cc   0x00000024   Code   RO          573    .text               mc_p.l(memcpya.o)
    0x000001f0   0x000001f0   0x00000024   Code   RO          575    .text               mc_p.l(memseta.o)
    0x00000214   0x00000214   0x00000024   Code   RO          593    .text               mc_p.l(init.o)
    0x00000238   0x00000238   0x0000004c   Code   RO          552    .text.MessageQueueGet  RTX_CM0.lib(rtx_msgqueue.o)
    0x00000284   0x00000284   0x00000062   Code   RO          546    .text.MessageQueuePut  RTX_CM0.lib(rtx_msgqueue.o)
    0x000002e6   0x000002e6   0x0000001e   Code   RO          544    .text.MessageQueueRemove  RTX_CM0.lib(rtx_msgqueue.o)
    0x00000304   0x00000304   0x00000008   Code   RO          490    .text.OS_Tick_AcknowledgeIRQ  RTX_CM0.lib(os_systick.o)
    0x0000030c   0x0000030c   0x00000024   Code   RO          486    .text.OS_Tick_Enable  RTX_CM0.lib(os_systick.o)
    0x00000330   0x00000330   0x00000006   Code   RO          492    .text.OS_Tick_GetIRQn  RTX_CM0.lib(os_systick.o)
    0x00000336   0x00000336   0x00000002   PAD
    0x00000338   0x00000338   0x00000048   Code   RO          484    .text.OS_Tick_Setup  RTX_CM0.lib(os_systick.o)
    0x00000380   0x00000380   0x0000004e   Code   RO          250    .text.ThreadFlagsCheck  RTX_CM0.lib(rtx_thread.o)
    0x000003ce   0x000003ce   0x00000008   Code   RO           68    .text.osRtxIdleThread  rtx_config.o
    0x000003d6   0x000003d6   0x00000002   Code   RO          105    .text.osRtxKernelPreInit  RTX_CM0.lib(rtx_kernel.o)
    0x000003d8   0x000003d8   0x00000014   Code   RO          172    .text.osRtxThreadListGet  RTX_CM0.lib(rtx_thread.o)
    0x000003ec   0x000003ec   0x00000002   Code   RO          598    i.__scatterload_null  mc_p.l(handlers.o)
    0x000003ee   0x000003ee   0x00000006   Code   RO          182    .text.osRtxThreadRegPtr  RTX_CM0.lib(rtx_thread.o)
    0x000003f4   0x000003f4   0x0000000c   Code   RO          232    .text.osThreadExit  RTX_CM0.lib(rtx_thread.o)
    0x00000400   0x00000400   0x00000010   Code   RO           82    .ARM.__at_0x400     startup_mkl25z4.o
    0x00000410   0x00000410   0x00000218   Code   RO           94    .text.SystemCoreClockUpdate  system_mkl25z4.o
    0x00000628   0x00000628   0x00000150   Code   RO           92    .text.SystemInit    system_mkl25z4.o
    0x00000778   0x00000778   0x0000004c   Code   RO          341    .text.TimerInsert   RTX_CM0.lib(rtx_timer.o)
    0x000007c4   0x000007c4   0x00000084   Code   RO            8    .text.UART2_IRQHandler  main.o
    0x00000848   0x00000848   0x0000002c   Code   RO           10    .text.__NVIC_ClearPendingIRQ  main.o
    0x00000874   0x00000874   0x0000002c   Code   RO           14    .text.__NVIC_EnableIRQ  main.o
    0x000008a0   0x000008a0   0x00000100   Code   RO           22    .text.audioThread   main.o
    0x000009a0   0x000009a0   0x000000d8   Code   RO            4    .text.green_led_thread  main.o
    0x00000a78   0x00000a78   0x0000007c   Code   RO           20    .text.initAudioPWM  main.o
    0x00000af4   0x00000af4   0x000000fc   Code   RO           16    .text.initPWM       main.o
    0x00000bf0   0x00000bf0   0x000000a0   Code   RO            6    .text.init_LED      main.o
    0x00000c90   0x00000c90   0x000000bc   Code   RO           12    .text.init_UART     main.o
    0x00000d4c   0x00000d4c   0x00000088   Code   RO           24    .text.main          main.o
    0x00000dd4   0x00000dd4   0x00000134   Code   RO           18    .text.motor_thread  main.o
    0x00000f08   0x00000f08   0x00000028   Code   RO          303    .text.osDelay       RTX_CM0.lib(rtx_delay.o)
    0x00000f30   0x00000f30   0x00000028   Code   RO          107    .text.osKernelInitialize  RTX_CM0.lib(rtx_kernel.o)
    0x00000f58   0x00000f58   0x00000024   Code   RO          117    .text.osKernelStart  RTX_CM0.lib(rtx_kernel.o)
    0x00000f7c   0x00000f7c   0x00000074   Code   RO          518    .text.osMessageQueueGet  RTX_CM0.lib(rtx_msgqueue.o)
    0x00000ff0   0x00000ff0   0x00000024   Code   RO          512    .text.osMessageQueueNew  RTX_CM0.lib(rtx_msgqueue.o)
    0x00001014   0x00001014   0x00000078   Code   RO          516    .text.osMessageQueuePut  RTX_CM0.lib(rtx_msgqueue.o)
    0x0000108c   0x0000108c   0x00000032   Code   RO           70    .text.osRtxErrorNotify  rtx_config.o
    0x000010be   0x000010be   0x0000007c   Code   RO          403    .text.osRtxMemoryAlloc  RTX_CM0.lib(rtx_memory.o)
    0x0000113a   0x0000113a   0x0000004e   Code   RO          405    .text.osRtxMemoryFree  RTX_CM0.lib(rtx_memory.o)
    0x00001188   0x00001188   0x00000032   Code   RO          401    .text.osRtxMemoryInit  RTX_CM0.lib(rtx_memory.o)
    0x000011ba   0x000011ba   0x0000002e   Code   RO          418    .text.osRtxMemoryPoolAlloc  RTX_CM0.lib(rtx_mempool.o)
    0x000011e8   0x000011e8   0x0000003a   Code   RO          420    .text.osRtxMemoryPoolFree  RTX_CM0.lib(rtx_mempool.o)
    0x00001222   0x00001222   0x0000003e   Code   RO          416    .text.osRtxMemoryPoolInit  RTX_CM0.lib(rtx_mempool.o)
    0x00001260   0x00001260   0x000000bc   Code   RO          542    .text.osRtxMessageQueuePostProcess  RTX_CM0.lib(rtx_msgqueue.o)
    0x0000131c   0x0000131c   0x00000044   Code   RO          366    .text.osRtxMutexOwnerRelease  RTX_CM0.lib(rtx_mutex.o)
    0x00001360   0x00001360   0x0000007c   Code   RO          471    .text.osRtxPendSV_Handler  RTX_CM0.lib(rtx_system.o)
    0x000013dc   0x000013dc   0x00000068   Code   RO          473    .text.osRtxPostProcess  RTX_CM0.lib(rtx_system.o)
    0x00001444   0x00001444   0x00000034   Code   RO          190    .text.osRtxThreadBlock  RTX_CM0.lib(rtx_thread.o)
    0x00001478   0x00001478   0x0000007c   Code   RO          198    .text.osRtxThreadDelayInsert  RTX_CM0.lib(rtx_thread.o)
    0x000014f4   0x000014f4   0x00000040   Code   RO          194    .text.osRtxThreadDelayRemove  RTX_CM0.lib(rtx_thread.o)
    0x00001534   0x00001534   0x00000034   Code   RO          180    .text.osRtxThreadDelayTick  RTX_CM0.lib(rtx_thread.o)
    0x00001568   0x00001568   0x0000004c   Code   RO          188    .text.osRtxThreadDispatch  RTX_CM0.lib(rtx_thread.o)
    0x000015b4   0x000015b4   0x00000050   Code   RO          274    .text.osRtxThreadFree  RTX_CM0.lib(rtx_thread.o)
    0x00001604   0x00001604   0x0000002c   Code   RO          170    .text.osRtxThreadListPut  RTX_CM0.lib(rtx_thread.o)
    0x00001630   0x00001630   0x00000018   Code   RO          176    .text.osRtxThreadListRemove  RTX_CM0.lib(rtx_thread.o)
    0x00001648   0x00001648   0x00000026   Code   RO          248    .text.osRtxThreadPostProcess  RTX_CM0.lib(rtx_thread.o)
    0x0000166e   0x0000166e   0x00000002   PAD
    0x00001670   0x00001670   0x00000014   Code   RO          178    .text.osRtxThreadReadyPut  RTX_CM0.lib(rtx_thread.o)
    0x00001684   0x00001684   0x00000028   Code   RO          186    .text.osRtxThreadStackCheck  RTX_CM0.lib(rtx_thread.o)
    0x000016ac   0x000016ac   0x00000038   Code   RO          200    .text.osRtxThreadStartup  RTX_CM0.lib(rtx_thread.o)
    0x000016e4   0x000016e4   0x00000014   Code   RO          184    .text.osRtxThreadSwitch  RTX_CM0.lib(rtx_thread.o)
    0x000016f8   0x000016f8   0x0000003c   Code   RO          196    .text.osRtxThreadWaitEnter  RTX_CM0.lib(rtx_thread.o)
    0x00001734   0x00001734   0x00000022   Code   RO          192    .text.osRtxThreadWaitExit  RTX_CM0.lib(rtx_thread.o)
    0x00001756   0x00001756   0x00000002   PAD
    0x00001758   0x00001758   0x00000070   Code   RO          469    .text.osRtxTick_Handler  RTX_CM0.lib(rtx_system.o)
    0x000017c8   0x000017c8   0x00000038   Code   RO          325    .text.osRtxTimerThread  RTX_CM0.lib(rtx_timer.o)
    0x00001800   0x00001800   0x00000060   Code   RO          327    .text.osRtxTimerTick  RTX_CM0.lib(rtx_timer.o)
    0x00001860   0x00001860   0x00000024   Code   RO          204    .text.osThreadNew   RTX_CM0.lib(rtx_thread.o)
    0x00001884   0x00001884   0x0000007c   Code   RO            2    .text.red_led_thread  main.o
    0x00001900   0x00001900   0x00000012   Code   RO          307    .text.svcRtxDelay   RTX_CM0.lib(rtx_delay.o)
    0x00001912   0x00001912   0x00000002   PAD
    0x00001914   0x00001914   0x00000148   Code   RO          145    .text.svcRtxKernelInitialize  RTX_CM0.lib(rtx_kernel.o)
    0x00001a5c   0x00001a5c   0x00000084   Code   RO          147    .text.svcRtxKernelStart  RTX_CM0.lib(rtx_kernel.o)
    0x00001ae0   0x00001ae0   0x000000e8   Code   RO          554    .text.svcRtxMessageQueueGet  RTX_CM0.lib(rtx_msgqueue.o)
    0x00001bc8   0x00001bc8   0x000001e4   Code   RO          540    .text.svcRtxMessageQueueNew  RTX_CM0.lib(rtx_msgqueue.o)
    0x00001dac   0x00001dac   0x000000b8   Code   RO          550    .text.svcRtxMessageQueuePut  RTX_CM0.lib(rtx_msgqueue.o)
    0x00001e64   0x00001e64   0x0000006c   Code   RO          278    .text.svcRtxThreadExit  RTX_CM0.lib(rtx_thread.o)
    0x00001ed0   0x00001ed0   0x000001ec   Code   RO          202    .text.svcRtxThreadNew  RTX_CM0.lib(rtx_thread.o)
    0x000020bc   0x000020bc   0x00000028   Code   RO           26    .text.turn_off_leds  main.o
    0x000020e4   0x000020e4   0x0000000e   Code   RO          597    i.__scatterload_copy  mc_p.l(handlers.o)
    0x000020f2   0x000020f2   0x0000000e   Code   RO          599    i.__scatterload_zeroinit  mc_p.l(handlers.o)
    0x00002100   0x00002100   0x000000a0   Data   RO           55    .rodata             rtx_lib.o
    0x000021a0   0x000021a0   0x00000010   Data   RO           36    .rodata.ADSR_VALUES  main.o
    0x000021b0   0x000021b0   0x00000050   Data   RO           35    .rodata.NOTE_DELAYS_1  main.o
    0x00002200   0x00002200   0x00000074   Data   RO           33    .rodata.NOTE_DELAYS_2  main.o
    0x00002274   0x00002274   0x00000008   Data   RO           39    .rodata.NOTE_SIZES  main.o
    0x0000227c   0x0000227c   0x00000050   Data   RO           34    .rodata.NOTE_VALUES_1  main.o
    0x000022cc   0x000022cc   0x00000074   Data   RO           32    .rodata.NOTE_VALUES_2  main.o
    0x00002340   0x00002340   0x00000004   Data   RO           57    .rodata.osRtxUserSVC  rtx_lib.o
    0x00002344   0x00002344   0x00000024   Data   RO           52    .rodata.os_idle_thread_attr  rtx_lib.o
    0x00002368   0x00002368   0x00000018   Data   RO           54    .rodata.os_timer_mq_attr  rtx_lib.o
    0x00002380   0x00002380   0x00000024   Data   RO           53    .rodata.os_timer_thread_attr  rtx_lib.o
    0x000023a4   0x000023a4   0x0000000b   Data   RO          159    .rodata.str1.4      RTX_CM0.lib(rtx_kernel.o)
    0x000023af   0x000023af   0x00000001   PAD
    0x000023b0   0x000023b0   0x00000020   Data   RO          596    Region$$Table       anon$$obj.o


    Execution Region ER_RW (Exec base: 0x1ffff000, Load base: 0x000023d0, Size: 0x00000100, Max: 0xffffffff, ABSOLUTE)

    Exec Addr    Load Addr    Size         Type   Attr      Idx    E Section Name        Object

    0x1ffff000   0x000023d0   0x00000020   Data   RW           30    .data.GREEN_LED_GPIO  main.o
    0x1ffff020   0x000023f0   0x00000008   Data   RW           29    .data.GREEN_LED_PINS  main.o
    0x1ffff028   0x000023f8   0x00000020   Data   RW           31    .data.GREEN_LED_PORTS  main.o
    0x1ffff048   0x00002418   0x00000008   Data   RW           38    .data.NOTE_DELAYS   main.o
    0x1ffff050   0x00002420   0x00000008   Data   RW           37    .data.NOTE_VALUES   main.o
    0x1ffff058   0x00002428   0x00000004   Data   RW           96    .data.SystemCoreClock  system_mkl25z4.o
    0x1ffff05c   0x0000242c   0x000000a4   Data   RW          160    .data.os            RTX_CM0.lib(rtx_kernel.o)


    Execution Region ER_ZI (Exec base: 0x1ffff100, Load base: 0x000024d0, Size: 0x00001460, Max: 0xffffffff, ABSOLUTE)

    Exec Addr    Load Addr    Size         Type   Attr      Idx    E Section Name        Object

    0x1ffff100        -       0x00000001   Zero   RW          502    .bss.PendST         RTX_CM0.lib(os_systick.o)
    0x1ffff101        -       0x00000001   Zero   RW           28    .bss.direction      main.o
    0x1ffff102        -       0x00000002   Zero   RW           41    .bss.notePtr        main.o
    0x1ffff104   0x000024d0   0x00000004   PAD
    0x1ffff108        -       0x00001040   Zero   RW           51    .bss.os             rtx_lib.o
    0x20000148        -       0x00000034   Zero   RW           60    .bss.os.msgqueue.cb  rtx_lib.o
    0x2000017c        -       0x00000050   Zero   RW           61    .bss.os.msgqueue.mem  rtx_lib.o
    0x200001cc        -       0x00000088   Zero   RW           58    .bss.os.thread.cb   rtx_lib.o
    0x20000254   0x000024d0   0x00000004   PAD
    0x20000258        -       0x00000200   Zero   RW           59    .bss.os.thread.stack  rtx_lib.o
    0x20000458        -       0x00000002   Zero   RW           42    .bss.should_pause_music  main.o
    0x2000045a        -       0x00000002   Zero   RW           40    .bss.trackPtr       main.o
    0x2000045c   0x000024d0   0x00000004   PAD
    0x20000460        -       0x00000100   Zero   RW           79    STACK               startup_mkl25z4.o


==============================================================================

Image component sizes


      Code (inc. data)   RO Data    RW Data    ZI Data      Debug   Object Name

      2024        252        416         88          7       8268   main.o
        58          6          0          0          0        731   rtx_config.o
         0          0        260          0       4940       5480   rtx_lib.o
        56         30        192          0        256        884   startup_mkl25z4.o
       872        100          0          4          0       3329   system_mkl25z4.o

    ----------------------------------------------------------------------
      3010        388        900         92       5215      18692   Object Totals
         0          0         32          0          0          0   (incl. Generated)
         0          0          0          0         12          0   (incl. Padding)

    ----------------------------------------------------------------------

      Code (inc. data)   RO Data    RW Data    ZI Data      Debug   Library Member Name

       164          8          0          0          0        496   irq_cm0.o
       122         16          0          0          1       2766   os_systick.o
        58          4          0          0          0       2753   rtx_delay.o
       538         36         11        164          0      16105   rtx_kernel.o
       252          0          0          0          0       2564   rtx_memory.o
       166          0          0          0          0      14282   rtx_mempool.o
      1564         40          0          0          0      17889   rtx_msgqueue.o
        68          0          0          0          0       9201   rtx_mutex.o
       340         14          0          0          0       4635   rtx_system.o
      1536         56          0          0          0      30867   rtx_thread.o
       228         16          0          0          0      10018   rtx_timer.o
         0          0          0          0          0          0   entry.o
         0          0          0          0          0          0   entry10a.o
         0          0          0          0          0          0   entry11a.o
         8          4          0          0          0          0   entry2.o
         4          0          0          0          0          0   entry5.o
         0          0          0          0          0          0   entry7b.o
         0          0          0          0          0          0   entry8b.o
         8          4          0          0          0          0   entry9a.o
        30          0          0          0          0          0   handlers.o
        36          8          0          0          0         68   init.o
        36          0          0          0          0         60   memcpya.o
        36          0          0          0          0        100   memseta.o
        44          0          0          0          0         72   uidiv.o

    ----------------------------------------------------------------------
      5246        206         12        164          1     111876   Library Totals
         8          0          1          0          0          0   (incl. Padding)

    ----------------------------------------------------------------------

      Code (inc. data)   RO Data    RW Data    ZI Data      Debug   Library Name

      5036        190         11        164          1     111576   RTX_CM0.lib
       202         16          0          0          0        300   mc_p.l

    ----------------------------------------------------------------------
      5246        206         12        164          1     111876   Library Totals

    ----------------------------------------------------------------------

==============================================================================


      Code (inc. data)   RO Data    RW Data    ZI Data      Debug   

      8256        594        912        256       5216     130388   Grand Totals
      8256        594        912        256       5216     130388   ELF Image Totals
      8256        594        912        256          0          0   ROM Totals

==============================================================================

    Total RO  Size (Code + RO Data)                 9168 (   8.95kB)
    Total RW  Size (RW Data + ZI Data)              5472 (   5.34kB)
    Total ROM Size (Code + RO Data + RW Data)       9424 (   9.20kB)

==============================================================================

