Component: Arm Compiler for Embedded 6.21 Tool: armlink [5ec1fa00]

==============================================================================

Section Cross References

    pwm.o(.text.get_mod_from_freq) refers to dflti.o(.text) for __aeabi_i2d
    pwm.o(.text.get_mod_from_freq) refers to ddiv.o(.text) for __aeabi_ddiv
    pwm.o(.text.get_mod_from_freq) refers to dfixi.o(.text) for __aeabi_d2iz
    pwm.o(.ARM.exidx.text.get_mod_from_freq) refers to pwm.o(.text.get_mod_from_freq) for [Anonymous Symbol]
    pwm.o(.ARM.exidx.text.initPWM) refers to pwm.o(.text.initPWM) for [Anonymous Symbol]
    pwm.o(.text.main) refers to system_mkl25z4.o(.text.SystemCoreClockUpdate) for SystemCoreClockUpdate
    pwm.o(.text.main) refers to pwm.o(.text.initPWM) for initPWM
    pwm.o(.text.main) refers to pwm.o(.text.get_mod_from_freq) for get_mod_from_freq
    pwm.o(.text.main) refers to pwm.o(.text.delay) for delay
    pwm.o(.text.main) refers to pwm.o(.data.notes_freq) for notes_freq
    pwm.o(.ARM.exidx.text.main) refers to pwm.o(.text.main) for [Anonymous Symbol]
    pwm.o(.ARM.exidx.text.delay) refers to pwm.o(.text.delay) for [Anonymous Symbol]
    startup_mkl25z4.o(STACK) refers (Special) to heapauxi.o(.text) for __use_two_region_memory
    startup_mkl25z4.o(HEAP) refers (Special) to heapauxi.o(.text) for __use_two_region_memory
    startup_mkl25z4.o(RESET) refers (Special) to heapauxi.o(.text) for __use_two_region_memory
    startup_mkl25z4.o(RESET) refers to startup_mkl25z4.o(STACK) for __initial_sp
    startup_mkl25z4.o(RESET) refers to startup_mkl25z4.o(.text) for Reset_Handler
    startup_mkl25z4.o(.ARM.__at_0x400) refers (Special) to heapauxi.o(.text) for __use_two_region_memory
    startup_mkl25z4.o(.text) refers (Special) to heapauxi.o(.text) for __use_two_region_memory
    startup_mkl25z4.o(.text) refers to system_mkl25z4.o(.text.SystemInit) for SystemInit
    startup_mkl25z4.o(.text) refers to __main.o(!!!main) for __main
    startup_mkl25z4.o(.text) refers to startup_mkl25z4.o(HEAP) for Heap_Mem
    startup_mkl25z4.o(.text) refers to startup_mkl25z4.o(STACK) for Stack_Mem
    system_mkl25z4.o(.ARM.exidx.text.SystemInit) refers to system_mkl25z4.o(.text.SystemInit) for [Anonymous Symbol]
    system_mkl25z4.o(.text.SystemCoreClockUpdate) refers to aeabi_sdiv.o(.text) for __aeabi_uidiv
    system_mkl25z4.o(.text.SystemCoreClockUpdate) refers to system_mkl25z4.o(.data.SystemCoreClock) for SystemCoreClock
    system_mkl25z4.o(.ARM.exidx.text.SystemCoreClockUpdate) refers to system_mkl25z4.o(.text.SystemCoreClockUpdate) for [Anonymous Symbol]
    __main.o(!!!main) refers to __rtentry.o(.ARM.Collect$$rtentry$$00000000) for __rt_entry
    ddiv.o(.text) refers (Special) to usenofp.o(x$fpl$usenofp) for __I$use$fp
    ddiv.o(.text) refers to ddiv.o(.constdata) for .constdata
    ddiv.o(.constdata) refers (Special) to usenofp.o(x$fpl$usenofp) for __I$use$fp
    dfixi.o(.text) refers (Special) to usenofp.o(x$fpl$usenofp) for __I$use$fp
    dflti.o(.text) refers (Special) to usenofp.o(x$fpl$usenofp) for __I$use$fp
    __rtentry.o(.ARM.Collect$$rtentry$$00000000) refers (Special) to __rtentry2.o(.ARM.Collect$$rtentry$$0000000A) for __rt_entry_li
    __rtentry.o(.ARM.Collect$$rtentry$$00000000) refers (Special) to __rtentry2.o(.ARM.Collect$$rtentry$$0000000D) for __rt_entry_main
    __rtentry.o(.ARM.Collect$$rtentry$$00000000) refers (Special) to __rtentry2.o(.ARM.Collect$$rtentry$$0000000C) for __rt_entry_postli_1
    __rtentry.o(.ARM.Collect$$rtentry$$00000000) refers (Special) to __rtentry2.o(.ARM.Collect$$rtentry$$00000009) for __rt_entry_postsh_1
    __rtentry.o(.ARM.Collect$$rtentry$$00000000) refers (Special) to __rtentry2.o(.ARM.Collect$$rtentry$$00000002) for __rt_entry_presh_1
    __rtentry.o(.ARM.Collect$$rtentry$$00000000) refers (Special) to __rtentry4.o(.ARM.Collect$$rtentry$$00000004) for __rt_entry_sh
    aeabi_idiv0_sigfpe.o(.text) refers to rt_div0.o(.text) for __rt_div0
    __rtentry2.o(.ARM.Collect$$rtentry$$00000008) refers to boardinit2.o(.text) for _platform_post_stackheap_init
    __rtentry2.o(.ARM.Collect$$rtentry$$0000000A) refers to libinit.o(.ARM.Collect$$libinit$$00000000) for __rt_lib_init
    __rtentry2.o(.ARM.Collect$$rtentry$$0000000B) refers to boardinit3.o(.text) for _platform_post_lib_init
    __rtentry2.o(.ARM.Collect$$rtentry$$0000000D) refers to pwm.o(.text.main) for main
    __rtentry2.o(.ARM.Collect$$rtentry$$0000000D) refers to exit.o(.text) for exit
    __rtentry2.o(.ARM.exidx) refers to __rtentry2.o(.ARM.Collect$$rtentry$$00000001) for .ARM.Collect$$rtentry$$00000001
    __rtentry2.o(.ARM.exidx) refers to __rtentry2.o(.ARM.Collect$$rtentry$$00000008) for .ARM.Collect$$rtentry$$00000008
    __rtentry2.o(.ARM.exidx) refers to __rtentry2.o(.ARM.Collect$$rtentry$$0000000A) for .ARM.Collect$$rtentry$$0000000A
    __rtentry2.o(.ARM.exidx) refers to __rtentry2.o(.ARM.Collect$$rtentry$$0000000B) for .ARM.Collect$$rtentry$$0000000B
    __rtentry2.o(.ARM.exidx) refers to __rtentry2.o(.ARM.Collect$$rtentry$$0000000D) for .ARM.Collect$$rtentry$$0000000D
    __rtentry4.o(.ARM.Collect$$rtentry$$00000004) refers to sys_stackheap_outer.o(.text) for __user_setup_stackheap
    __rtentry4.o(.ARM.exidx) refers to __rtentry4.o(.ARM.Collect$$rtentry$$00000004) for .ARM.Collect$$rtentry$$00000004
    rt_div0.o(.text) refers to defsig_fpe_outer.o(.text) for __rt_SIGFPE
    sys_stackheap_outer.o(.text) refers to libspace.o(.text) for __user_perproc_libspace
    sys_stackheap_outer.o(.text) refers to startup_mkl25z4.o(.text) for __user_initial_stackheap
    sys_stackheap_outer.o(__vectab_stack_and_reset_area) refers to tempstk.o(.text) for __temporary_stack_top
    sys_stackheap_outer.o(__vectab_stack_and_reset_area) refers to __main.o(!!!main) for __main
    exit.o(.text) refers to rtexit.o(.ARM.Collect$$rtexit$$00000000) for __rt_exit
    defsig_fpe_outer.o(.text) refers to defsig_fpe_inner.o(.text) for __rt_SIGFPE_inner
    defsig_fpe_outer.o(.text) refers to defsig_exit.o(.text) for __sig_exit
    defsig_fpe_formal.o(.text) refers to rt_raise.o(.text) for __rt_raise
    libinit.o(.ARM.Collect$$libinit$$00000000) refers (Special) to libinit2.o(.ARM.Collect$$libinit$$00000030) for __rt_lib_init_alloca_1
    libinit.o(.ARM.Collect$$libinit$$00000000) refers (Special) to libinit2.o(.ARM.Collect$$libinit$$0000002E) for __rt_lib_init_argv_1
    libinit.o(.ARM.Collect$$libinit$$00000000) refers (Special) to libinit2.o(.ARM.Collect$$libinit$$0000001D) for __rt_lib_init_atexit_1
    libinit.o(.ARM.Collect$$libinit$$00000000) refers (Special) to libinit2.o(.ARM.Collect$$libinit$$00000023) for __rt_lib_init_clock_1
    libinit.o(.ARM.Collect$$libinit$$00000000) refers (Special) to libinit2.o(.ARM.Collect$$libinit$$00000034) for __rt_lib_init_cpp_1
    libinit.o(.ARM.Collect$$libinit$$00000000) refers (Special) to libinit2.o(.ARM.Collect$$libinit$$00000032) for __rt_lib_init_exceptions_1
    libinit.o(.ARM.Collect$$libinit$$00000000) refers (Special) to libinit2.o(.ARM.Collect$$libinit$$00000002) for __rt_lib_init_fp_1
    libinit.o(.ARM.Collect$$libinit$$00000000) refers (Special) to libinit2.o(.ARM.Collect$$libinit$$00000021) for __rt_lib_init_fp_trap_1
    libinit.o(.ARM.Collect$$libinit$$00000000) refers (Special) to libinit2.o(.ARM.Collect$$libinit$$00000025) for __rt_lib_init_getenv_1
    libinit.o(.ARM.Collect$$libinit$$00000000) refers (Special) to libinit2.o(.ARM.Collect$$libinit$$0000000C) for __rt_lib_init_heap_1
    libinit.o(.ARM.Collect$$libinit$$00000000) refers (Special) to libinit2.o(.ARM.Collect$$libinit$$00000013) for __rt_lib_init_lc_collate_1
    libinit.o(.ARM.Collect$$libinit$$00000000) refers (Special) to libinit2.o(.ARM.Collect$$libinit$$00000015) for __rt_lib_init_lc_ctype_1
    libinit.o(.ARM.Collect$$libinit$$00000000) refers (Special) to libinit2.o(.ARM.Collect$$libinit$$00000017) for __rt_lib_init_lc_monetary_1
    libinit.o(.ARM.Collect$$libinit$$00000000) refers (Special) to libinit2.o(.ARM.Collect$$libinit$$00000019) for __rt_lib_init_lc_numeric_1
    libinit.o(.ARM.Collect$$libinit$$00000000) refers (Special) to libinit2.o(.ARM.Collect$$libinit$$0000001B) for __rt_lib_init_lc_time_1
    libinit.o(.ARM.Collect$$libinit$$00000000) refers (Special) to libinit2.o(.ARM.Collect$$libinit$$00000006) for __rt_lib_init_preinit_1
    libinit.o(.ARM.Collect$$libinit$$00000000) refers (Special) to libinit2.o(.ARM.Collect$$libinit$$00000010) for __rt_lib_init_rand_1
    libinit.o(.ARM.Collect$$libinit$$00000000) refers (Special) to libinit2.o(.ARM.Collect$$libinit$$00000004) for __rt_lib_init_relocate_pie_1
    libinit.o(.ARM.Collect$$libinit$$00000000) refers (Special) to libinit2.o(.ARM.Collect$$libinit$$00000035) for __rt_lib_init_return
    libinit.o(.ARM.Collect$$libinit$$00000000) refers (Special) to libinit2.o(.ARM.Collect$$libinit$$0000001F) for __rt_lib_init_signal_1
    libinit.o(.ARM.Collect$$libinit$$00000000) refers (Special) to libinit2.o(.ARM.Collect$$libinit$$00000027) for __rt_lib_init_stdio_1
    libinit.o(.ARM.Collect$$libinit$$00000000) refers (Special) to libinit2.o(.ARM.Collect$$libinit$$0000000E) for __rt_lib_init_user_alloc_1
    libspace.o(.text) refers to libspace.o(.bss) for __libspace_start
    rtexit.o(.ARM.Collect$$rtexit$$00000000) refers (Special) to rtexit2.o(.ARM.Collect$$rtexit$$00000004) for __rt_exit_exit
    rtexit.o(.ARM.Collect$$rtexit$$00000000) refers (Special) to rtexit2.o(.ARM.Collect$$rtexit$$00000003) for __rt_exit_ls
    rtexit.o(.ARM.Collect$$rtexit$$00000000) refers (Special) to rtexit2.o(.ARM.Collect$$rtexit$$00000002) for __rt_exit_prels_1
    rtexit.o(.ARM.exidx) refers (Special) to rtexit2.o(.ARM.Collect$$rtexit$$00000004) for __rt_exit_exit
    rtexit.o(.ARM.exidx) refers (Special) to rtexit2.o(.ARM.Collect$$rtexit$$00000003) for __rt_exit_ls
    rtexit.o(.ARM.exidx) refers (Special) to rtexit2.o(.ARM.Collect$$rtexit$$00000002) for __rt_exit_prels_1
    rtexit.o(.ARM.exidx) refers to rtexit.o(.ARM.Collect$$rtexit$$00000000) for .ARM.Collect$$rtexit$$00000000
    rt_raise.o(.text) refers to __raise.o(.text) for __raise
    rt_raise.o(.text) refers to sys_exit.o(.text) for _sys_exit
    defsig_exit.o(.text) refers to sys_exit.o(.text) for _sys_exit
    defsig_fpe_inner.o(.text) refers to defsig_general.o(.text) for __default_signal_display
    libinit2.o(.ARM.Collect$$libinit$$00000012) refers to libinit2.o(.ARM.Collect$$libinit$$00000011) for .ARM.Collect$$libinit$$00000011
    libinit2.o(.ARM.Collect$$libinit$$00000014) refers to libinit2.o(.ARM.Collect$$libinit$$00000011) for .ARM.Collect$$libinit$$00000011
    libinit2.o(.ARM.Collect$$libinit$$00000016) refers to libinit2.o(.ARM.Collect$$libinit$$00000011) for .ARM.Collect$$libinit$$00000011
    libinit2.o(.ARM.Collect$$libinit$$00000018) refers to libinit2.o(.ARM.Collect$$libinit$$00000011) for .ARM.Collect$$libinit$$00000011
    libinit2.o(.ARM.Collect$$libinit$$0000001A) refers to libinit2.o(.ARM.Collect$$libinit$$00000011) for .ARM.Collect$$libinit$$00000011
    libinit2.o(.ARM.Collect$$libinit$$00000028) refers to argv_veneer.o(.text) for __ARM_argv_veneer
    libinit2.o(.ARM.Collect$$libinit$$00000029) refers to argv_veneer.o(.text) for __ARM_argv_veneer
    sys_exit.o(.text) refers (Special) to use_no_semi.o(.text) for __I$use$semihosting
    sys_exit.o(.text) refers (Special) to indicate_semi.o(.text) for __semihosting_library_function
    sys_exit_hlt.o(.text) refers (Special) to use_no_semi.o(.text) for __I$use$semihosting
    sys_exit_hlt.o(.text) refers (Special) to indicate_semi.o(.text) for __semihosting_library_function
    rtexit2.o(.ARM.Collect$$rtexit$$00000003) refers to libshutdown.o(.ARM.Collect$$libshutdown$$00000000) for __rt_lib_shutdown
    rtexit2.o(.ARM.Collect$$rtexit$$00000004) refers to sys_exit.o(.text) for _sys_exit
    rtexit2.o(.ARM.exidx) refers to rtexit2.o(.ARM.Collect$$rtexit$$00000001) for .ARM.Collect$$rtexit$$00000001
    rtexit2.o(.ARM.exidx) refers to rtexit2.o(.ARM.Collect$$rtexit$$00000003) for .ARM.Collect$$rtexit$$00000003
    rtexit2.o(.ARM.exidx) refers to rtexit2.o(.ARM.Collect$$rtexit$$00000004) for .ARM.Collect$$rtexit$$00000004
    __raise.o(.text) refers to defsig.o(CL$$defsig) for __default_signal_handler
    defsig_general.o(.text) refers to sys_wrch.o(.text) for _ttywrch
    sys_wrch.o(.text) refers (Special) to use_no_semi.o(.text) for __I$use$semihosting
    sys_wrch.o(.text) refers (Special) to indicate_semi.o(.text) for __semihosting_library_function
    sys_wrch_hlt.o(.text) refers (Special) to use_no_semi.o(.text) for __I$use$semihosting
    sys_wrch_hlt.o(.text) refers (Special) to indicate_semi.o(.text) for __semihosting_library_function
    defsig.o(CL$$defsig) refers to defsig_fpe_inner.o(.text) for __rt_SIGFPE_inner
    defsig.o(CL$$defsig) refers to defsig_rtmem_inner.o(.text) for __rt_SIGRTMEM_inner
    _get_argv_nomalloc.o(.text) refers (Special) to hrguard.o(.text) for __heap_region$guard
    _get_argv_nomalloc.o(.text) refers to defsig_rtmem_outer.o(.text) for __rt_SIGRTMEM
    _get_argv_nomalloc.o(.text) refers to sys_command.o(.text) for _sys_command_string
    libshutdown.o(.ARM.Collect$$libshutdown$$00000000) refers (Special) to libshutdown2.o(.ARM.Collect$$libshutdown$$00000002) for __rt_lib_shutdown_cpp_1
    libshutdown.o(.ARM.Collect$$libshutdown$$00000000) refers (Special) to libshutdown2.o(.ARM.Collect$$libshutdown$$00000007) for __rt_lib_shutdown_fp_trap_1
    libshutdown.o(.ARM.Collect$$libshutdown$$00000000) refers (Special) to libshutdown2.o(.ARM.Collect$$libshutdown$$0000000F) for __rt_lib_shutdown_heap_1
    libshutdown.o(.ARM.Collect$$libshutdown$$00000000) refers (Special) to libshutdown2.o(.ARM.Collect$$libshutdown$$00000010) for __rt_lib_shutdown_return
    libshutdown.o(.ARM.Collect$$libshutdown$$00000000) refers (Special) to libshutdown2.o(.ARM.Collect$$libshutdown$$0000000A) for __rt_lib_shutdown_signal_1
    libshutdown.o(.ARM.Collect$$libshutdown$$00000000) refers (Special) to libshutdown2.o(.ARM.Collect$$libshutdown$$00000004) for __rt_lib_shutdown_stdio_1
    libshutdown.o(.ARM.Collect$$libshutdown$$00000000) refers (Special) to libshutdown2.o(.ARM.Collect$$libshutdown$$0000000C) for __rt_lib_shutdown_user_alloc_1
    sys_command.o(.text) refers (Special) to use_no_semi.o(.text) for __I$use$semihosting
    sys_command.o(.text) refers (Special) to indicate_semi.o(.text) for __semihosting_library_function
    sys_command_hlt.o(.text) refers (Special) to use_no_semi.o(.text) for __I$use$semihosting
    sys_command_hlt.o(.text) refers (Special) to indicate_semi.o(.text) for __semihosting_library_function
    defsig_abrt_inner.o(.text) refers to defsig_general.o(.text) for __default_signal_display
    defsig_rtred_inner.o(.text) refers to defsig_general.o(.text) for __default_signal_display
    defsig_rtmem_inner.o(.text) refers to defsig_general.o(.text) for __default_signal_display
    defsig_rtmem_outer.o(.text) refers to defsig_rtmem_inner.o(.text) for __rt_SIGRTMEM_inner
    defsig_rtmem_outer.o(.text) refers to defsig_exit.o(.text) for __sig_exit
    defsig_rtmem_formal.o(.text) refers to rt_raise.o(.text) for __rt_raise
    defsig_stak_inner.o(.text) refers to defsig_general.o(.text) for __default_signal_display
    defsig_pvfn_inner.o(.text) refers to defsig_general.o(.text) for __default_signal_display
    defsig_cppl_inner.o(.text) refers to defsig_general.o(.text) for __default_signal_display
    defsig_segv_inner.o(.text) refers to defsig_general.o(.text) for __default_signal_display
    defsig_other.o(.text) refers to defsig_general.o(.text) for __default_signal_display


==============================================================================

Removing Unused input sections from the image.

    Removing pwm.o(.text), (0 bytes).
    Removing pwm.o(.ARM.exidx.text.get_mod_from_freq), (8 bytes).
    Removing pwm.o(.ARM.exidx.text.initPWM), (8 bytes).
    Removing pwm.o(.ARM.exidx.text.main), (8 bytes).
    Removing pwm.o(.ARM.exidx.text.delay), (8 bytes).
    Removing pwm.o(.ARM.use_no_argv), (4 bytes).
    Removing system_mkl25z4.o(.text), (0 bytes).
    Removing system_mkl25z4.o(.ARM.exidx.text.SystemInit), (8 bytes).
    Removing system_mkl25z4.o(.ARM.exidx.text.SystemCoreClockUpdate), (8 bytes).

9 unused section(s) (total 52 bytes) removed from the image.

==============================================================================

Image Symbol Table

    Local Symbols

    Symbol Name                              Value     Ov Type        Size  Object(Section)

    ../clib/angel/boardlib.s                 0x00000000   Number         0  boardinit1.o ABSOLUTE
    ../clib/angel/boardlib.s                 0x00000000   Number         0  boardinit2.o ABSOLUTE
    ../clib/angel/boardlib.s                 0x00000000   Number         0  boardinit3.o ABSOLUTE
    ../clib/angel/boardlib.s                 0x00000000   Number         0  boardshut.o ABSOLUTE
    ../clib/angel/handlers.s                 0x00000000   Number         0  __scatter_copy.o ABSOLUTE
    ../clib/angel/handlers.s                 0x00000000   Number         0  __scatter_zi.o ABSOLUTE
    ../clib/angel/kernel.s                   0x00000000   Number         0  __rtentry.o ABSOLUTE
    ../clib/angel/kernel.s                   0x00000000   Number         0  __rtentry2.o ABSOLUTE
    ../clib/angel/kernel.s                   0x00000000   Number         0  __rtentry4.o ABSOLUTE
    ../clib/angel/kernel.s                   0x00000000   Number         0  rtexit.o ABSOLUTE
    ../clib/angel/kernel.s                   0x00000000   Number         0  rtexit2.o ABSOLUTE
    ../clib/angel/rt.s                       0x00000000   Number         0  aeabi_idiv0.o ABSOLUTE
    ../clib/angel/rt.s                       0x00000000   Number         0  aeabi_idiv0_sigfpe.o ABSOLUTE
    ../clib/angel/rt.s                       0x00000000   Number         0  rt_div0.o ABSOLUTE
    ../clib/angel/rt.s                       0x00000000   Number         0  rt_raise.o ABSOLUTE
    ../clib/angel/scatterp.s                 0x00000000   Number         0  __scatter.o ABSOLUTE
    ../clib/angel/startup.s                  0x00000000   Number         0  __main.o ABSOLUTE
    ../clib/angel/sys.s                      0x00000000   Number         0  sys_stackheap_outer.o ABSOLUTE
    ../clib/angel/sys.s                      0x00000000   Number         0  libspace.o ABSOLUTE
    ../clib/angel/sys.s                      0x00000000   Number         0  tempstk.o ABSOLUTE
    ../clib/angel/sys.s                      0x00000000   Number         0  use_no_semi.o ABSOLUTE
    ../clib/angel/sys.s                      0x00000000   Number         0  indicate_semi.o ABSOLUTE
    ../clib/angel/sysapp.c                   0x00000000   Number         0  sys_exit.o ABSOLUTE
    ../clib/angel/sysapp.c                   0x00000000   Number         0  sys_exit_hlt.o ABSOLUTE
    ../clib/angel/sysapp.c                   0x00000000   Number         0  sys_wrch.o ABSOLUTE
    ../clib/angel/sysapp.c                   0x00000000   Number         0  sys_wrch_hlt.o ABSOLUTE
    ../clib/angel/sysapp.c                   0x00000000   Number         0  sys_command.o ABSOLUTE
    ../clib/angel/sysapp.c                   0x00000000   Number         0  sys_command_hlt.o ABSOLUTE
    ../clib/armsys.c                         0x00000000   Number         0  argv_veneer.o ABSOLUTE
    ../clib/armsys.c                         0x00000000   Number         0  _get_argv_nomalloc.o ABSOLUTE
    ../clib/armsys.c                         0x00000000   Number         0  no_argv.o ABSOLUTE
    ../clib/division.s                       0x00000000   Number         0  aeabi_sdiv.o ABSOLUTE
    ../clib/division.s                       0x00000000   Number         0  aeabi_sdiv_div0.o ABSOLUTE
    ../clib/heapalloc.c                      0x00000000   Number         0  hrguard.o ABSOLUTE
    ../clib/heapaux.c                        0x00000000   Number         0  heapauxi.o ABSOLUTE
    ../clib/libinit.s                        0x00000000   Number         0  libinit.o ABSOLUTE
    ../clib/libinit.s                        0x00000000   Number         0  libinit2.o ABSOLUTE
    ../clib/libinit.s                        0x00000000   Number         0  libshutdown.o ABSOLUTE
    ../clib/libinit.s                        0x00000000   Number         0  libshutdown2.o ABSOLUTE
    ../clib/signal.c                         0x00000000   Number         0  defsig_fpe_outer.o ABSOLUTE
    ../clib/signal.c                         0x00000000   Number         0  defsig_fpe_formal.o ABSOLUTE
    ../clib/signal.c                         0x00000000   Number         0  defsig_exit.o ABSOLUTE
    ../clib/signal.c                         0x00000000   Number         0  defsig_fpe_inner.o ABSOLUTE
    ../clib/signal.c                         0x00000000   Number         0  __raise.o ABSOLUTE
    ../clib/signal.c                         0x00000000   Number         0  defsig_general.o ABSOLUTE
    ../clib/signal.c                         0x00000000   Number         0  defsig_abrt_inner.o ABSOLUTE
    ../clib/signal.c                         0x00000000   Number         0  defsig_rtred_inner.o ABSOLUTE
    ../clib/signal.c                         0x00000000   Number         0  defsig_rtmem_inner.o ABSOLUTE
    ../clib/signal.c                         0x00000000   Number         0  defsig_rtmem_outer.o ABSOLUTE
    ../clib/signal.c                         0x00000000   Number         0  defsig_rtmem_formal.o ABSOLUTE
    ../clib/signal.c                         0x00000000   Number         0  defsig_stak_inner.o ABSOLUTE
    ../clib/signal.c                         0x00000000   Number         0  defsig_pvfn_inner.o ABSOLUTE
    ../clib/signal.c                         0x00000000   Number         0  defsig_cppl_inner.o ABSOLUTE
    ../clib/signal.c                         0x00000000   Number         0  defsig_segv_inner.o ABSOLUTE
    ../clib/signal.c                         0x00000000   Number         0  defsig_other.o ABSOLUTE
    ../clib/signal.s                         0x00000000   Number         0  defsig.o ABSOLUTE
    ../clib/stdlib.c                         0x00000000   Number         0  exit.o ABSOLUTE
    ../fplib/cfplib/ddiv.c                   0x00000000   Number         0  ddiv.o ABSOLUTE
    ../fplib/cfplib/ffix.c                   0x00000000   Number         0  dfixi.o ABSOLUTE
    ../fplib/cfplib/fflt.c                   0x00000000   Number         0  dflti.o ABSOLUTE
    ../fplib/cfplib/fpinit.c                 0x00000000   Number         0  fpinit.o ABSOLUTE
    ../fplib/usenofp.s                       0x00000000   Number         0  usenofp.o ABSOLUTE
    RTE/Device/MKL25Z128xxx4/startup_MKL25Z4.s 0x00000000   Number         0  startup_mkl25z4.o ABSOLUTE
    dc.s                                     0x00000000   Number         0  dc.o ABSOLUTE
    pwm.c                                    0x00000000   Number         0  pwm.o ABSOLUTE
    system_MKL25Z4.c                         0x00000000   Number         0  system_mkl25z4.o ABSOLUTE
    RESET                                    0x00000000   Section      192  startup_mkl25z4.o(RESET)
    !!!main                                  0x000000c0   Section        8  __main.o(!!!main)
    !!!scatter                               0x000000c8   Section       84  __scatter.o(!!!scatter)
    !!handler_copy                           0x0000011c   Section       26  __scatter_copy.o(!!handler_copy)
    !!handler_null                           0x00000138   Section        2  __scatter.o(!!handler_null)
    !!handler_zi                             0x0000013c   Section       28  __scatter_zi.o(!!handler_zi)
    .ARM.Collect$$libinit$$00000000          0x00000158   Section        2  libinit.o(.ARM.Collect$$libinit$$00000000)
    .ARM.Collect$$libinit$$00000002          0x0000015a   Section        0  libinit2.o(.ARM.Collect$$libinit$$00000002)
    .ARM.Collect$$libinit$$00000004          0x0000015a   Section        0  libinit2.o(.ARM.Collect$$libinit$$00000004)
    .ARM.Collect$$libinit$$00000006          0x0000015a   Section        0  libinit2.o(.ARM.Collect$$libinit$$00000006)
    .ARM.Collect$$libinit$$0000000C          0x0000015a   Section        0  libinit2.o(.ARM.Collect$$libinit$$0000000C)
    .ARM.Collect$$libinit$$0000000E          0x0000015a   Section        0  libinit2.o(.ARM.Collect$$libinit$$0000000E)
    .ARM.Collect$$libinit$$00000010          0x0000015a   Section        0  libinit2.o(.ARM.Collect$$libinit$$00000010)
    .ARM.Collect$$libinit$$00000013          0x0000015a   Section        0  libinit2.o(.ARM.Collect$$libinit$$00000013)
    .ARM.Collect$$libinit$$00000015          0x0000015a   Section        0  libinit2.o(.ARM.Collect$$libinit$$00000015)
    .ARM.Collect$$libinit$$00000017          0x0000015a   Section        0  libinit2.o(.ARM.Collect$$libinit$$00000017)
    .ARM.Collect$$libinit$$00000019          0x0000015a   Section        0  libinit2.o(.ARM.Collect$$libinit$$00000019)
    .ARM.Collect$$libinit$$0000001B          0x0000015a   Section        0  libinit2.o(.ARM.Collect$$libinit$$0000001B)
    .ARM.Collect$$libinit$$0000001D          0x0000015a   Section        0  libinit2.o(.ARM.Collect$$libinit$$0000001D)
    .ARM.Collect$$libinit$$0000001F          0x0000015a   Section        0  libinit2.o(.ARM.Collect$$libinit$$0000001F)
    .ARM.Collect$$libinit$$00000021          0x0000015a   Section        0  libinit2.o(.ARM.Collect$$libinit$$00000021)
    .ARM.Collect$$libinit$$00000023          0x0000015a   Section        0  libinit2.o(.ARM.Collect$$libinit$$00000023)
    .ARM.Collect$$libinit$$00000025          0x0000015a   Section        0  libinit2.o(.ARM.Collect$$libinit$$00000025)
    .ARM.Collect$$libinit$$00000027          0x0000015a   Section        0  libinit2.o(.ARM.Collect$$libinit$$00000027)
    .ARM.Collect$$libinit$$0000002E          0x0000015a   Section        0  libinit2.o(.ARM.Collect$$libinit$$0000002E)
    .ARM.Collect$$libinit$$00000030          0x0000015a   Section        0  libinit2.o(.ARM.Collect$$libinit$$00000030)
    .ARM.Collect$$libinit$$00000032          0x0000015a   Section        0  libinit2.o(.ARM.Collect$$libinit$$00000032)
    .ARM.Collect$$libinit$$00000034          0x0000015a   Section        0  libinit2.o(.ARM.Collect$$libinit$$00000034)
    .ARM.Collect$$libinit$$00000035          0x0000015a   Section        2  libinit2.o(.ARM.Collect$$libinit$$00000035)
    .ARM.Collect$$libshutdown$$00000000      0x0000015c   Section        2  libshutdown.o(.ARM.Collect$$libshutdown$$00000000)
    .ARM.Collect$$libshutdown$$00000002      0x0000015e   Section        0  libshutdown2.o(.ARM.Collect$$libshutdown$$00000002)
    .ARM.Collect$$libshutdown$$00000004      0x0000015e   Section        0  libshutdown2.o(.ARM.Collect$$libshutdown$$00000004)
    .ARM.Collect$$libshutdown$$00000007      0x0000015e   Section        0  libshutdown2.o(.ARM.Collect$$libshutdown$$00000007)
    .ARM.Collect$$libshutdown$$0000000A      0x0000015e   Section        0  libshutdown2.o(.ARM.Collect$$libshutdown$$0000000A)
    .ARM.Collect$$libshutdown$$0000000C      0x0000015e   Section        0  libshutdown2.o(.ARM.Collect$$libshutdown$$0000000C)
    .ARM.Collect$$libshutdown$$0000000F      0x0000015e   Section        0  libshutdown2.o(.ARM.Collect$$libshutdown$$0000000F)
    .ARM.Collect$$libshutdown$$00000010      0x0000015e   Section        2  libshutdown2.o(.ARM.Collect$$libshutdown$$00000010)
    .ARM.Collect$$rtentry$$00000000          0x00000160   Section        0  __rtentry.o(.ARM.Collect$$rtentry$$00000000)
    .ARM.Collect$$rtentry$$00000002          0x00000160   Section        0  __rtentry2.o(.ARM.Collect$$rtentry$$00000002)
    .ARM.Collect$$rtentry$$00000004          0x00000160   Section        6  __rtentry4.o(.ARM.Collect$$rtentry$$00000004)
    .ARM.Collect$$rtentry$$00000009          0x00000166   Section        0  __rtentry2.o(.ARM.Collect$$rtentry$$00000009)
    .ARM.Collect$$rtentry$$0000000A          0x00000166   Section        4  __rtentry2.o(.ARM.Collect$$rtentry$$0000000A)
    .ARM.Collect$$rtentry$$0000000C          0x0000016a   Section        0  __rtentry2.o(.ARM.Collect$$rtentry$$0000000C)
    .ARM.Collect$$rtentry$$0000000D          0x0000016a   Section        8  __rtentry2.o(.ARM.Collect$$rtentry$$0000000D)
    .ARM.Collect$$rtexit$$00000000           0x00000172   Section        2  rtexit.o(.ARM.Collect$$rtexit$$00000000)
    .ARM.Collect$$rtexit$$00000002           0x00000174   Section        0  rtexit2.o(.ARM.Collect$$rtexit$$00000002)
    .ARM.Collect$$rtexit$$00000003           0x00000174   Section        4  rtexit2.o(.ARM.Collect$$rtexit$$00000003)
    .ARM.Collect$$rtexit$$00000004           0x00000178   Section        6  rtexit2.o(.ARM.Collect$$rtexit$$00000004)
    .text                                    0x00000180   Section       64  startup_mkl25z4.o(.text)
    .text                                    0x000001c0   Section      364  aeabi_sdiv.o(.text)
    .text                                    0x0000032c   Section        0  heapauxi.o(.text)
    .text                                    0x00000334   Section        0  dfixi.o(.text)
    .text                                    0x000003a0   Section        0  dflti.o(.text)
    .text                                    0x000003f8   Section        8  libspace.o(.text)
    .ARM.__at_0x400                          0x00000400   Section       16  startup_mkl25z4.o(.ARM.__at_0x400)
    .text                                    0x00000410   Section        0  ddiv.o(.text)
    .text                                    0x00000858   Section       62  sys_stackheap_outer.o(.text)
    .text                                    0x00000896   Section        0  exit.o(.text)
    .text                                    0x000008a8   Section        0  sys_exit.o(.text)
    .text                                    0x000008b4   Section        2  use_no_semi.o(.text)
    .text                                    0x000008b6   Section        0  indicate_semi.o(.text)
    [Anonymous Symbol]                       0x000008b8   Section        0  system_mkl25z4.o(.text.SystemCoreClockUpdate)
    __arm_cp.1_1                             0x00000ab4   Number         4  system_mkl25z4.o(.text.SystemCoreClockUpdate)
    __arm_cp.1_4                             0x00000ab8   Number         4  system_mkl25z4.o(.text.SystemCoreClockUpdate)
    __arm_cp.1_8                             0x00000abc   Number         4  system_mkl25z4.o(.text.SystemCoreClockUpdate)
    __arm_cp.1_9                             0x00000ac0   Number         4  system_mkl25z4.o(.text.SystemCoreClockUpdate)
    __arm_cp.1_11                            0x00000ac4   Number         4  system_mkl25z4.o(.text.SystemCoreClockUpdate)
    [Anonymous Symbol]                       0x00000ac8   Section        0  system_mkl25z4.o(.text.SystemInit)
    __arm_cp.0_0                             0x00000bc8   Number         4  system_mkl25z4.o(.text.SystemInit)
    __arm_cp.0_1                             0x00000bcc   Number         4  system_mkl25z4.o(.text.SystemInit)
    __arm_cp.0_2                             0x00000bd0   Number         4  system_mkl25z4.o(.text.SystemInit)
    __arm_cp.0_3                             0x00000bd4   Number         4  system_mkl25z4.o(.text.SystemInit)
    __arm_cp.0_4                             0x00000bd8   Number         4  system_mkl25z4.o(.text.SystemInit)
    __arm_cp.0_5                             0x00000bdc   Number         4  system_mkl25z4.o(.text.SystemInit)
    __arm_cp.0_6                             0x00000be0   Number         4  system_mkl25z4.o(.text.SystemInit)
    __arm_cp.0_9                             0x00000be4   Number         4  system_mkl25z4.o(.text.SystemInit)
    __arm_cp.0_10                            0x00000be8   Number         4  system_mkl25z4.o(.text.SystemInit)
    __arm_cp.0_11                            0x00000bec   Number         4  system_mkl25z4.o(.text.SystemInit)
    __arm_cp.0_12                            0x00000bf0   Number         4  system_mkl25z4.o(.text.SystemInit)
    __arm_cp.0_13                            0x00000bf4   Number         4  system_mkl25z4.o(.text.SystemInit)
    __arm_cp.0_14                            0x00000bf8   Number         4  system_mkl25z4.o(.text.SystemInit)
    __arm_cp.0_15                            0x00000bfc   Number         4  system_mkl25z4.o(.text.SystemInit)
    __arm_cp.0_16                            0x00000c00   Number         4  system_mkl25z4.o(.text.SystemInit)
    __arm_cp.0_17                            0x00000c04   Number         4  system_mkl25z4.o(.text.SystemInit)
    __arm_cp.0_18                            0x00000c08   Number         4  system_mkl25z4.o(.text.SystemInit)
    __arm_cp.0_19                            0x00000c0c   Number         4  system_mkl25z4.o(.text.SystemInit)
    delay                                    0x00000c11   Thumb Code    38  pwm.o(.text.delay)
    [Anonymous Symbol]                       0x00000c10   Section        0  pwm.o(.text.delay)
    [Anonymous Symbol]                       0x00000c38   Section        0  pwm.o(.text.get_mod_from_freq)
    __arm_cp.0_0                             0x00000c70   Number         4  pwm.o(.text.get_mod_from_freq)
    __arm_cp.0_1                             0x00000c74   Number         4  pwm.o(.text.get_mod_from_freq)
    __arm_cp.0_2                             0x00000c78   Number         4  pwm.o(.text.get_mod_from_freq)
    [Anonymous Symbol]                       0x00000c7c   Section        0  pwm.o(.text.initPWM)
    __arm_cp.1_0                             0x00000cfc   Number         4  pwm.o(.text.initPWM)
    __arm_cp.1_1                             0x00000d00   Number         4  pwm.o(.text.initPWM)
    __arm_cp.1_2                             0x00000d04   Number         4  pwm.o(.text.initPWM)
    __arm_cp.1_3                             0x00000d08   Number         4  pwm.o(.text.initPWM)
    __arm_cp.1_4                             0x00000d0c   Number         4  pwm.o(.text.initPWM)
    __arm_cp.1_5                             0x00000d10   Number         4  pwm.o(.text.initPWM)
    __arm_cp.1_7                             0x00000d14   Number         4  pwm.o(.text.initPWM)
    __arm_cp.1_8                             0x00000d18   Number         4  pwm.o(.text.initPWM)
    __arm_cp.1_9                             0x00000d1c   Number         4  pwm.o(.text.initPWM)
    [Anonymous Symbol]                       0x00000d20   Section        0  pwm.o(.text.main)
    __arm_cp.2_0                             0x00000d7c   Number         4  pwm.o(.text.main)
    __arm_cp.2_1                             0x00000d80   Number         4  pwm.o(.text.main)
    __arm_cp.2_2                             0x00000d84   Number         4  pwm.o(.text.main)
    __arm_cp.2_3                             0x00000d88   Number         4  pwm.o(.text.main)
    __arm_cp.2_4                             0x00000d8c   Number         4  pwm.o(.text.main)
    __arm_cp.2_5                             0x00000d90   Number         4  pwm.o(.text.main)
    ddiv_reciptbl                            0x00000d94   Data         128  ddiv.o(.constdata)
    .constdata                               0x00000d94   Section      128  ddiv.o(.constdata)
    x$fpl$usenofp                            0x00000d94   Section        0  usenofp.o(x$fpl$usenofp)
    .bss                                     0x1ffff020   Section       96  libspace.o(.bss)
    Heap_Mem                                 0x1ffff080   Data           0  startup_mkl25z4.o(HEAP)
    Stack_Mem                                0x1ffff080   Data         256  startup_mkl25z4.o(STACK)
    HEAP                                     0x1ffff080   Section        0  startup_mkl25z4.o(HEAP)
    STACK                                    0x1ffff080   Section      256  startup_mkl25z4.o(STACK)
    __initial_sp                             0x1ffff180   Data           0  startup_mkl25z4.o(STACK)

    Global Symbols

    Symbol Name                              Value     Ov Type        Size  Object(Section)

    BuildAttributes$$THM_ISAv3M$S$PE$A:L22$X:L11$S22$IEEE1$IW$~IW$USESV6$~STKCKD$USESV7$~SHL$OSPACE$ROPI$EBA8$UX$STANDARDLIB$REQ8$PRES8$EABIv2 0x00000000   Number         0  anon$$obj.o ABSOLUTE
    __Vectors                                0x00000000   Data           4  startup_mkl25z4.o(RESET)
    __ARM_exceptions_init                     - Undefined Weak Reference
    __alloca_initialize                       - Undefined Weak Reference
    __arm_preinit_                            - Undefined Weak Reference
    __arm_relocate_pie_                       - Undefined Weak Reference
    __cpp_initialize__aeabi_                  - Undefined Weak Reference
    __cxa_finalize                            - Undefined Weak Reference
    __rt_locale                               - Undefined Weak Reference
    __sigvec_lookup                           - Undefined Weak Reference
    _atexit_init                              - Undefined Weak Reference
    _call_atexit_fns                          - Undefined Weak Reference
    _clock_init                               - Undefined Weak Reference
    _fp_trap_init                             - Undefined Weak Reference
    _fp_trap_shutdown                         - Undefined Weak Reference
    _get_lc_collate                           - Undefined Weak Reference
    _get_lc_ctype                             - Undefined Weak Reference
    _get_lc_monetary                          - Undefined Weak Reference
    _get_lc_numeric                           - Undefined Weak Reference
    _get_lc_time                              - Undefined Weak Reference
    _getenv_init                              - Undefined Weak Reference
    _handle_redirection                       - Undefined Weak Reference
    _init_alloc                               - Undefined Weak Reference
    _init_user_alloc                          - Undefined Weak Reference
    _initio                                   - Undefined Weak Reference
    _rand_init                                - Undefined Weak Reference
    _signal_finish                            - Undefined Weak Reference
    _signal_init                              - Undefined Weak Reference
    _terminate_alloc                          - Undefined Weak Reference
    _terminate_user_alloc                     - Undefined Weak Reference
    _terminateio                              - Undefined Weak Reference
    __Vectors_End                            0x000000c0   Data           0  startup_mkl25z4.o(RESET)
    __Vectors_Size                           0x000000c0   Number         0  startup_mkl25z4.o ABSOLUTE
    __main                                   0x000000c1   Thumb Code     8  __main.o(!!!main)
    __scatterload                            0x000000c9   Thumb Code     0  __scatter.o(!!!scatter)
    __scatterload_rt2                        0x000000c9   Thumb Code    74  __scatter.o(!!!scatter)
    __scatterload_rt2_thumb_only             0x000000c9   Thumb Code     0  __scatter.o(!!!scatter)
    __scatterload_loop                       0x000000d3   Thumb Code     0  __scatter.o(!!!scatter)
    __scatterload_copy                       0x0000011d   Thumb Code    26  __scatter_copy.o(!!handler_copy)
    __scatterload_null                       0x00000139   Thumb Code     2  __scatter.o(!!handler_null)
    __scatterload_zeroinit                   0x0000013d   Thumb Code    28  __scatter_zi.o(!!handler_zi)
    __rt_lib_init                            0x00000159   Thumb Code     0  libinit.o(.ARM.Collect$$libinit$$00000000)
    __rt_lib_init_alloca_1                   0x0000015b   Thumb Code     0  libinit2.o(.ARM.Collect$$libinit$$00000030)
    __rt_lib_init_argv_1                     0x0000015b   Thumb Code     0  libinit2.o(.ARM.Collect$$libinit$$0000002E)
    __rt_lib_init_atexit_1                   0x0000015b   Thumb Code     0  libinit2.o(.ARM.Collect$$libinit$$0000001D)
    __rt_lib_init_clock_1                    0x0000015b   Thumb Code     0  libinit2.o(.ARM.Collect$$libinit$$00000023)
    __rt_lib_init_cpp_1                      0x0000015b   Thumb Code     0  libinit2.o(.ARM.Collect$$libinit$$00000034)
    __rt_lib_init_exceptions_1               0x0000015b   Thumb Code     0  libinit2.o(.ARM.Collect$$libinit$$00000032)
    __rt_lib_init_fp_1                       0x0000015b   Thumb Code     0  libinit2.o(.ARM.Collect$$libinit$$00000002)
    __rt_lib_init_fp_trap_1                  0x0000015b   Thumb Code     0  libinit2.o(.ARM.Collect$$libinit$$00000021)
    __rt_lib_init_getenv_1                   0x0000015b   Thumb Code     0  libinit2.o(.ARM.Collect$$libinit$$00000025)
    __rt_lib_init_heap_1                     0x0000015b   Thumb Code     0  libinit2.o(.ARM.Collect$$libinit$$0000000C)
    __rt_lib_init_lc_collate_1               0x0000015b   Thumb Code     0  libinit2.o(.ARM.Collect$$libinit$$00000013)
    __rt_lib_init_lc_ctype_1                 0x0000015b   Thumb Code     0  libinit2.o(.ARM.Collect$$libinit$$00000015)
    __rt_lib_init_lc_monetary_1              0x0000015b   Thumb Code     0  libinit2.o(.ARM.Collect$$libinit$$00000017)
    __rt_lib_init_lc_numeric_1               0x0000015b   Thumb Code     0  libinit2.o(.ARM.Collect$$libinit$$00000019)
    __rt_lib_init_lc_time_1                  0x0000015b   Thumb Code     0  libinit2.o(.ARM.Collect$$libinit$$0000001B)
    __rt_lib_init_preinit_1                  0x0000015b   Thumb Code     0  libinit2.o(.ARM.Collect$$libinit$$00000006)
    __rt_lib_init_rand_1                     0x0000015b   Thumb Code     0  libinit2.o(.ARM.Collect$$libinit$$00000010)
    __rt_lib_init_relocate_pie_1             0x0000015b   Thumb Code     0  libinit2.o(.ARM.Collect$$libinit$$00000004)
    __rt_lib_init_return                     0x0000015b   Thumb Code     0  libinit2.o(.ARM.Collect$$libinit$$00000035)
    __rt_lib_init_signal_1                   0x0000015b   Thumb Code     0  libinit2.o(.ARM.Collect$$libinit$$0000001F)
    __rt_lib_init_stdio_1                    0x0000015b   Thumb Code     0  libinit2.o(.ARM.Collect$$libinit$$00000027)
    __rt_lib_init_user_alloc_1               0x0000015b   Thumb Code     0  libinit2.o(.ARM.Collect$$libinit$$0000000E)
    __rt_lib_shutdown                        0x0000015d   Thumb Code     0  libshutdown.o(.ARM.Collect$$libshutdown$$00000000)
    __rt_lib_shutdown_cpp_1                  0x0000015f   Thumb Code     0  libshutdown2.o(.ARM.Collect$$libshutdown$$00000002)
    __rt_lib_shutdown_fp_trap_1              0x0000015f   Thumb Code     0  libshutdown2.o(.ARM.Collect$$libshutdown$$00000007)
    __rt_lib_shutdown_heap_1                 0x0000015f   Thumb Code     0  libshutdown2.o(.ARM.Collect$$libshutdown$$0000000F)
    __rt_lib_shutdown_return                 0x0000015f   Thumb Code     0  libshutdown2.o(.ARM.Collect$$libshutdown$$00000010)
    __rt_lib_shutdown_signal_1               0x0000015f   Thumb Code     0  libshutdown2.o(.ARM.Collect$$libshutdown$$0000000A)
    __rt_lib_shutdown_stdio_1                0x0000015f   Thumb Code     0  libshutdown2.o(.ARM.Collect$$libshutdown$$00000004)
    __rt_lib_shutdown_user_alloc_1           0x0000015f   Thumb Code     0  libshutdown2.o(.ARM.Collect$$libshutdown$$0000000C)
    __rt_entry                               0x00000161   Thumb Code     0  __rtentry.o(.ARM.Collect$$rtentry$$00000000)
    __rt_entry_presh_1                       0x00000161   Thumb Code     0  __rtentry2.o(.ARM.Collect$$rtentry$$00000002)
    __rt_entry_sh                            0x00000161   Thumb Code     0  __rtentry4.o(.ARM.Collect$$rtentry$$00000004)
    __rt_entry_li                            0x00000167   Thumb Code     0  __rtentry2.o(.ARM.Collect$$rtentry$$0000000A)
    __rt_entry_postsh_1                      0x00000167   Thumb Code     0  __rtentry2.o(.ARM.Collect$$rtentry$$00000009)
    __rt_entry_main                          0x0000016b   Thumb Code     0  __rtentry2.o(.ARM.Collect$$rtentry$$0000000D)
    __rt_entry_postli_1                      0x0000016b   Thumb Code     0  __rtentry2.o(.ARM.Collect$$rtentry$$0000000C)
    __rt_exit                                0x00000173   Thumb Code     0  rtexit.o(.ARM.Collect$$rtexit$$00000000)
    __rt_exit_ls                             0x00000175   Thumb Code     0  rtexit2.o(.ARM.Collect$$rtexit$$00000003)
    __rt_exit_prels_1                        0x00000175   Thumb Code     0  rtexit2.o(.ARM.Collect$$rtexit$$00000002)
    __rt_exit_exit                           0x00000179   Thumb Code     0  rtexit2.o(.ARM.Collect$$rtexit$$00000004)
    Reset_Handler                            0x00000181   Thumb Code    12  startup_mkl25z4.o(.text)
    NMI_Handler                              0x0000018d   Thumb Code     2  startup_mkl25z4.o(.text)
    HardFault_Handler                        0x0000018f   Thumb Code     2  startup_mkl25z4.o(.text)
    SVC_Handler                              0x00000191   Thumb Code     2  startup_mkl25z4.o(.text)
    PendSV_Handler                           0x00000193   Thumb Code     2  startup_mkl25z4.o(.text)
    SysTick_Handler                          0x00000195   Thumb Code     2  startup_mkl25z4.o(.text)
    ADC0_IRQHandler                          0x00000197   Thumb Code     0  startup_mkl25z4.o(.text)
    CMP0_IRQHandler                          0x00000197   Thumb Code     0  startup_mkl25z4.o(.text)
    DAC0_IRQHandler                          0x00000197   Thumb Code     0  startup_mkl25z4.o(.text)
    DMA0_IRQHandler                          0x00000197   Thumb Code     0  startup_mkl25z4.o(.text)
    DMA1_IRQHandler                          0x00000197   Thumb Code     0  startup_mkl25z4.o(.text)
    DMA2_IRQHandler                          0x00000197   Thumb Code     0  startup_mkl25z4.o(.text)
    DMA3_IRQHandler                          0x00000197   Thumb Code     0  startup_mkl25z4.o(.text)
    DefaultISR                               0x00000197   Thumb Code     0  startup_mkl25z4.o(.text)
    FTFA_IRQHandler                          0x00000197   Thumb Code     0  startup_mkl25z4.o(.text)
    I2C0_IRQHandler                          0x00000197   Thumb Code     0  startup_mkl25z4.o(.text)
    I2C1_IRQHandler                          0x00000197   Thumb Code     0  startup_mkl25z4.o(.text)
    LLWU_IRQHandler                          0x00000197   Thumb Code     0  startup_mkl25z4.o(.text)
    LPTMR0_IRQHandler                        0x00000197   Thumb Code     0  startup_mkl25z4.o(.text)
    LVD_LVW_IRQHandler                       0x00000197   Thumb Code     0  startup_mkl25z4.o(.text)
    MCG_IRQHandler                           0x00000197   Thumb Code     0  startup_mkl25z4.o(.text)
    PIT_IRQHandler                           0x00000197   Thumb Code     0  startup_mkl25z4.o(.text)
    PORTA_IRQHandler                         0x00000197   Thumb Code     0  startup_mkl25z4.o(.text)
    PORTD_IRQHandler                         0x00000197   Thumb Code     0  startup_mkl25z4.o(.text)
    RTC_IRQHandler                           0x00000197   Thumb Code     0  startup_mkl25z4.o(.text)
    RTC_Seconds_IRQHandler                   0x00000197   Thumb Code     0  startup_mkl25z4.o(.text)
    Reserved20_IRQHandler                    0x00000197   Thumb Code     0  startup_mkl25z4.o(.text)
    Reserved39_IRQHandler                    0x00000197   Thumb Code     0  startup_mkl25z4.o(.text)
    Reserved45_IRQHandler                    0x00000197   Thumb Code     0  startup_mkl25z4.o(.text)
    SPI0_IRQHandler                          0x00000197   Thumb Code     0  startup_mkl25z4.o(.text)
    SPI1_IRQHandler                          0x00000197   Thumb Code     0  startup_mkl25z4.o(.text)
    TPM0_IRQHandler                          0x00000197   Thumb Code     0  startup_mkl25z4.o(.text)
    TPM1_IRQHandler                          0x00000197   Thumb Code     0  startup_mkl25z4.o(.text)
    TPM2_IRQHandler                          0x00000197   Thumb Code     0  startup_mkl25z4.o(.text)
    TSI0_IRQHandler                          0x00000197   Thumb Code     0  startup_mkl25z4.o(.text)
    UART0_IRQHandler                         0x00000197   Thumb Code     0  startup_mkl25z4.o(.text)
    UART1_IRQHandler                         0x00000197   Thumb Code     0  startup_mkl25z4.o(.text)
    UART2_IRQHandler                         0x00000197   Thumb Code     0  startup_mkl25z4.o(.text)
    USB0_IRQHandler                          0x00000197   Thumb Code     0  startup_mkl25z4.o(.text)
    __user_initial_stackheap                 0x0000019d   Thumb Code     0  startup_mkl25z4.o(.text)
    __aeabi_uidiv                            0x000001c1   Thumb Code     0  aeabi_sdiv.o(.text)
    __aeabi_uidivmod                         0x000001c1   Thumb Code    20  aeabi_sdiv.o(.text)
    __aeabi_idiv                             0x000001d5   Thumb Code     0  aeabi_sdiv.o(.text)
    __aeabi_idivmod                          0x000001d5   Thumb Code   338  aeabi_sdiv.o(.text)
    __use_two_region_memory                  0x0000032d   Thumb Code     2  heapauxi.o(.text)
    __rt_heap_escrow$2region                 0x0000032f   Thumb Code     2  heapauxi.o(.text)
    __rt_heap_expand$2region                 0x00000331   Thumb Code     2  heapauxi.o(.text)
    __aeabi_d2iz                             0x00000335   Thumb Code     0  dfixi.o(.text)
    _dfix                                    0x00000335   Thumb Code    98  dfixi.o(.text)
    __aeabi_i2d_normalise                    0x000003a1   Thumb Code    66  dflti.o(.text)
    __aeabi_i2d                              0x000003e3   Thumb Code    16  dflti.o(.text)
    _dflt                                    0x000003e3   Thumb Code     0  dflti.o(.text)
    __aeabi_ui2d                             0x000003f3   Thumb Code     6  dflti.o(.text)
    _dfltu                                   0x000003f3   Thumb Code     0  dflti.o(.text)
    __user_libspace                          0x000003f9   Thumb Code     8  libspace.o(.text)
    __user_perproc_libspace                  0x000003f9   Thumb Code     0  libspace.o(.text)
    __user_perthread_libspace                0x000003f9   Thumb Code     0  libspace.o(.text)
    __aeabi_ddiv                             0x00000411   Thumb Code     0  ddiv.o(.text)
    _ddiv                                    0x00000411   Thumb Code  1072  ddiv.o(.text)
    _drdiv                                   0x00000841   Thumb Code    20  ddiv.o(.text)
    __user_setup_stackheap                   0x00000859   Thumb Code    62  sys_stackheap_outer.o(.text)
    exit                                     0x00000897   Thumb Code    16  exit.o(.text)
    _sys_exit                                0x000008a9   Thumb Code     8  sys_exit.o(.text)
    __I$use$semihosting                      0x000008b5   Thumb Code     0  use_no_semi.o(.text)
    __use_no_semihosting_swi                 0x000008b5   Thumb Code     2  use_no_semi.o(.text)
    __semihosting_library_function           0x000008b7   Thumb Code     0  indicate_semi.o(.text)
    SystemCoreClockUpdate                    0x000008b9   Thumb Code   508  system_mkl25z4.o(.text.SystemCoreClockUpdate)
    SystemInit                               0x00000ac9   Thumb Code   256  system_mkl25z4.o(.text.SystemInit)
    get_mod_from_freq                        0x00000c39   Thumb Code    56  pwm.o(.text.get_mod_from_freq)
    initPWM                                  0x00000c7d   Thumb Code   128  pwm.o(.text.initPWM)
    main                                     0x00000d21   Thumb Code    92  pwm.o(.text.main)
    __I$use$fp                               0x00000d94   Number         0  usenofp.o(x$fpl$usenofp)
    Region$$Table$$Base                      0x00000e14   Number         0  anon$$obj.o(Region$$Table)
    Region$$Table$$Limit                     0x00000e34   Number         0  anon$$obj.o(Region$$Table)
    SystemCoreClock                          0x1ffff000   Data           4  system_mkl25z4.o(.data.SystemCoreClock)
    notes_freq                               0x1ffff004   Data          28  pwm.o(.data.notes_freq)
    __libspace_start                         0x1ffff020   Data          96  libspace.o(.bss)
    __temporary_stack_top$libspace           0x1ffff080   Data           0  libspace.o(.bss)



==============================================================================

Memory Map of the image

  Image Entry point : 0x00000181

  Load Region LR_1 (Base: 0x00000000, Size: 0x00000e54, Max: 0xffffffff, ABSOLUTE)

    Execution Region ER_RO (Exec base: 0x00000000, Load base: 0x00000000, Size: 0x00000e34, Max: 0xffffffff, ABSOLUTE)

    Exec Addr    Load Addr    Size         Type   Attr      Idx    E Section Name        Object

    0x00000000   0x00000000   0x000000c0   Data   RO           20    RESET               startup_mkl25z4.o
    0x000000c0   0x000000c0   0x00000008   Code   RO           50  * !!!main             c_p.l(__main.o)
    0x000000c8   0x000000c8   0x00000054   Code   RO          235    !!!scatter          c_p.l(__scatter.o)
    0x0000011c   0x0000011c   0x0000001a   Code   RO          239    !!handler_copy      c_p.l(__scatter_copy.o)
    0x00000136   0x00000136   0x00000002   PAD
    0x00000138   0x00000138   0x00000002   Code   RO          236    !!handler_null      c_p.l(__scatter.o)
    0x0000013a   0x0000013a   0x00000002   PAD
    0x0000013c   0x0000013c   0x0000001c   Code   RO          241    !!handler_zi        c_p.l(__scatter_zi.o)
    0x00000158   0x00000158   0x00000002   Code   RO           96    .ARM.Collect$$libinit$$00000000  c_p.l(libinit.o)
    0x0000015a   0x0000015a   0x00000000   Code   RO          110    .ARM.Collect$$libinit$$00000002  c_p.l(libinit2.o)
    0x0000015a   0x0000015a   0x00000000   Code   RO          112    .ARM.Collect$$libinit$$00000004  c_p.l(libinit2.o)
    0x0000015a   0x0000015a   0x00000000   Code   RO          114    .ARM.Collect$$libinit$$00000006  c_p.l(libinit2.o)
    0x0000015a   0x0000015a   0x00000000   Code   RO          117    .ARM.Collect$$libinit$$0000000C  c_p.l(libinit2.o)
    0x0000015a   0x0000015a   0x00000000   Code   RO          119    .ARM.Collect$$libinit$$0000000E  c_p.l(libinit2.o)
    0x0000015a   0x0000015a   0x00000000   Code   RO          121    .ARM.Collect$$libinit$$00000010  c_p.l(libinit2.o)
    0x0000015a   0x0000015a   0x00000000   Code   RO          124    .ARM.Collect$$libinit$$00000013  c_p.l(libinit2.o)
    0x0000015a   0x0000015a   0x00000000   Code   RO          126    .ARM.Collect$$libinit$$00000015  c_p.l(libinit2.o)
    0x0000015a   0x0000015a   0x00000000   Code   RO          128    .ARM.Collect$$libinit$$00000017  c_p.l(libinit2.o)
    0x0000015a   0x0000015a   0x00000000   Code   RO          130    .ARM.Collect$$libinit$$00000019  c_p.l(libinit2.o)
    0x0000015a   0x0000015a   0x00000000   Code   RO          132    .ARM.Collect$$libinit$$0000001B  c_p.l(libinit2.o)
    0x0000015a   0x0000015a   0x00000000   Code   RO          134    .ARM.Collect$$libinit$$0000001D  c_p.l(libinit2.o)
    0x0000015a   0x0000015a   0x00000000   Code   RO          136    .ARM.Collect$$libinit$$0000001F  c_p.l(libinit2.o)
    0x0000015a   0x0000015a   0x00000000   Code   RO          138    .ARM.Collect$$libinit$$00000021  c_p.l(libinit2.o)
    0x0000015a   0x0000015a   0x00000000   Code   RO          140    .ARM.Collect$$libinit$$00000023  c_p.l(libinit2.o)
    0x0000015a   0x0000015a   0x00000000   Code   RO          142    .ARM.Collect$$libinit$$00000025  c_p.l(libinit2.o)
    0x0000015a   0x0000015a   0x00000000   Code   RO          144    .ARM.Collect$$libinit$$00000027  c_p.l(libinit2.o)
    0x0000015a   0x0000015a   0x00000000   Code   RO          148    .ARM.Collect$$libinit$$0000002E  c_p.l(libinit2.o)
    0x0000015a   0x0000015a   0x00000000   Code   RO          150    .ARM.Collect$$libinit$$00000030  c_p.l(libinit2.o)
    0x0000015a   0x0000015a   0x00000000   Code   RO          152    .ARM.Collect$$libinit$$00000032  c_p.l(libinit2.o)
    0x0000015a   0x0000015a   0x00000000   Code   RO          154    .ARM.Collect$$libinit$$00000034  c_p.l(libinit2.o)
    0x0000015a   0x0000015a   0x00000002   Code   RO          155    .ARM.Collect$$libinit$$00000035  c_p.l(libinit2.o)
    0x0000015c   0x0000015c   0x00000002   Code   RO          190    .ARM.Collect$$libshutdown$$00000000  c_p.l(libshutdown.o)
    0x0000015e   0x0000015e   0x00000000   Code   RO          218    .ARM.Collect$$libshutdown$$00000002  c_p.l(libshutdown2.o)
    0x0000015e   0x0000015e   0x00000000   Code   RO          220    .ARM.Collect$$libshutdown$$00000004  c_p.l(libshutdown2.o)
    0x0000015e   0x0000015e   0x00000000   Code   RO          223    .ARM.Collect$$libshutdown$$00000007  c_p.l(libshutdown2.o)
    0x0000015e   0x0000015e   0x00000000   Code   RO          226    .ARM.Collect$$libshutdown$$0000000A  c_p.l(libshutdown2.o)
    0x0000015e   0x0000015e   0x00000000   Code   RO          228    .ARM.Collect$$libshutdown$$0000000C  c_p.l(libshutdown2.o)
    0x0000015e   0x0000015e   0x00000000   Code   RO          231    .ARM.Collect$$libshutdown$$0000000F  c_p.l(libshutdown2.o)
    0x0000015e   0x0000015e   0x00000002   Code   RO          232    .ARM.Collect$$libshutdown$$00000010  c_p.l(libshutdown2.o)
    0x00000160   0x00000160   0x00000000   Code   RO           59    .ARM.Collect$$rtentry$$00000000  c_p.l(__rtentry.o)
    0x00000160   0x00000160   0x00000000   Code   RO           66    .ARM.Collect$$rtentry$$00000002  c_p.l(__rtentry2.o)
    0x00000160   0x00000160   0x00000006   Code   RO           78    .ARM.Collect$$rtentry$$00000004  c_p.l(__rtentry4.o)
    0x00000166   0x00000166   0x00000000   Code   RO           68    .ARM.Collect$$rtentry$$00000009  c_p.l(__rtentry2.o)
    0x00000166   0x00000166   0x00000004   Code   RO           69    .ARM.Collect$$rtentry$$0000000A  c_p.l(__rtentry2.o)
    0x0000016a   0x0000016a   0x00000000   Code   RO           71    .ARM.Collect$$rtentry$$0000000C  c_p.l(__rtentry2.o)
    0x0000016a   0x0000016a   0x00000008   Code   RO           72    .ARM.Collect$$rtentry$$0000000D  c_p.l(__rtentry2.o)
    0x00000172   0x00000172   0x00000002   Code   RO          101    .ARM.Collect$$rtexit$$00000000  c_p.l(rtexit.o)
    0x00000174   0x00000174   0x00000000   Code   RO          161    .ARM.Collect$$rtexit$$00000002  c_p.l(rtexit2.o)
    0x00000174   0x00000174   0x00000004   Code   RO          162    .ARM.Collect$$rtexit$$00000003  c_p.l(rtexit2.o)
    0x00000178   0x00000178   0x00000006   Code   RO          163    .ARM.Collect$$rtexit$$00000004  c_p.l(rtexit2.o)
    0x0000017e   0x0000017e   0x00000002   PAD
    0x00000180   0x00000180   0x00000040   Code   RO           22  * .text               startup_mkl25z4.o
    0x000001c0   0x000001c0   0x0000016c   Code   RO           44    .text               c_p.l(aeabi_sdiv.o)
    0x0000032c   0x0000032c   0x00000006   Code   RO           48    .text               c_p.l(heapauxi.o)
    0x00000332   0x00000332   0x00000002   PAD
    0x00000334   0x00000334   0x0000006c   Code   RO           55    .text               fz_ps.l(dfixi.o)
    0x000003a0   0x000003a0   0x00000058   Code   RO           57    .text               fz_ps.l(dflti.o)
    0x000003f8   0x000003f8   0x00000008   Code   RO           97    .text               c_p.l(libspace.o)
    0x00000400   0x00000400   0x00000010   Code   RO           21    .ARM.__at_0x400     startup_mkl25z4.o
    0x00000410   0x00000410   0x00000448   Code   RO           52    .text               fz_ps.l(ddiv.o)
    0x00000858   0x00000858   0x0000003e   Code   RO           82    .text               c_p.l(sys_stackheap_outer.o)
    0x00000896   0x00000896   0x00000010   Code   RO           85    .text               c_p.l(exit.o)
    0x000008a6   0x000008a6   0x00000002   PAD
    0x000008a8   0x000008a8   0x0000000c   Code   RO          156    .text               c_p.l(sys_exit.o)
    0x000008b4   0x000008b4   0x00000002   Code   RO          179    .text               c_p.l(use_no_semi.o)
    0x000008b6   0x000008b6   0x00000000   Code   RO          181    .text               c_p.l(indicate_semi.o)
    0x000008b6   0x000008b6   0x00000002   PAD
    0x000008b8   0x000008b8   0x00000210   Code   RO           33    .text.SystemCoreClockUpdate  system_mkl25z4.o
    0x00000ac8   0x00000ac8   0x00000148   Code   RO           31    .text.SystemInit    system_mkl25z4.o
    0x00000c10   0x00000c10   0x00000026   Code   RO            8    .text.delay         pwm.o
    0x00000c36   0x00000c36   0x00000002   PAD
    0x00000c38   0x00000c38   0x00000044   Code   RO            2    .text.get_mod_from_freq  pwm.o
    0x00000c7c   0x00000c7c   0x000000a4   Code   RO            4    .text.initPWM       pwm.o
    0x00000d20   0x00000d20   0x00000074   Code   RO            6    .text.main          pwm.o
    0x00000d94   0x00000d94   0x00000000   Code   RO           64    x$fpl$usenofp       fz_ps.l(usenofp.o)
    0x00000d94   0x00000d94   0x00000080   Data   RO           53    .constdata          fz_ps.l(ddiv.o)
    0x00000e14   0x00000e14   0x00000020   Data   RO          234    Region$$Table       anon$$obj.o


    Execution Region ER_RW (Exec base: 0x1ffff000, Load base: 0x00000e34, Size: 0x00000020, Max: 0xffffffff, ABSOLUTE)

    Exec Addr    Load Addr    Size         Type   Attr      Idx    E Section Name        Object

    0x1ffff000   0x00000e34   0x00000004   Data   RW           35    .data.SystemCoreClock  system_mkl25z4.o
    0x1ffff004   0x00000e38   0x0000001c   Data   RW           10    .data.notes_freq    pwm.o


    Execution Region ER_ZI (Exec base: 0x1ffff020, Load base: 0x00000e54, Size: 0x00000160, Max: 0xffffffff, ABSOLUTE)

    Exec Addr    Load Addr    Size         Type   Attr      Idx    E Section Name        Object

    0x1ffff020        -       0x00000060   Zero   RW           98    .bss                c_p.l(libspace.o)
    0x1ffff080        -       0x00000000   Zero   RW           19    HEAP                startup_mkl25z4.o
    0x1ffff080        -       0x00000100   Zero   RW           18    STACK               startup_mkl25z4.o


==============================================================================

Image component sizes


      Code (inc. data)   RO Data    RW Data    ZI Data      Debug   Object Name

       386         72          0         28          0       2513   pwm.o
        80         44        192          0        256        860   startup_mkl25z4.o
       856         92          0          4          0       3304   system_mkl25z4.o

    ----------------------------------------------------------------------
      1324        208        224         32        256       6677   Object Totals
         0          0         32          0          0          0   (incl. Generated)
         2          0          0          0          0          0   (incl. Padding)

    ----------------------------------------------------------------------

      Code (inc. data)   RO Data    RW Data    ZI Data      Debug   Library Member Name

         8          0          0          0          0         68   __main.o
         0          0          0          0          0          0   __rtentry.o
        12          0          0          0          0          0   __rtentry2.o
         6          0          0          0          0          0   __rtentry4.o
        86         10          0          0          0          0   __scatter.o
        26          0          0          0          0          0   __scatter_copy.o
        28          0          0          0          0          0   __scatter_zi.o
       364          4          0          0          0         92   aeabi_sdiv.o
        16          0          0          0          0         68   exit.o
         6          0          0          0          0        136   heapauxi.o
         0          0          0          0          0          0   indicate_semi.o
         2          0          0          0          0          0   libinit.o
         2          0          0          0          0          0   libinit2.o
         2          0          0          0          0          0   libshutdown.o
         2          0          0          0          0          0   libshutdown2.o
         8          4          0          0         96         68   libspace.o
         2          0          0          0          0          0   rtexit.o
        10          0          0          0          0          0   rtexit2.o
        12          4          0          0          0         60   sys_exit.o
        62          0          0          0          0         80   sys_stackheap_outer.o
         2          0          0          0          0         68   use_no_semi.o
      1096         26        128          0          0        112   ddiv.o
       108         10          0          0          0         72   dfixi.o
        88          0          0          0          0         92   dflti.o
         0          0          0          0          0          0   usenofp.o

    ----------------------------------------------------------------------
      1960         58        128          0         96        916   Library Totals
        12          0          0          0          0          0   (incl. Padding)

    ----------------------------------------------------------------------

      Code (inc. data)   RO Data    RW Data    ZI Data      Debug   Library Name

       656         22          0          0         96        640   c_p.l
      1292         36        128          0          0        276   fz_ps.l

    ----------------------------------------------------------------------
      1960         58        128          0         96        916   Library Totals

    ----------------------------------------------------------------------

==============================================================================


      Code (inc. data)   RO Data    RW Data    ZI Data      Debug   

      3284        266        352         32        352       7365   Grand Totals
      3284        266        352         32        352       7365   ELF Image Totals
      3284        266        352         32          0          0   ROM Totals

==============================================================================

    Total RO  Size (Code + RO Data)                 3636 (   3.55kB)
    Total RW  Size (RW Data + ZI Data)               384 (   0.38kB)
    Total ROM Size (Code + RO Data + RW Data)       3668 (   3.58kB)

==============================================================================

